Component: ARM Compiler 5.05 update 1 (build 106) Tool: armlink [4d0efa]

==============================================================================

Section Cross References

    startup_stm32f407xx.o(STACK) refers (Special) to heapauxi.o(.text) for __use_two_region_memory
    startup_stm32f407xx.o(HEAP) refers (Special) to heapauxi.o(.text) for __use_two_region_memory
    startup_stm32f407xx.o(RESET) refers (Special) to heapauxi.o(.text) for __use_two_region_memory
    startup_stm32f407xx.o(RESET) refers to startup_stm32f407xx.o(STACK) for __initial_sp
    startup_stm32f407xx.o(RESET) refers to startup_stm32f407xx.o(.text) for Reset_Handler
    startup_stm32f407xx.o(RESET) refers to stm32f4xx_it.o(i.NMI_Handler) for NMI_Handler
    startup_stm32f407xx.o(RESET) refers to stm32f4xx_it.o(i.HardFault_Handler) for HardFault_Handler
    startup_stm32f407xx.o(RESET) refers to stm32f4xx_it.o(i.MemManage_Handler) for MemManage_Handler
    startup_stm32f407xx.o(RESET) refers to stm32f4xx_it.o(i.BusFault_Handler) for BusFault_Handler
    startup_stm32f407xx.o(RESET) refers to stm32f4xx_it.o(i.UsageFault_Handler) for UsageFault_Handler
    startup_stm32f407xx.o(RESET) refers to port.o(.emb_text) for SVC_Handler
    startup_stm32f407xx.o(RESET) refers to stm32f4xx_it.o(i.DebugMon_Handler) for DebugMon_Handler
    startup_stm32f407xx.o(RESET) refers to stm32f4xx_it.o(i.SysTick_Handler) for SysTick_Handler
    startup_stm32f407xx.o(RESET) refers to stm32f4xx_it.o(i.EXTI0_IRQHandler) for EXTI0_IRQHandler
    startup_stm32f407xx.o(RESET) refers to stm32f4xx_it.o(i.EXTI3_IRQHandler) for EXTI3_IRQHandler
    startup_stm32f407xx.o(RESET) refers to stm32f4xx_it.o(i.EXTI4_IRQHandler) for EXTI4_IRQHandler
    startup_stm32f407xx.o(RESET) refers to stm32f4xx_it.o(i.DMA1_Stream1_IRQHandler) for DMA1_Stream1_IRQHandler
    startup_stm32f407xx.o(RESET) refers to stm32f4xx_it.o(i.CAN1_TX_IRQHandler) for CAN1_TX_IRQHandler
    startup_stm32f407xx.o(RESET) refers to stm32f4xx_it.o(i.CAN1_RX0_IRQHandler) for CAN1_RX0_IRQHandler
    startup_stm32f407xx.o(RESET) refers to stm32f4xx_it.o(i.CAN1_RX1_IRQHandler) for CAN1_RX1_IRQHandler
    startup_stm32f407xx.o(RESET) refers to stm32f4xx_it.o(i.EXTI9_5_IRQHandler) for EXTI9_5_IRQHandler
    startup_stm32f407xx.o(RESET) refers to ins_task.o(i.DMA2_Stream2_IRQHandler) for DMA2_Stream2_IRQHandler
    startup_stm32f407xx.o(.text) refers (Special) to heapauxi.o(.text) for __use_two_region_memory
    startup_stm32f407xx.o(.text) refers to system_stm32f4xx.o(i.SystemInit) for SystemInit
    startup_stm32f407xx.o(.text) refers to __main.o(!!!main) for __main
    startup_stm32f407xx.o(.text) refers to startup_stm32f407xx.o(HEAP) for Heap_Mem
    startup_stm32f407xx.o(.text) refers to startup_stm32f407xx.o(STACK) for Stack_Mem
    main.o(i.BSP_Init) refers to gpio.o(i.MX_GPIO_Init) for MX_GPIO_Init
    main.o(i.BSP_Init) refers to dma.o(i.MX_DMA_Init) for MX_DMA_Init
    main.o(i.BSP_Init) refers to spi.o(i.MX_SPI1_Init) for MX_SPI1_Init
    main.o(i.BSP_Init) refers to tim.o(i.MX_TIM5_Init) for MX_TIM5_Init
    main.o(i.BSP_Init) refers to i2c.o(i.MX_I2C3_Init) for MX_I2C3_Init
    main.o(i.BSP_Init) refers to tim.o(i.MX_TIM10_Init) for MX_TIM10_Init
    main.o(i.BSP_Init) refers to usart.o(i.MX_USART3_UART_Init) for MX_USART3_UART_Init
    main.o(i.BSP_Init) refers to can.o(i.MX_CAN1_Init) for MX_CAN1_Init
    main.o(i.BSP_Init) refers to tim.o(i.MX_TIM8_Init) for MX_TIM8_Init
    main.o(i.SystemClock_Config) refers to rt_memclr_w.o(.text) for __aeabi_memclr4
    main.o(i.SystemClock_Config) refers to stm32f4xx_hal_rcc.o(i.HAL_RCC_OscConfig) for HAL_RCC_OscConfig
    main.o(i.SystemClock_Config) refers to main.o(i.Error_Handler) for Error_Handler
    main.o(i.SystemClock_Config) refers to stm32f4xx_hal_rcc.o(i.HAL_RCC_ClockConfig) for HAL_RCC_ClockConfig
    main.o(i.main) refers to stm32f4xx_hal.o(i.HAL_Init) for HAL_Init
    main.o(i.main) refers to main.o(i.SystemClock_Config) for SystemClock_Config
    main.o(i.main) refers to main.o(i.BSP_Init) for BSP_Init
    main.o(i.main) refers to motorsmiddleware.o(i.motor_can_filter_init) for motor_can_filter_init
    main.o(i.main) refers to servomiddleware.o(i.servo_PWM_init) for servo_PWM_init
    main.o(i.main) refers to bsp_delay.o(i.delay_init) for delay_init
    main.o(i.main) refers to freertos.o(i.MX_FREERTOS_Init) for MX_FREERTOS_Init
    main.o(i.main) refers to cmsis_os.o(i.osKernelStart) for osKernelStart
    main.o(i.main) refers to can.o(.bss) for hcan1
    main.o(i.main) refers to tim.o(.bss) for htim8
    gpio.o(i.MX_GPIO_Init) refers to rt_memclr_w.o(.text) for __aeabi_memclr4
    gpio.o(i.MX_GPIO_Init) refers to stm32f4xx_hal_gpio.o(i.HAL_GPIO_WritePin) for HAL_GPIO_WritePin
    gpio.o(i.MX_GPIO_Init) refers to stm32f4xx_hal_gpio.o(i.HAL_GPIO_Init) for HAL_GPIO_Init
    gpio.o(i.MX_GPIO_Init) refers to stm32f4xx_hal_cortex.o(i.HAL_NVIC_SetPriority) for HAL_NVIC_SetPriority
[...]
    defsig_general.o(.text) refers to sys_wrch.o(.text) for _ttywrch
    argv_veneer.o(.emb_text) refers to no_argv.o(.text) for __ARM_get_argv
    sys_wrch.o(.text) refers (Special) to use_no_semi.o(.text) for __I$use$semihosting
    sys_wrch.o(.text) refers (Special) to indicate_semi.o(.text) for __semihosting_library_function
    defsig.o(CL$$defsig) refers to defsig_fpe_inner.o(.text) for __rt_SIGFPE_inner
    defsig.o(CL$$defsig) refers to defsig_rtmem_inner.o(.text) for __rt_SIGRTMEM_inner
    _get_argv_nomalloc.o(.text) refers (Special) to hrguard.o(.text) for __heap_region$guard
    _get_argv_nomalloc.o(.text) refers to defsig_rtmem_outer.o(.text) for __rt_SIGRTMEM
    _get_argv_nomalloc.o(.text) refers to sys_command.o(.text) for _sys_command_string
    libshutdown.o(.ARM.Collect$$libshutdown$$00000000) refers (Special) to libshutdown2.o(.ARM.Collect$$libshutdown$$00000006) for __rt_lib_shutdown_fp_trap_1
    libshutdown.o(.ARM.Collect$$libshutdown$$00000000) refers (Special) to libshutdown2.o(.ARM.Collect$$libshutdown$$0000000E) for __rt_lib_shutdown_heap_1
    libshutdown.o(.ARM.Collect$$libshutdown$$00000000) refers (Special) to libshutdown2.o(.ARM.Collect$$libshutdown$$0000000F) for __rt_lib_shutdown_return
    libshutdown.o(.ARM.Collect$$libshutdown$$00000000) refers (Special) to libshutdown2.o(.ARM.Collect$$libshutdown$$00000009) for __rt_lib_shutdown_signal_1
    libshutdown.o(.ARM.Collect$$libshutdown$$00000000) refers (Special) to libshutdown2.o(.ARM.Collect$$libshutdown$$00000003) for __rt_lib_shutdown_stdio_1
    libshutdown.o(.ARM.Collect$$libshutdown$$00000000) refers (Special) to libshutdown2.o(.ARM.Collect$$libshutdown$$0000000B) for __rt_lib_shutdown_user_alloc_1
    sys_command.o(.text) refers (Special) to use_no_semi.o(.text) for __I$use$semihosting
    sys_command.o(.text) refers (Special) to indicate_semi.o(.text) for __semihosting_library_function
    defsig_abrt_inner.o(.text) refers to defsig_general.o(.text) for __default_signal_display
    defsig_rtred_inner.o(.text) refers to defsig_general.o(.text) for __default_signal_display
    defsig_rtmem_inner.o(.text) refers to defsig_general.o(.text) for __default_signal_display
    defsig_rtmem_outer.o(.text) refers to defsig_rtmem_inner.o(.text) for __rt_SIGRTMEM_inner
    defsig_rtmem_outer.o(.text) refers to defsig_exit.o(.text) for __sig_exit
    defsig_rtmem_formal.o(.text) refers to rt_raise.o(.text) for __rt_raise
    defsig_stak_inner.o(.text) refers to defsig_general.o(.text) for __default_signal_display
    defsig_pvfn_inner.o(.text) refers to defsig_general.o(.text) for __default_signal_display
    defsig_cppl_inner.o(.text) refers to defsig_general.o(.text) for __default_signal_display
    defsig_segv_inner.o(.text) refers to defsig_general.o(.text) for __default_signal_display
    defsig_other.o(.text) refers to defsig_general.o(.text) for __default_signal_display


==============================================================================

Removing Unused input sections from the image.

    Removing main.o(.rev16_text), (4 bytes).
    Removing main.o(.revsh_text), (4 bytes).
    Removing main.o(.rrx_text), (6 bytes).
    Removing gpio.o(.rev16_text), (4 bytes).
    Removing gpio.o(.revsh_text), (4 bytes).
    Removing gpio.o(.rrx_text), (6 bytes).
    Removing freertos.o(.rev16_text), (4 bytes).
    Removing freertos.o(.revsh_text), (4 bytes).
    Removing freertos.o(.rrx_text), (6 bytes).
    Removing freertos.o(i.test_task), (10 bytes).
    Removing can.o(.rev16_text), (4 bytes).
    Removing can.o(.revsh_text), (4 bytes).
    Removing can.o(.rrx_text), (6 bytes).
    Removing can.o(i.HAL_CAN_MspDeInit), (64 bytes).
    Removing dma.o(.rev16_text), (4 bytes).
    Removing dma.o(.revsh_text), (4 bytes).
    Removing dma.o(.rrx_text), (6 bytes).
    Removing i2c.o(.rev16_text), (4 bytes).
    Removing i2c.o(.revsh_text), (4 bytes).
    Removing i2c.o(.rrx_text), (6 bytes).
    Removing i2c.o(i.HAL_I2C_MspDeInit), (60 bytes).
    Removing spi.o(.rev16_text), (4 bytes).
    Removing spi.o(.revsh_text), (4 bytes).
    Removing spi.o(.rrx_text), (6 bytes).
    Removing spi.o(i.HAL_SPI_MspDeInit), (72 bytes).
    Removing tim.o(.rev16_text), (4 bytes).
    Removing tim.o(.revsh_text), (4 bytes).
    Removing tim.o(.rrx_text), (6 bytes).
    Removing tim.o(i.HAL_TIM_Base_MspDeInit), (60 bytes).
    Removing tim.o(i.HAL_TIM_PWM_MspDeInit), (32 bytes).
    Removing usart.o(.rev16_text), (4 bytes).
    Removing usart.o(.revsh_text), (4 bytes).
    Removing usart.o(.rrx_text), (6 bytes).
    Removing usart.o(i.HAL_UART_MspDeInit), (56 bytes).
    Removing stm32f4xx_it.o(.rev16_text), (4 bytes).
    Removing stm32f4xx_it.o(.revsh_text), (4 bytes).
    Removing stm32f4xx_it.o(.rrx_text), (6 bytes).
    Removing stm32f4xx_hal_msp.o(.rev16_text), (4 bytes).
    Removing stm32f4xx_hal_msp.o(.revsh_text), (4 bytes).
    Removing stm32f4xx_hal_msp.o(.rrx_text), (6 bytes).
    Removing stm32f4xx_hal_can.o(.rev16_text), (4 bytes).
    Removing stm32f4xx_hal_can.o(.revsh_text), (4 bytes).
    Removing stm32f4xx_hal_can.o(.rrx_text), (6 bytes).
    Removing stm32f4xx_hal_can.o(i.HAL_CAN_AbortTxRequest), (86 bytes).
    Removing stm32f4xx_hal_can.o(i.HAL_CAN_DeInit), (46 bytes).
    Removing stm32f4xx_hal_can.o(i.HAL_CAN_DeactivateNotification), (42 bytes).
    Removing stm32f4xx_hal_can.o(i.HAL_CAN_GetError), (6 bytes).
    Removing stm32f4xx_hal_can.o(i.HAL_CAN_GetRxFifoFillLevel), (40 bytes).
    Removing stm32f4xx_hal_can.o(i.HAL_CAN_GetState), (42 bytes).
    Removing stm32f4xx_hal_can.o(i.HAL_CAN_GetTxMailboxesFreeLevel), (54 bytes).
    Removing stm32f4xx_hal_can.o(i.HAL_CAN_GetTxTimestamp), (42 bytes).
    Removing stm32f4xx_hal_can.o(i.HAL_CAN_IsSleepActive), (30 bytes).
    Removing stm32f4xx_hal_can.o(i.HAL_CAN_IsTxMessagePending), (36 bytes).
    Removing stm32f4xx_hal_can.o(i.HAL_CAN_MspDeInit), (2 bytes).
    Removing stm32f4xx_hal_can.o(i.HAL_CAN_MspInit), (2 bytes).
    Removing stm32f4xx_hal_can.o(i.HAL_CAN_RequestSleep), (42 bytes).
    Removing stm32f4xx_hal_can.o(i.HAL_CAN_ResetError), (34 bytes).
    Removing stm32f4xx_hal_can.o(i.HAL_CAN_RxFifo0MsgPendingCallback), (2 bytes).
    Removing stm32f4xx_hal_can.o(i.HAL_CAN_Stop), (106 bytes).
    Removing stm32f4xx_hal_can.o(i.HAL_CAN_WakeUp), (92 bytes).
    Removing stm32f4xx_hal_rcc.o(.rev16_text), (4 bytes).
    Removing stm32f4xx_hal_rcc.o(.revsh_text), (4 bytes).
    Removing stm32f4xx_hal_rcc.o(.rrx_text), (6 bytes).
    Removing stm32f4xx_hal_rcc.o(i.HAL_RCC_CSSCallback), (2 bytes).
    Removing stm32f4xx_hal_rcc.o(i.HAL_RCC_DeInit), (4 bytes).
    Removing stm32f4xx_hal_rcc.o(i.HAL_RCC_DisableCSS), (12 bytes).
    Removing stm32f4xx_hal_rcc.o(i.HAL_RCC_EnableCSS), (12 bytes).
    Removing stm32f4xx_hal_rcc.o(i.HAL_RCC_GetClockConfig), (68 bytes).
    Removing stm32f4xx_hal_rcc.o(i.HAL_RCC_GetOscConfig), (244 bytes).
    Removing stm32f4xx_hal_rcc.o(i.HAL_RCC_MCOConfig), (192 bytes).
    Removing stm32f4xx_hal_rcc.o(i.HAL_RCC_NMI_IRQHandler), (32 bytes).
    Removing stm32f4xx_hal_rcc_ex.o(.rev16_text), (4 bytes).
    Removing stm32f4xx_hal_rcc_ex.o(.revsh_text), (4 bytes).
    Removing stm32f4xx_hal_rcc_ex.o(.rrx_text), (6 bytes).
    Removing stm32f4xx_hal_rcc_ex.o(i.HAL_RCCEx_DisablePLLI2S), (56 bytes).
    Removing stm32f4xx_hal_rcc_ex.o(i.HAL_RCCEx_EnablePLLI2S), (112 bytes).
    Removing stm32f4xx_hal_rcc_ex.o(i.HAL_RCCEx_GetPeriphCLKConfig), (56 bytes).
    Removing stm32f4xx_hal_rcc_ex.o(i.HAL_RCCEx_GetPeriphCLKFreq), (144 bytes).
    Removing stm32f4xx_hal_rcc_ex.o(i.HAL_RCCEx_PeriphCLKConfig), (416 bytes).
    Removing stm32f4xx_hal_rcc_ex.o(i.HAL_RCC_DeInit), (376 bytes).
    Removing stm32f4xx_hal_flash.o(.rev16_text), (4 bytes).
    Removing stm32f4xx_hal_flash.o(.revsh_text), (4 bytes).
    Removing stm32f4xx_hal_flash.o(.rrx_text), (6 bytes).
    Removing stm32f4xx_hal_flash.o(i.FLASH_Program_Byte), (36 bytes).
    Removing stm32f4xx_hal_flash.o(i.FLASH_Program_DoubleWord), (44 bytes).
    Removing stm32f4xx_hal_flash.o(i.FLASH_Program_HalfWord), (40 bytes).
    Removing stm32f4xx_hal_flash.o(i.FLASH_Program_Word), (40 bytes).
    Removing stm32f4xx_hal_flash.o(i.FLASH_SetErrorCode), (152 bytes).
    Removing stm32f4xx_hal_flash.o(i.FLASH_WaitForLastOperation), (100 bytes).
    Removing stm32f4xx_hal_flash.o(i.HAL_FLASH_EndOfOperationCallback), (2 bytes).
    Removing stm32f4xx_hal_flash.o(i.HAL_FLASH_GetError), (12 bytes).
    Removing stm32f4xx_hal_flash.o(i.HAL_FLASH_IRQHandler), (272 bytes).
    Removing stm32f4xx_hal_flash.o(i.HAL_FLASH_Lock), (20 bytes).
    Removing stm32f4xx_hal_flash.o(i.HAL_FLASH_OB_Launch), (28 bytes).
    Removing stm32f4xx_hal_flash.o(i.HAL_FLASH_OB_Lock), (20 bytes).
    Removing stm32f4xx_hal_flash.o(i.HAL_FLASH_OB_Unlock), (44 bytes).
    Removing stm32f4xx_hal_flash.o(i.HAL_FLASH_OperationErrorCallback), (2 bytes).
    Removing stm32f4xx_hal_flash.o(i.HAL_FLASH_Program), (152 bytes).
    Removing stm32f4xx_hal_flash.o(i.HAL_FLASH_Program_IT), (136 bytes).
    Removing stm32f4xx_hal_flash.o(i.HAL_FLASH_Unlock), (52 bytes).
    Removing stm32f4xx_hal_flash.o(.bss), (32 bytes).
    Removing stm32f4xx_hal_flash_ex.o(.rev16_text), (4 bytes).
    Removing stm32f4xx_hal_flash_ex.o(.revsh_text), (4 bytes).
    Removing stm32f4xx_hal_flash_ex.o(.rrx_text), (6 bytes).
    Removing stm32f4xx_hal_flash_ex.o(i.FLASH_Erase_Sector), (92 bytes).
    Removing stm32f4xx_hal_flash_ex.o(i.FLASH_FlushCaches), (120 bytes).
    Removing stm32f4xx_hal_flash_ex.o(i.FLASH_MassErase), (48 bytes).
    Removing stm32f4xx_hal_flash_ex.o(i.FLASH_OB_BOR_LevelConfig), (32 bytes).
    Removing stm32f4xx_hal_flash_ex.o(i.FLASH_OB_DisableWRP), (40 bytes).
    Removing stm32f4xx_hal_flash_ex.o(i.FLASH_OB_EnableWRP), (40 bytes).
    Removing stm32f4xx_hal_flash_ex.o(i.FLASH_OB_GetBOR), (16 bytes).
    Removing stm32f4xx_hal_flash_ex.o(i.FLASH_OB_GetRDP), (36 bytes).
    Removing stm32f4xx_hal_flash_ex.o(i.FLASH_OB_GetUser), (16 bytes).
    Removing stm32f4xx_hal_flash_ex.o(i.FLASH_OB_GetWRP), (12 bytes).
    Removing stm32f4xx_hal_flash_ex.o(i.FLASH_OB_RDP_LevelConfig), (32 bytes).
    Removing stm32f4xx_hal_flash_ex.o(i.FLASH_OB_UserConfig), (60 bytes).
    Removing stm32f4xx_hal_flash_ex.o(i.HAL_FLASHEx_Erase), (172 bytes).
    Removing stm32f4xx_hal_flash_ex.o(i.HAL_FLASHEx_Erase_IT), (120 bytes).
    Removing stm32f4xx_hal_flash_ex.o(i.HAL_FLASHEx_OBGetConfig), (34 bytes).
    Removing stm32f4xx_hal_flash_ex.o(i.HAL_FLASHEx_OBProgram), (148 bytes).
    Removing stm32f4xx_hal_flash_ramfunc.o(.rev16_text), (4 bytes).
    Removing stm32f4xx_hal_flash_ramfunc.o(.revsh_text), (4 bytes).
    Removing stm32f4xx_hal_flash_ramfunc.o(.rrx_text), (6 bytes).
    Removing stm32f4xx_hal_gpio.o(.rev16_text), (4 bytes).
    Removing stm32f4xx_hal_gpio.o(.revsh_text), (4 bytes).
    Removing stm32f4xx_hal_gpio.o(.rrx_text), (6 bytes).
    Removing stm32f4xx_hal_gpio.o(i.HAL_GPIO_DeInit), (356 bytes).
    Removing stm32f4xx_hal_gpio.o(i.HAL_GPIO_EXTI_Callback), (2 bytes).
    Removing stm32f4xx_hal_gpio.o(i.HAL_GPIO_LockPin), (46 bytes).
    Removing stm32f4xx_hal_gpio.o(i.HAL_GPIO_ReadPin), (16 bytes).
    Removing stm32f4xx_hal_gpio.o(i.HAL_GPIO_TogglePin), (18 bytes).
    Removing stm32f4xx_hal_dma_ex.o(.rev16_text), (4 bytes).
    Removing stm32f4xx_hal_dma_ex.o(.revsh_text), (4 bytes).
    Removing stm32f4xx_hal_dma_ex.o(.rrx_text), (6 bytes).
    Removing stm32f4xx_hal_dma_ex.o(i.DMA_MultiBufferSetConfig), (32 bytes).
    Removing stm32f4xx_hal_dma_ex.o(i.HAL_DMAEx_ChangeMemory), (18 bytes).
    Removing stm32f4xx_hal_dma_ex.o(i.HAL_DMAEx_MultiBufferStart), (124 bytes).
    Removing stm32f4xx_hal_dma_ex.o(i.HAL_DMAEx_MultiBufferStart_IT), (4056 bytes).
    Removing stm32f4xx_hal_dma.o(.rev16_text), (4 bytes).
    Removing stm32f4xx_hal_dma.o(.revsh_text), (4 bytes).
    Removing stm32f4xx_hal_dma.o(.rrx_text), (6 bytes).
    Removing stm32f4xx_hal_dma.o(i.HAL_DMA_Abort_IT), (40 bytes).
    Removing stm32f4xx_hal_dma.o(i.HAL_DMA_DeInit), (112 bytes).
    Removing stm32f4xx_hal_dma.o(i.HAL_DMA_GetError), (6 bytes).
    Removing stm32f4xx_hal_dma.o(i.HAL_DMA_GetState), (8 bytes).
    Removing stm32f4xx_hal_dma.o(i.HAL_DMA_PollForTransfer), (346 bytes).
    Removing stm32f4xx_hal_dma.o(i.HAL_DMA_RegisterCallback), (94 bytes).
    Removing stm32f4xx_hal_dma.o(i.HAL_DMA_Start), (102 bytes).
    Removing stm32f4xx_hal_dma.o(i.HAL_DMA_UnRegisterCallback), (124 bytes).
    Removing stm32f4xx_hal_pwr.o(.rev16_text), (4 bytes).
    Removing stm32f4xx_hal_pwr.o(.revsh_text), (4 bytes).
    Removing stm32f4xx_hal_pwr.o(.rrx_text), (6 bytes).
    Removing stm32f4xx_hal_pwr.o(i.HAL_PWR_ConfigPVD), (180 bytes).
    Removing stm32f4xx_hal_pwr.o(i.HAL_PWR_DeInit), (28 bytes).
    Removing stm32f4xx_hal_pwr.o(i.HAL_PWR_DisableBkUpAccess), (12 bytes).
    Removing stm32f4xx_hal_pwr.o(i.HAL_PWR_DisablePVD), (12 bytes).
    Removing stm32f4xx_hal_pwr.o(i.HAL_PWR_DisableSEVOnPend), (20 bytes).
    Removing stm32f4xx_hal_pwr.o(i.HAL_PWR_DisableSleepOnExit), (20 bytes).
    Removing stm32f4xx_hal_pwr.o(i.HAL_PWR_DisableWakeUpPin), (16 bytes).
    Removing stm32f4xx_hal_pwr.o(i.HAL_PWR_EnableBkUpAccess), (12 bytes).
    Removing stm32f4xx_hal_pwr.o(i.HAL_PWR_EnablePVD), (12 bytes).
    Removing stm32f4xx_hal_pwr.o(i.HAL_PWR_EnableSEVOnPend), (20 bytes).
    Removing stm32f4xx_hal_pwr.o(i.HAL_PWR_EnableSleepOnExit), (20 bytes).
    Removing stm32f4xx_hal_pwr.o(i.HAL_PWR_EnableWakeUpPin), (16 bytes).
    Removing stm32f4xx_hal_pwr.o(i.HAL_PWR_EnterSLEEPMode), (32 bytes).
    Removing stm32f4xx_hal_pwr.o(i.HAL_PWR_EnterSTANDBYMode), (40 bytes).
    Removing stm32f4xx_hal_pwr.o(i.HAL_PWR_EnterSTOPMode), (64 bytes).
    Removing stm32f4xx_hal_pwr.o(i.HAL_PWR_PVDCallback), (2 bytes).
    Removing stm32f4xx_hal_pwr.o(i.HAL_PWR_PVD_IRQHandler), (32 bytes).
    Removing stm32f4xx_hal_pwr_ex.o(.rev16_text), (4 bytes).
    Removing stm32f4xx_hal_pwr_ex.o(.revsh_text), (4 bytes).
    Removing stm32f4xx_hal_pwr_ex.o(.rrx_text), (6 bytes).
    Removing stm32f4xx_hal_pwr_ex.o(i.HAL_PWREx_ControlVoltageScaling), (120 bytes).
    Removing stm32f4xx_hal_pwr_ex.o(i.HAL_PWREx_DisableBkUpReg), (60 bytes).
    Removing stm32f4xx_hal_pwr_ex.o(i.HAL_PWREx_DisableFlashPowerDown), (12 bytes).
    Removing stm32f4xx_hal_pwr_ex.o(i.HAL_PWREx_EnableBkUpReg), (60 bytes).
    Removing stm32f4xx_hal_pwr_ex.o(i.HAL_PWREx_EnableFlashPowerDown), (12 bytes).
    Removing stm32f4xx_hal_pwr_ex.o(i.HAL_PWREx_GetVoltageRange), (16 bytes).
    Removing stm32f4xx_hal_cortex.o(.rev16_text), (4 bytes).
    Removing stm32f4xx_hal_cortex.o(.revsh_text), (4 bytes).
    Removing stm32f4xx_hal_cortex.o(.rrx_text), (6 bytes).
    Removing stm32f4xx_hal_cortex.o(i.HAL_MPU_ConfigRegion), (92 bytes).
    Removing stm32f4xx_hal_cortex.o(i.HAL_MPU_Disable), (44 bytes).
    Removing stm32f4xx_hal_cortex.o(i.HAL_MPU_Enable), (64 bytes).
    Removing stm32f4xx_hal_cortex.o(i.HAL_NVIC_ClearPendingIRQ), (36 bytes).
    Removing stm32f4xx_hal_cortex.o(i.HAL_NVIC_DisableIRQ), (68 bytes).
    Removing stm32f4xx_hal_cortex.o(i.HAL_NVIC_GetActive), (48 bytes).
    Removing stm32f4xx_hal_cortex.o(i.HAL_NVIC_GetPendingIRQ), (48 bytes).
    Removing stm32f4xx_hal_cortex.o(i.HAL_NVIC_GetPriority), (148 bytes).
    Removing stm32f4xx_hal_cortex.o(i.HAL_NVIC_GetPriorityGrouping), (8 bytes).
    Removing stm32f4xx_hal_cortex.o(i.HAL_NVIC_SetPendingIRQ), (36 bytes).
    Removing stm32f4xx_hal_cortex.o(i.HAL_NVIC_SystemReset), (68 bytes).
    Removing stm32f4xx_hal_cortex.o(i.HAL_SYSTICK_CLKSourceConfig), (40 bytes).
    Removing stm32f4xx_hal_cortex.o(i.HAL_SYSTICK_Callback), (2 bytes).
    Removing stm32f4xx_hal_cortex.o(i.HAL_SYSTICK_IRQHandler), (8 bytes).
    Removing stm32f4xx_hal.o(.rev16_text), (4 bytes).
    Removing stm32f4xx_hal.o(.revsh_text), (4 bytes).
    Removing stm32f4xx_hal.o(.rrx_text), (6 bytes).
    Removing stm32f4xx_hal.o(i.HAL_DBGMCU_DisableDBGSleepMode), (20 bytes).
    Removing stm32f4xx_hal.o(i.HAL_DBGMCU_DisableDBGStandbyMode), (20 bytes).
    Removing stm32f4xx_hal.o(i.HAL_DBGMCU_DisableDBGStopMode), (20 bytes).
    Removing stm32f4xx_hal.o(i.HAL_DBGMCU_EnableDBGSleepMode), (20 bytes).
    Removing stm32f4xx_hal.o(i.HAL_DBGMCU_EnableDBGStandbyMode), (20 bytes).
    Removing stm32f4xx_hal.o(i.HAL_DBGMCU_EnableDBGStopMode), (20 bytes).
    Removing stm32f4xx_hal.o(i.HAL_DeInit), (68 bytes).
    Removing stm32f4xx_hal.o(i.HAL_DisableCompensationCell), (12 bytes).
    Removing stm32f4xx_hal.o(i.HAL_EnableCompensationCell), (12 bytes).
    Removing stm32f4xx_hal.o(i.HAL_GetDEVID), (16 bytes).
    Removing stm32f4xx_hal.o(i.HAL_GetHalVersion), (8 bytes).
    Removing stm32f4xx_hal.o(i.HAL_GetREVID), (12 bytes).
    Removing stm32f4xx_hal.o(i.HAL_GetTickFreq), (12 bytes).
    Removing stm32f4xx_hal.o(i.HAL_GetTickPrio), (12 bytes).
    Removing stm32f4xx_hal.o(i.HAL_GetUIDw0), (12 bytes).
    Removing stm32f4xx_hal.o(i.HAL_GetUIDw1), (12 bytes).
    Removing stm32f4xx_hal.o(i.HAL_GetUIDw2), (12 bytes).
    Removing stm32f4xx_hal.o(i.HAL_MspDeInit), (2 bytes).
    Removing stm32f4xx_hal.o(i.HAL_MspInit), (2 bytes).
    Removing stm32f4xx_hal.o(i.HAL_ResumeTick), (18 bytes).
    Removing stm32f4xx_hal.o(i.HAL_SetTickFreq), (40 bytes).
    Removing stm32f4xx_hal.o(i.HAL_SuspendTick), (18 bytes).
    Removing stm32f4xx_hal_exti.o(.rev16_text), (4 bytes).
    Removing stm32f4xx_hal_exti.o(.revsh_text), (4 bytes).
    Removing stm32f4xx_hal_exti.o(.rrx_text), (6 bytes).
    Removing stm32f4xx_hal_exti.o(i.HAL_EXTI_ClearConfigLine), (72 bytes).
    Removing stm32f4xx_hal_exti.o(i.HAL_EXTI_ClearPending), (12 bytes).
    Removing stm32f4xx_hal_exti.o(i.HAL_EXTI_GenerateSWI), (12 bytes).
    Removing stm32f4xx_hal_exti.o(i.HAL_EXTI_GetConfigLine), (128 bytes).
    Removing stm32f4xx_hal_exti.o(i.HAL_EXTI_GetHandle), (14 bytes).
    Removing stm32f4xx_hal_exti.o(i.HAL_EXTI_GetPending), (32 bytes).
    Removing stm32f4xx_hal_exti.o(i.HAL_EXTI_IRQHandler), (32 bytes).
    Removing stm32f4xx_hal_exti.o(i.HAL_EXTI_RegisterCallback), (20 bytes).
    Removing stm32f4xx_hal_exti.o(i.HAL_EXTI_SetConfigLine), (144 bytes).
    Removing stm32f4xx_hal_i2c.o(.rev16_text), (4 bytes).
    Removing stm32f4xx_hal_i2c.o(.revsh_text), (4 bytes).
    Removing stm32f4xx_hal_i2c.o(.rrx_text), (6 bytes).
    Removing stm32f4xx_hal_i2c.o(i.HAL_I2C_AbortCpltCallback), (2 bytes).
    Removing stm32f4xx_hal_i2c.o(i.HAL_I2C_AddrCallback), (2 bytes).
    Removing stm32f4xx_hal_i2c.o(i.HAL_I2C_DeInit), (60 bytes).
    Removing stm32f4xx_hal_i2c.o(i.HAL_I2C_DisableListen_IT), (70 bytes).
    Removing stm32f4xx_hal_i2c.o(i.HAL_I2C_ER_IRQHandler), (206 bytes).
    Removing stm32f4xx_hal_i2c.o(i.HAL_I2C_EV_IRQHandler), (452 bytes).
    Removing stm32f4xx_hal_i2c.o(i.HAL_I2C_EnableListen_IT), (70 bytes).
    Removing stm32f4xx_hal_i2c.o(i.HAL_I2C_ErrorCallback), (2 bytes).
    Removing stm32f4xx_hal_i2c.o(i.HAL_I2C_GetError), (6 bytes).
    Removing stm32f4xx_hal_i2c.o(i.HAL_I2C_GetMode), (8 bytes).
    Removing stm32f4xx_hal_i2c.o(i.HAL_I2C_GetState), (8 bytes).
    Removing stm32f4xx_hal_i2c.o(i.HAL_I2C_IsDeviceReady), (420 bytes).
    Removing stm32f4xx_hal_i2c.o(i.HAL_I2C_ListenCpltCallback), (2 bytes).
    Removing stm32f4xx_hal_i2c.o(i.HAL_I2C_MasterRxCpltCallback), (2 bytes).
    Removing stm32f4xx_hal_i2c.o(i.HAL_I2C_MasterTxCpltCallback), (2 bytes).
    Removing stm32f4xx_hal_i2c.o(i.HAL_I2C_Master_Abort_IT), (110 bytes).
    Removing stm32f4xx_hal_i2c.o(i.HAL_I2C_Master_Receive), (760 bytes).
    Removing stm32f4xx_hal_i2c.o(i.HAL_I2C_Master_Receive_DMA), (432 bytes).
    Removing stm32f4xx_hal_i2c.o(i.HAL_I2C_Master_Receive_IT), (256 bytes).
    Removing stm32f4xx_hal_i2c.o(i.HAL_I2C_Master_Seq_Receive_DMA), (608 bytes).
    Removing stm32f4xx_hal_i2c.o(i.HAL_I2C_Master_Seq_Receive_IT), (348 bytes).
    Removing stm32f4xx_hal_i2c.o(i.HAL_I2C_Master_Seq_Transmit_DMA), (504 bytes).
    Removing stm32f4xx_hal_i2c.o(i.HAL_I2C_Master_Seq_Transmit_IT), (284 bytes).
    Removing stm32f4xx_hal_i2c.o(i.HAL_I2C_Master_Transmit), (368 bytes).
    Removing stm32f4xx_hal_i2c.o(i.HAL_I2C_Master_Transmit_DMA), (432 bytes).
    Removing stm32f4xx_hal_i2c.o(i.HAL_I2C_Master_Transmit_IT), (244 bytes).
    Removing stm32f4xx_hal_i2c.o(i.HAL_I2C_MemRxCpltCallback), (2 bytes).
    Removing stm32f4xx_hal_i2c.o(i.HAL_I2C_MemTxCpltCallback), (2 bytes).
    Removing stm32f4xx_hal_i2c.o(i.HAL_I2C_Mem_Read_DMA), (524 bytes).
    Removing stm32f4xx_hal_i2c.o(i.HAL_I2C_Mem_Read_IT), (272 bytes).
    Removing stm32f4xx_hal_i2c.o(i.HAL_I2C_Mem_Write_DMA), (448 bytes).
    Removing stm32f4xx_hal_i2c.o(i.HAL_I2C_Mem_Write_IT), (256 bytes).
    Removing stm32f4xx_hal_i2c.o(i.HAL_I2C_MspDeInit), (2 bytes).
    Removing stm32f4xx_hal_i2c.o(i.HAL_I2C_MspInit), (2 bytes).
    Removing stm32f4xx_hal_i2c.o(i.HAL_I2C_SlaveRxCpltCallback), (2 bytes).
    Removing stm32f4xx_hal_i2c.o(i.HAL_I2C_SlaveTxCpltCallback), (2 bytes).
    Removing stm32f4xx_hal_i2c.o(i.HAL_I2C_Slave_Receive), (384 bytes).
    Removing stm32f4xx_hal_i2c.o(i.HAL_I2C_Slave_Receive_DMA), (268 bytes).
    Removing stm32f4xx_hal_i2c.o(i.HAL_I2C_Slave_Receive_IT), (152 bytes).
    Removing stm32f4xx_hal_i2c.o(i.HAL_I2C_Slave_Seq_Receive_DMA), (420 bytes).
    Removing stm32f4xx_hal_i2c.o(i.HAL_I2C_Slave_Seq_Receive_IT), (158 bytes).
    Removing stm32f4xx_hal_i2c.o(i.HAL_I2C_Slave_Seq_Transmit_DMA), (420 bytes).
    Removing stm32f4xx_hal_i2c.o(i.HAL_I2C_Slave_Seq_Transmit_IT), (158 bytes).
    Removing stm32f4xx_hal_i2c.o(i.HAL_I2C_Slave_Transmit), (404 bytes).
    Removing stm32f4xx_hal_i2c.o(i.HAL_I2C_Slave_Transmit_DMA), (268 bytes).
    Removing stm32f4xx_hal_i2c.o(i.HAL_I2C_Slave_Transmit_IT), (152 bytes).
    Removing stm32f4xx_hal_i2c.o(i.I2C_ConvertOtherXferOptions), (28 bytes).
    Removing stm32f4xx_hal_i2c.o(i.I2C_DMAAbort), (150 bytes).
    Removing stm32f4xx_hal_i2c.o(i.I2C_DMAError), (70 bytes).
    Removing stm32f4xx_hal_i2c.o(i.I2C_DMAXferCplt), (294 bytes).
    Removing stm32f4xx_hal_i2c.o(i.I2C_ITError), (388 bytes).
    Removing stm32f4xx_hal_i2c.o(i.I2C_MasterReceive_BTF), (294 bytes).
    Removing stm32f4xx_hal_i2c.o(i.I2C_MasterReceive_RXNE), (164 bytes).
    Removing stm32f4xx_hal_i2c.o(i.I2C_MasterRequestRead), (272 bytes).
    Removing stm32f4xx_hal_i2c.o(i.I2C_MasterRequestWrite), (172 bytes).
    Removing stm32f4xx_hal_i2c.o(i.I2C_MasterTransmit_BTF), (160 bytes).
    Removing stm32f4xx_hal_i2c.o(i.I2C_MasterTransmit_TXE), (332 bytes).
    Removing stm32f4xx_hal_i2c.o(i.I2C_Master_ADD10), (42 bytes).
    Removing stm32f4xx_hal_i2c.o(i.I2C_Master_ADDR), (616 bytes).
    Removing stm32f4xx_hal_i2c.o(i.I2C_Master_SB), (158 bytes).
    Removing stm32f4xx_hal_i2c.o(i.I2C_SlaveReceive_BTF), (26 bytes).
    Removing stm32f4xx_hal_i2c.o(i.I2C_SlaveReceive_RXNE), (70 bytes).
    Removing stm32f4xx_hal_i2c.o(i.I2C_SlaveTransmit_BTF), (26 bytes).
    Removing stm32f4xx_hal_i2c.o(i.I2C_SlaveTransmit_TXE), (70 bytes).
    Removing stm32f4xx_hal_i2c.o(i.I2C_Slave_ADDR), (102 bytes).
    Removing stm32f4xx_hal_i2c.o(i.I2C_Slave_AF), (160 bytes).
    Removing stm32f4xx_hal_i2c.o(i.I2C_Slave_STOPF), (396 bytes).
    Removing stm32f4xx_hal_i2c.o(i.I2C_WaitOnSTOPFlagUntilTimeout), (88 bytes).
    Removing stm32f4xx_hal_i2c_ex.o(.rev16_text), (4 bytes).
    Removing stm32f4xx_hal_i2c_ex.o(.revsh_text), (4 bytes).
    Removing stm32f4xx_hal_i2c_ex.o(.rrx_text), (6 bytes).
    Removing stm32f4xx_hal_spi.o(.rev16_text), (4 bytes).
    Removing stm32f4xx_hal_spi.o(.revsh_text), (4 bytes).
    Removing stm32f4xx_hal_spi.o(.rrx_text), (6 bytes).
    Removing stm32f4xx_hal_spi.o(i.HAL_SPI_Abort), (368 bytes).
    Removing stm32f4xx_hal_spi.o(i.HAL_SPI_AbortCpltCallback), (2 bytes).
    Removing stm32f4xx_hal_spi.o(i.HAL_SPI_Abort_IT), (384 bytes).
    Removing stm32f4xx_hal_spi.o(i.HAL_SPI_DMAPause), (50 bytes).
    Removing stm32f4xx_hal_spi.o(i.HAL_SPI_DMAResume), (50 bytes).
    Removing stm32f4xx_hal_spi.o(i.HAL_SPI_DMAStop), (72 bytes).
    Removing stm32f4xx_hal_spi.o(i.HAL_SPI_DeInit), (54 bytes).
    Removing stm32f4xx_hal_spi.o(i.HAL_SPI_ErrorCallback), (2 bytes).
    Removing stm32f4xx_hal_spi.o(i.HAL_SPI_GetError), (6 bytes).
    Removing stm32f4xx_hal_spi.o(i.HAL_SPI_GetState), (8 bytes).
    Removing stm32f4xx_hal_spi.o(i.HAL_SPI_IRQHandler), (348 bytes).
    Removing stm32f4xx_hal_spi.o(i.HAL_SPI_MspDeInit), (2 bytes).
    Removing stm32f4xx_hal_spi.o(i.HAL_SPI_MspInit), (2 bytes).
    Removing stm32f4xx_hal_spi.o(i.HAL_SPI_Receive), (356 bytes).
    Removing stm32f4xx_hal_spi.o(i.HAL_SPI_Receive_DMA), (272 bytes).
    Removing stm32f4xx_hal_spi.o(i.HAL_SPI_Receive_IT), (204 bytes).
    Removing stm32f4xx_hal_spi.o(i.HAL_SPI_RxCpltCallback), (2 bytes).
    Removing stm32f4xx_hal_spi.o(i.HAL_SPI_RxHalfCpltCallback), (2 bytes).
    Removing stm32f4xx_hal_spi.o(i.HAL_SPI_Transmit), (418 bytes).
    Removing stm32f4xx_hal_spi.o(i.HAL_SPI_TransmitReceive_DMA), (364 bytes).
    Removing stm32f4xx_hal_spi.o(i.HAL_SPI_TransmitReceive_IT), (196 bytes).
    Removing stm32f4xx_hal_spi.o(i.HAL_SPI_Transmit_DMA), (240 bytes).
    Removing stm32f4xx_hal_spi.o(i.HAL_SPI_Transmit_IT), (168 bytes).
    Removing stm32f4xx_hal_spi.o(i.HAL_SPI_TxCpltCallback), (2 bytes).
    Removing stm32f4xx_hal_spi.o(i.HAL_SPI_TxHalfCpltCallback), (2 bytes).
    Removing stm32f4xx_hal_spi.o(i.HAL_SPI_TxRxCpltCallback), (2 bytes).
    Removing stm32f4xx_hal_spi.o(i.HAL_SPI_TxRxHalfCpltCallback), (2 bytes).
    Removing stm32f4xx_hal_spi.o(i.SPI_2linesRxISR_16BIT), (52 bytes).
    Removing stm32f4xx_hal_spi.o(i.SPI_2linesRxISR_8BIT), (52 bytes).
    Removing stm32f4xx_hal_spi.o(i.SPI_2linesTxISR_16BIT), (52 bytes).
    Removing stm32f4xx_hal_spi.o(i.SPI_2linesTxISR_8BIT), (52 bytes).
    Removing stm32f4xx_hal_spi.o(i.SPI_AbortRx_ISR), (104 bytes).
    Removing stm32f4xx_hal_spi.o(i.SPI_AbortTx_ISR), (32 bytes).
    Removing stm32f4xx_hal_spi.o(i.SPI_CloseRxTx_ISR), (188 bytes).
    Removing stm32f4xx_hal_spi.o(i.SPI_CloseRx_ISR), (94 bytes).
    Removing stm32f4xx_hal_spi.o(i.SPI_CloseTx_ISR), (160 bytes).
    Removing stm32f4xx_hal_spi.o(i.SPI_DMAAbortOnError), (20 bytes).
    Removing stm32f4xx_hal_spi.o(i.SPI_DMAError), (40 bytes).
    Removing stm32f4xx_hal_spi.o(i.SPI_DMAHalfReceiveCplt), (14 bytes).
    Removing stm32f4xx_hal_spi.o(i.SPI_DMAHalfTransmitCplt), (14 bytes).
    Removing stm32f4xx_hal_spi.o(i.SPI_DMAHalfTransmitReceiveCplt), (14 bytes).
    Removing stm32f4xx_hal_spi.o(i.SPI_DMAReceiveCplt), (98 bytes).
    Removing stm32f4xx_hal_spi.o(i.SPI_DMARxAbortCallback), (144 bytes).
    Removing stm32f4xx_hal_spi.o(i.SPI_DMATransmitCplt), (128 bytes).
    Removing stm32f4xx_hal_spi.o(i.SPI_DMATransmitReceiveCplt), (104 bytes).
    Removing stm32f4xx_hal_spi.o(i.SPI_DMATxAbortCallback), (172 bytes).
    Removing stm32f4xx_hal_spi.o(i.SPI_EndRxTransaction), (148 bytes).
    Removing stm32f4xx_hal_spi.o(i.SPI_RxISR_16BIT), (36 bytes).
    Removing stm32f4xx_hal_spi.o(i.SPI_RxISR_8BIT), (36 bytes).
    Removing stm32f4xx_hal_spi.o(i.SPI_TxISR_16BIT), (36 bytes).
    Removing stm32f4xx_hal_spi.o(i.SPI_TxISR_8BIT), (36 bytes).
    Removing stm32f4xx_hal_tim.o(.rev16_text), (4 bytes).
    Removing stm32f4xx_hal_tim.o(.revsh_text), (4 bytes).
    Removing stm32f4xx_hal_tim.o(.rrx_text), (6 bytes).
    Removing stm32f4xx_hal_tim.o(i.HAL_TIM_Base_DeInit), (70 bytes).
    Removing stm32f4xx_hal_tim.o(i.HAL_TIM_Base_GetState), (8 bytes).
    Removing stm32f4xx_hal_tim.o(i.HAL_TIM_Base_MspDeInit), (2 bytes).
    Removing stm32f4xx_hal_tim.o(i.HAL_TIM_Base_MspInit), (2 bytes).
    Removing stm32f4xx_hal_tim.o(i.HAL_TIM_Base_Start_DMA), (136 bytes).
    Removing stm32f4xx_hal_tim.o(i.HAL_TIM_Base_Start_IT), (42 bytes).
    Removing stm32f4xx_hal_tim.o(i.HAL_TIM_Base_Stop), (56 bytes).
    Removing stm32f4xx_hal_tim.o(i.HAL_TIM_Base_Stop_DMA), (70 bytes).
    Removing stm32f4xx_hal_tim.o(i.HAL_TIM_Base_Stop_IT), (56 bytes).
    Removing stm32f4xx_hal_tim.o(i.HAL_TIM_ConfigOCrefClear), (270 bytes).
    Removing stm32f4xx_hal_tim.o(i.HAL_TIM_ConfigTI1Input), (22 bytes).
    Removing stm32f4xx_hal_tim.o(i.HAL_TIM_DMABurst_ReadStart), (488 bytes).
    Removing stm32f4xx_hal_tim.o(i.HAL_TIM_DMABurst_ReadStop), (146 bytes).
    Removing stm32f4xx_hal_tim.o(i.HAL_TIM_DMABurst_WriteStart), (488 bytes).
    Removing stm32f4xx_hal_tim.o(i.HAL_TIM_DMABurst_WriteStop), (146 bytes).
    Removing stm32f4xx_hal_tim.o(i.HAL_TIM_Encoder_DeInit), (70 bytes).
    Removing stm32f4xx_hal_tim.o(i.HAL_TIM_Encoder_GetState), (8 bytes).
    Removing stm32f4xx_hal_tim.o(i.HAL_TIM_Encoder_Init), (174 bytes).
    Removing stm32f4xx_hal_tim.o(i.HAL_TIM_Encoder_MspDeInit), (2 bytes).
    Removing stm32f4xx_hal_tim.o(i.HAL_TIM_Encoder_MspInit), (2 bytes).
    Removing stm32f4xx_hal_tim.o(i.HAL_TIM_Encoder_Start), (78 bytes).
    Removing stm32f4xx_hal_tim.o(i.HAL_TIM_Encoder_Start_DMA), (380 bytes).
    Removing stm32f4xx_hal_tim.o(i.HAL_TIM_Encoder_Start_IT), (126 bytes).
    Removing stm32f4xx_hal_tim.o(i.HAL_TIM_Encoder_Stop), (104 bytes).
    Removing stm32f4xx_hal_tim.o(i.HAL_TIM_Encoder_Stop_DMA), (176 bytes).
    Removing stm32f4xx_hal_tim.o(i.HAL_TIM_Encoder_Stop_IT), (152 bytes).
    Removing stm32f4xx_hal_tim.o(i.HAL_TIM_ErrorCallback), (2 bytes).
    Removing stm32f4xx_hal_tim.o(i.HAL_TIM_GenerateEvent), (54 bytes).
    Removing stm32f4xx_hal_tim.o(i.HAL_TIM_IC_CaptureCallback), (2 bytes).
    Removing stm32f4xx_hal_tim.o(i.HAL_TIM_IC_CaptureHalfCpltCallback), (2 bytes).
    Removing stm32f4xx_hal_tim.o(i.HAL_TIM_IC_ConfigChannel), (224 bytes).
    Removing stm32f4xx_hal_tim.o(i.HAL_TIM_IC_DeInit), (70 bytes).
    Removing stm32f4xx_hal_tim.o(i.HAL_TIM_IC_GetState), (8 bytes).
    Removing stm32f4xx_hal_tim.o(i.HAL_TIM_IC_Init), (52 bytes).
    Removing stm32f4xx_hal_tim.o(i.HAL_TIM_IC_MspDeInit), (2 bytes).
    Removing stm32f4xx_hal_tim.o(i.HAL_TIM_IC_MspInit), (2 bytes).
    Removing stm32f4xx_hal_tim.o(i.HAL_TIM_IC_Start), (44 bytes).
    Removing stm32f4xx_hal_tim.o(i.HAL_TIM_IC_Start_DMA), (332 bytes).
    Removing stm32f4xx_hal_tim.o(i.HAL_TIM_IC_Start_IT), (120 bytes).
    Removing stm32f4xx_hal_tim.o(i.HAL_TIM_IC_Stop), (58 bytes).
    Removing stm32f4xx_hal_tim.o(i.HAL_TIM_IC_Stop_DMA), (164 bytes).
    Removing stm32f4xx_hal_tim.o(i.HAL_TIM_IC_Stop_IT), (134 bytes).
    Removing stm32f4xx_hal_tim.o(i.HAL_TIM_IRQHandler), (406 bytes).
    Removing stm32f4xx_hal_tim.o(i.HAL_TIM_OC_ConfigChannel), (116 bytes).
    Removing stm32f4xx_hal_tim.o(i.HAL_TIM_OC_DeInit), (70 bytes).
    Removing stm32f4xx_hal_tim.o(i.HAL_TIM_OC_DelayElapsedCallback), (2 bytes).
    Removing stm32f4xx_hal_tim.o(i.HAL_TIM_OC_GetState), (8 bytes).
    Removing stm32f4xx_hal_tim.o(i.HAL_TIM_OC_Init), (52 bytes).
    Removing stm32f4xx_hal_tim.o(i.HAL_TIM_OC_MspDeInit), (2 bytes).
    Removing stm32f4xx_hal_tim.o(i.HAL_TIM_OC_MspInit), (2 bytes).
    Removing stm32f4xx_hal_tim.o(i.HAL_TIM_OC_Start), (88 bytes).
    Removing stm32f4xx_hal_tim.o(i.HAL_TIM_OC_Start_DMA), (376 bytes).
    Removing stm32f4xx_hal_tim.o(i.HAL_TIM_OC_Start_IT), (164 bytes).
    Removing stm32f4xx_hal_tim.o(i.HAL_TIM_OC_Stop), (128 bytes).
    Removing stm32f4xx_hal_tim.o(i.HAL_TIM_OC_Stop_DMA), (236 bytes).
    Removing stm32f4xx_hal_tim.o(i.HAL_TIM_OC_Stop_IT), (204 bytes).
    Removing stm32f4xx_hal_tim.o(i.HAL_TIM_OnePulse_ConfigChannel), (286 bytes).
    Removing stm32f4xx_hal_tim.o(i.HAL_TIM_OnePulse_DeInit), (70 bytes).
    Removing stm32f4xx_hal_tim.o(i.HAL_TIM_OnePulse_GetState), (8 bytes).
    Removing stm32f4xx_hal_tim.o(i.HAL_TIM_OnePulse_Init), (76 bytes).
    Removing stm32f4xx_hal_tim.o(i.HAL_TIM_OnePulse_MspDeInit), (2 bytes).
    Removing stm32f4xx_hal_tim.o(i.HAL_TIM_OnePulse_MspInit), (2 bytes).
    Removing stm32f4xx_hal_tim.o(i.HAL_TIM_OnePulse_Start), (76 bytes).
    Removing stm32f4xx_hal_tim.o(i.HAL_TIM_OnePulse_Start_IT), (100 bytes).
    Removing stm32f4xx_hal_tim.o(i.HAL_TIM_OnePulse_Stop), (140 bytes).
    Removing stm32f4xx_hal_tim.o(i.HAL_TIM_OnePulse_Stop_IT), (164 bytes).
    Removing stm32f4xx_hal_tim.o(i.HAL_TIM_PWM_DeInit), (70 bytes).
    Removing stm32f4xx_hal_tim.o(i.HAL_TIM_PWM_GetState), (8 bytes).
    Removing stm32f4xx_hal_tim.o(i.HAL_TIM_PWM_MspDeInit), (2 bytes).
    Removing stm32f4xx_hal_tim.o(i.HAL_TIM_PWM_MspInit), (2 bytes).
    Removing stm32f4xx_hal_tim.o(i.HAL_TIM_PWM_PulseFinishedCallback), (2 bytes).
    Removing stm32f4xx_hal_tim.o(i.HAL_TIM_PWM_PulseFinishedHalfCpltCallback), (2 bytes).
    Removing stm32f4xx_hal_tim.o(i.HAL_TIM_PWM_Start_DMA), (376 bytes).
    Removing stm32f4xx_hal_tim.o(i.HAL_TIM_PWM_Start_IT), (164 bytes).
    Removing stm32f4xx_hal_tim.o(i.HAL_TIM_PWM_Stop), (136 bytes).
    Removing stm32f4xx_hal_tim.o(i.HAL_TIM_PWM_Stop_DMA), (236 bytes).
    Removing stm32f4xx_hal_tim.o(i.HAL_TIM_PWM_Stop_IT), (204 bytes).
    Removing stm32f4xx_hal_tim.o(i.HAL_TIM_PeriodElapsedCallback), (2 bytes).
    Removing stm32f4xx_hal_tim.o(i.HAL_TIM_PeriodElapsedHalfCpltCallback), (2 bytes).
    Removing stm32f4xx_hal_tim.o(i.HAL_TIM_ReadCapturedValue), (50 bytes).
    Removing stm32f4xx_hal_tim.o(i.HAL_TIM_SlaveConfigSynchro), (108 bytes).
    Removing stm32f4xx_hal_tim.o(i.HAL_TIM_SlaveConfigSynchro_IT), (108 bytes).
    Removing stm32f4xx_hal_tim.o(i.HAL_TIM_TriggerCallback), (2 bytes).
    Removing stm32f4xx_hal_tim.o(i.HAL_TIM_TriggerHalfCpltCallback), (2 bytes).
    Removing stm32f4xx_hal_tim.o(i.TIM_DMACaptureCplt), (70 bytes).
    Removing stm32f4xx_hal_tim.o(i.TIM_DMACaptureHalfCplt), (70 bytes).
    Removing stm32f4xx_hal_tim.o(i.TIM_DMADelayPulseCplt), (70 bytes).
    Removing stm32f4xx_hal_tim.o(i.TIM_DMADelayPulseHalfCplt), (70 bytes).
    Removing stm32f4xx_hal_tim.o(i.TIM_DMAError), (20 bytes).
    Removing stm32f4xx_hal_tim.o(i.TIM_DMAPeriodElapsedCplt), (20 bytes).
    Removing stm32f4xx_hal_tim.o(i.TIM_DMAPeriodElapsedHalfCplt), (20 bytes).
    Removing stm32f4xx_hal_tim.o(i.TIM_DMATriggerCplt), (20 bytes).
    Removing stm32f4xx_hal_tim.o(i.TIM_DMATriggerHalfCplt), (20 bytes).
    Removing stm32f4xx_hal_tim.o(i.TIM_SlaveTimer_SetConfig), (170 bytes).
    Removing stm32f4xx_hal_tim.o(i.TIM_TI1_SetConfig), (144 bytes).
    Removing stm32f4xx_hal_tim.o(i.TIM_TI2_SetConfig), (58 bytes).
    Removing stm32f4xx_hal_tim.o(i.TIM_TI3_SetConfig), (56 bytes).
    Removing stm32f4xx_hal_tim.o(i.TIM_TI4_SetConfig), (60 bytes).
    Removing stm32f4xx_hal_tim_ex.o(.rev16_text), (4 bytes).
    Removing stm32f4xx_hal_tim_ex.o(.revsh_text), (4 bytes).
    Removing stm32f4xx_hal_tim_ex.o(.rrx_text), (6 bytes).
    Removing stm32f4xx_hal_tim_ex.o(i.HAL_TIMEx_BreakCallback), (2 bytes).
    Removing stm32f4xx_hal_tim_ex.o(i.HAL_TIMEx_CommutCallback), (2 bytes).
    Removing stm32f4xx_hal_tim_ex.o(i.HAL_TIMEx_CommutHalfCpltCallback), (2 bytes).
    Removing stm32f4xx_hal_tim_ex.o(i.HAL_TIMEx_ConfigCommutEvent), (134 bytes).
    Removing stm32f4xx_hal_tim_ex.o(i.HAL_TIMEx_ConfigCommutEvent_DMA), (164 bytes).
    Removing stm32f4xx_hal_tim_ex.o(i.HAL_TIMEx_ConfigCommutEvent_IT), (134 bytes).
    Removing stm32f4xx_hal_tim_ex.o(i.HAL_TIMEx_HallSensor_DeInit), (70 bytes).
    Removing stm32f4xx_hal_tim_ex.o(i.HAL_TIMEx_HallSensor_GetState), (8 bytes).
    Removing stm32f4xx_hal_tim_ex.o(i.HAL_TIMEx_HallSensor_Init), (208 bytes).
    Removing stm32f4xx_hal_tim_ex.o(i.HAL_TIMEx_HallSensor_MspDeInit), (2 bytes).
    Removing stm32f4xx_hal_tim_ex.o(i.HAL_TIMEx_HallSensor_MspInit), (2 bytes).
    Removing stm32f4xx_hal_tim_ex.o(i.HAL_TIMEx_HallSensor_Start), (42 bytes).
    Removing stm32f4xx_hal_tim_ex.o(i.HAL_TIMEx_HallSensor_Start_DMA), (144 bytes).
    Removing stm32f4xx_hal_tim_ex.o(i.HAL_TIMEx_HallSensor_Start_IT), (54 bytes).
    Removing stm32f4xx_hal_tim_ex.o(i.HAL_TIMEx_HallSensor_Stop), (56 bytes).
    Removing stm32f4xx_hal_tim_ex.o(i.HAL_TIMEx_HallSensor_Stop_DMA), (74 bytes).
    Removing stm32f4xx_hal_tim_ex.o(i.HAL_TIMEx_HallSensor_Stop_IT), (68 bytes).
    Removing stm32f4xx_hal_tim_ex.o(i.HAL_TIMEx_OCN_Start), (56 bytes).
    Removing stm32f4xx_hal_tim_ex.o(i.HAL_TIMEx_OCN_Start_DMA), (288 bytes).
    Removing stm32f4xx_hal_tim_ex.o(i.HAL_TIMEx_OCN_Start_IT), (126 bytes).
    Removing stm32f4xx_hal_tim_ex.o(i.HAL_TIMEx_OCN_Stop), (96 bytes).
    Removing stm32f4xx_hal_tim_ex.o(i.HAL_TIMEx_OCN_Stop_DMA), (178 bytes).
    Removing stm32f4xx_hal_tim_ex.o(i.HAL_TIMEx_OCN_Stop_IT), (178 bytes).
    Removing stm32f4xx_hal_tim_ex.o(i.HAL_TIMEx_OnePulseN_Start), (32 bytes).
    Removing stm32f4xx_hal_tim_ex.o(i.HAL_TIMEx_OnePulseN_Start_IT), (56 bytes).
    Removing stm32f4xx_hal_tim_ex.o(i.HAL_TIMEx_OnePulseN_Stop), (96 bytes).
    Removing stm32f4xx_hal_tim_ex.o(i.HAL_TIMEx_OnePulseN_Stop_IT), (120 bytes).
    Removing stm32f4xx_hal_tim_ex.o(i.HAL_TIMEx_PWMN_Start), (56 bytes).
    Removing stm32f4xx_hal_tim_ex.o(i.HAL_TIMEx_PWMN_Start_DMA), (288 bytes).
    Removing stm32f4xx_hal_tim_ex.o(i.HAL_TIMEx_PWMN_Start_IT), (126 bytes).
    Removing stm32f4xx_hal_tim_ex.o(i.HAL_TIMEx_PWMN_Stop), (96 bytes).
    Removing stm32f4xx_hal_tim_ex.o(i.HAL_TIMEx_PWMN_Stop_DMA), (178 bytes).
    Removing stm32f4xx_hal_tim_ex.o(i.HAL_TIMEx_PWMN_Stop_IT), (178 bytes).
    Removing stm32f4xx_hal_tim_ex.o(i.HAL_TIMEx_RemapConfig), (42 bytes).
    Removing stm32f4xx_hal_tim_ex.o(i.TIMEx_DMACommutationCplt), (20 bytes).
    Removing stm32f4xx_hal_tim_ex.o(i.TIMEx_DMACommutationHalfCplt), (20 bytes).
    Removing stm32f4xx_hal_tim_ex.o(i.TIM_CCxNChannelCmd), (34 bytes).
    Removing stm32f4xx_hal_uart.o(.rev16_text), (4 bytes).
    Removing stm32f4xx_hal_uart.o(.revsh_text), (4 bytes).
    Removing stm32f4xx_hal_uart.o(.rrx_text), (6 bytes).
    Removing stm32f4xx_hal_uart.o(i.HAL_HalfDuplex_EnableReceiver), (68 bytes).
    Removing stm32f4xx_hal_uart.o(i.HAL_HalfDuplex_EnableTransmitter), (68 bytes).
    Removing stm32f4xx_hal_uart.o(i.HAL_HalfDuplex_Init), (118 bytes).
    Removing stm32f4xx_hal_uart.o(i.HAL_LIN_Init), (142 bytes).
    Removing stm32f4xx_hal_uart.o(i.HAL_LIN_SendBreak), (62 bytes).
    Removing stm32f4xx_hal_uart.o(i.HAL_MultiProcessor_EnterMuteMode), (62 bytes).
    Removing stm32f4xx_hal_uart.o(i.HAL_MultiProcessor_ExitMuteMode), (62 bytes).
    Removing stm32f4xx_hal_uart.o(i.HAL_MultiProcessor_Init), (154 bytes).
    Removing stm32f4xx_hal_uart.o(i.HAL_UART_Abort), (170 bytes).
    Removing stm32f4xx_hal_uart.o(i.HAL_UART_AbortCpltCallback), (2 bytes).
    Removing stm32f4xx_hal_uart.o(i.HAL_UART_AbortReceive), (102 bytes).
    Removing stm32f4xx_hal_uart.o(i.HAL_UART_AbortReceiveCpltCallback), (2 bytes).
    Removing stm32f4xx_hal_uart.o(i.HAL_UART_AbortReceive_IT), (120 bytes).
    Removing stm32f4xx_hal_uart.o(i.HAL_UART_AbortTransmit), (90 bytes).
    Removing stm32f4xx_hal_uart.o(i.HAL_UART_AbortTransmitCpltCallback), (2 bytes).
    Removing stm32f4xx_hal_uart.o(i.HAL_UART_AbortTransmit_IT), (108 bytes).
    Removing stm32f4xx_hal_uart.o(i.HAL_UART_Abort_IT), (224 bytes).
    Removing stm32f4xx_hal_uart.o(i.HAL_UART_DMAPause), (124 bytes).
    Removing stm32f4xx_hal_uart.o(i.HAL_UART_DMAResume), (126 bytes).
    Removing stm32f4xx_hal_uart.o(i.HAL_UART_DeInit), (58 bytes).
    Removing stm32f4xx_hal_uart.o(i.HAL_UART_GetError), (6 bytes).
    Removing stm32f4xx_hal_uart.o(i.HAL_UART_GetState), (20 bytes).
    Removing stm32f4xx_hal_uart.o(i.HAL_UART_IRQHandler), (332 bytes).
    Removing stm32f4xx_hal_uart.o(i.HAL_UART_MspDeInit), (2 bytes).
    Removing stm32f4xx_hal_uart.o(i.HAL_UART_MspInit), (2 bytes).
    Removing stm32f4xx_hal_uart.o(i.HAL_UART_Receive), (222 bytes).
    Removing stm32f4xx_hal_uart.o(i.HAL_UART_Receive_IT), (112 bytes).
    Removing stm32f4xx_hal_uart.o(i.HAL_UART_RxCpltCallback), (2 bytes).
    Removing stm32f4xx_hal_uart.o(i.HAL_UART_Transmit), (214 bytes).
    Removing stm32f4xx_hal_uart.o(i.HAL_UART_Transmit_DMA), (156 bytes).
    Removing stm32f4xx_hal_uart.o(i.HAL_UART_Transmit_IT), (88 bytes).
    Removing stm32f4xx_hal_uart.o(i.HAL_UART_TxCpltCallback), (2 bytes).
    Removing stm32f4xx_hal_uart.o(i.HAL_UART_TxHalfCpltCallback), (2 bytes).
    Removing stm32f4xx_hal_uart.o(i.UART_DMAAbortOnError), (20 bytes).
    Removing stm32f4xx_hal_uart.o(i.UART_DMARxAbortCallback), (52 bytes).
    Removing stm32f4xx_hal_uart.o(i.UART_DMARxOnlyAbortCallback), (24 bytes).
    Removing stm32f4xx_hal_uart.o(i.UART_DMATransmitCplt), (54 bytes).
    Removing stm32f4xx_hal_uart.o(i.UART_DMATxAbortCallback), (52 bytes).
    Removing stm32f4xx_hal_uart.o(i.UART_DMATxHalfCplt), (14 bytes).
    Removing stm32f4xx_hal_uart.o(i.UART_DMATxOnlyAbortCallback), (24 bytes).
    Removing stm32f4xx_hal_uart.o(i.UART_EndTransmit_IT), (32 bytes).
    Removing stm32f4xx_hal_uart.o(i.UART_Receive_IT), (166 bytes).
    Removing stm32f4xx_hal_uart.o(i.UART_Transmit_IT), (104 bytes).
    Removing stm32f4xx_hal_uart.o(i.UART_WaitOnFlagUntilTimeout), (108 bytes).
    Removing system_stm32f4xx.o(.rev16_text), (4 bytes).
    Removing system_stm32f4xx.o(.revsh_text), (4 bytes).
    Removing system_stm32f4xx.o(.rrx_text), (6 bytes).
    Removing system_stm32f4xx.o(i.SystemCoreClockUpdate), (192 bytes).
    Removing event_groups.o(i.prvTestWaitCondition), (30 bytes).
    Removing event_groups.o(i.vEventGroupClearBitsCallback), (16 bytes).
    Removing event_groups.o(i.vEventGroupDelete), (86 bytes).
    Removing event_groups.o(i.vEventGroupSetBitsCallback), (16 bytes).
    Removing event_groups.o(i.xEventGroupClearBits), (92 bytes).
    Removing event_groups.o(i.xEventGroupCreate), (30 bytes).
    Removing event_groups.o(i.xEventGroupCreateStatic), (90 bytes).
    Removing event_groups.o(i.xEventGroupGetBitsFromISR), (44 bytes).
    Removing event_groups.o(i.xEventGroupSetBits), (206 bytes).
    Removing event_groups.o(i.xEventGroupSync), (272 bytes).
    Removing event_groups.o(i.xEventGroupWaitBits), (344 bytes).
    Removing queue.o(i.pcQueueGetName), (44 bytes).
    Removing queue.o(i.prvGetDisinheritPriorityAfterTimeout), (20 bytes).
    Removing queue.o(i.prvInitialiseMutex), (28 bytes).
    Removing queue.o(i.uxQueueMessagesWaiting), (42 bytes).
    Removing queue.o(i.uxQueueMessagesWaitingFromISR), (30 bytes).
    Removing queue.o(i.uxQueueSpacesAvailable), (48 bytes).
    Removing queue.o(i.vQueueDelete), (50 bytes).
    Removing queue.o(i.vQueueUnregisterQueue), (48 bytes).
    Removing queue.o(i.xQueueCreateMutex), (34 bytes).
    Removing queue.o(i.xQueueCreateMutexStatic), (42 bytes).
    Removing queue.o(i.xQueueGenericCreate), (94 bytes).
    Removing queue.o(i.xQueueGetMutexHolder), (26 bytes).
    Removing queue.o(i.xQueueGetMutexHolderFromISR), (38 bytes).
    Removing queue.o(i.xQueueGiveFromISR), (224 bytes).
    Removing queue.o(i.xQueueIsQueueEmptyFromISR), (38 bytes).
    Removing queue.o(i.xQueueIsQueueFullFromISR), (42 bytes).
    Removing queue.o(i.xQueuePeek), (368 bytes).
    Removing queue.o(i.xQueuePeekFromISR), (176 bytes).
    Removing queue.o(i.xQueueReceiveFromISR), (202 bytes).
    Removing queue.o(i.xQueueSemaphoreTake), (440 bytes).
    Removing stream_buffer.o(i.prvBytesInBuffer), (24 bytes).
    Removing stream_buffer.o(i.prvInitialiseNewStreamBuffer), (96 bytes).
    Removing stream_buffer.o(i.prvReadBytesFromBuffer), (202 bytes).
    Removing stream_buffer.o(i.prvReadMessageFromBuffer), (72 bytes).
    Removing stream_buffer.o(i.prvWriteBytesToBuffer), (186 bytes).
    Removing stream_buffer.o(i.prvWriteMessageToBuffer), (92 bytes).
    Removing stream_buffer.o(i.vStreamBufferDelete), (56 bytes).
    Removing stream_buffer.o(i.xStreamBufferBytesAvailable), (42 bytes).
    Removing stream_buffer.o(i.xStreamBufferGenericCreate), (114 bytes).
    Removing stream_buffer.o(i.xStreamBufferGenericCreateStatic), (222 bytes).
    Removing stream_buffer.o(i.xStreamBufferIsEmpty), (46 bytes).
    Removing stream_buffer.o(i.xStreamBufferIsFull), (64 bytes).
    Removing stream_buffer.o(i.xStreamBufferReceive), (254 bytes).
    Removing stream_buffer.o(i.xStreamBufferReceiveCompletedFromISR), (102 bytes).
    Removing stream_buffer.o(i.xStreamBufferReceiveFromISR), (184 bytes).
    Removing stream_buffer.o(i.xStreamBufferReset), (74 bytes).
    Removing stream_buffer.o(i.xStreamBufferSend), (274 bytes).
    Removing stream_buffer.o(i.xStreamBufferSendCompletedFromISR), (102 bytes).
    Removing stream_buffer.o(i.xStreamBufferSendFromISR), (184 bytes).
    Removing stream_buffer.o(i.xStreamBufferSetTriggerLevel), (50 bytes).
    Removing stream_buffer.o(i.xStreamBufferSpacesAvailable), (54 bytes).
    Removing tasks.o(i.eTaskGetState), (132 bytes).
    Removing tasks.o(i.prvTaskCheckFreeStackSpace), (22 bytes).
    Removing tasks.o(i.prvTaskIsTaskSuspended), (88 bytes).
    Removing tasks.o(i.pvTaskIncrementMutexHeldCount), (32 bytes).
    Removing tasks.o(i.uxTaskGetNumberOfTasks), (12 bytes).
    Removing tasks.o(i.uxTaskGetStackHighWaterMark), (40 bytes).
    Removing tasks.o(i.uxTaskPriorityGet), (36 bytes).
    Removing tasks.o(i.uxTaskPriorityGetFromISR), (68 bytes).
    Removing tasks.o(i.uxTaskResetEventItemValue), (28 bytes).
    Removing tasks.o(i.vTaskDelayUntil), (212 bytes).
    Removing tasks.o(i.vTaskDelete), (244 bytes).
    Removing tasks.o(i.vTaskEndScheduler), (36 bytes).
    Removing tasks.o(i.vTaskPlaceOnUnorderedEventList), (108 bytes).
    Removing tasks.o(i.vTaskPriorityDisinheritAfterTimeout), (244 bytes).
    Removing tasks.o(i.vTaskPrioritySet), (276 bytes).
    Removing tasks.o(i.vTaskRemoveFromUnorderedEventList), (164 bytes).
    Removing tasks.o(i.vTaskResume), (144 bytes).
    Removing tasks.o(i.vTaskSetTimeOutState), (60 bytes).
    Removing tasks.o(i.vTaskSuspend), (244 bytes).
    Removing tasks.o(i.xTaskAbortDelay), (160 bytes).
    Removing tasks.o(i.xTaskGenericNotify), (260 bytes).
    Removing tasks.o(i.xTaskGenericNotifyFromISR), (324 bytes).
    Removing tasks.o(i.xTaskGetCurrentTaskHandle), (12 bytes).
    Removing tasks.o(i.xTaskGetTickCountFromISR), (20 bytes).
    Removing tasks.o(i.xTaskNotifyStateClear), (52 bytes).
    Removing tasks.o(i.xTaskNotifyWait), (160 bytes).
    Removing tasks.o(i.xTaskPriorityInherit), (200 bytes).
    Removing tasks.o(i.xTaskResumeFromISR), (180 bytes).
    Removing timers.o(i.pcTimerGetName), (32 bytes).
    Removing timers.o(i.prvInitialiseNewTimer), (78 bytes).
    Removing timers.o(i.pvTimerGetTimerID), (44 bytes).
    Removing timers.o(i.vTimerSetTimerID), (44 bytes).
    Removing timers.o(i.xTimerCreate), (54 bytes).
    Removing timers.o(i.xTimerCreateStatic), (112 bytes).
    Removing timers.o(i.xTimerGetExpiryTime), (34 bytes).
    Removing timers.o(i.xTimerGetPeriod), (32 bytes).
    Removing timers.o(i.xTimerGetTimerDaemonTaskHandle), (48 bytes).
    Removing timers.o(i.xTimerIsTimerActive), (56 bytes).
    Removing timers.o(i.xTimerPendFunctionCall), (80 bytes).
    Removing timers.o(i.xTimerPendFunctionCallFromISR), (52 bytes).
    Removing cmsis_os.o(.rev16_text), (4 bytes).
    Removing cmsis_os.o(.revsh_text), (4 bytes).
    Removing cmsis_os.o(.rrx_text), (6 bytes).
    Removing cmsis_os.o(i.inHandlerMode), (16 bytes).
    Removing cmsis_os.o(i.makeCmsisPriority), (18 bytes).
    Removing cmsis_os.o(i.osAbortDelay), (14 bytes).
    Removing cmsis_os.o(i.osDelayUntil), (28 bytes).
    Removing cmsis_os.o(i.osKernelRunning), (18 bytes).
    Removing cmsis_os.o(i.osKernelSysTick), (20 bytes).
    Removing cmsis_os.o(i.osMailAlloc), (24 bytes).
    Removing cmsis_os.o(i.osMailCAlloc), (44 bytes).
    Removing cmsis_os.o(i.osMailCreate), (122 bytes).
    Removing cmsis_os.o(i.osMailFree), (22 bytes).
    Removing cmsis_os.o(i.osMailGet), (152 bytes).
    Removing cmsis_os.o(i.osMailPut), (96 bytes).
    Removing cmsis_os.o(i.osMessageAvailableSpace), (12 bytes).
    Removing cmsis_os.o(i.osMessageCreate), (40 bytes).
    Removing cmsis_os.o(i.osMessageDelete), (24 bytes).
    Removing cmsis_os.o(i.osMessageGet), (156 bytes).
    Removing cmsis_os.o(i.osMessagePeek), (86 bytes).
    Removing cmsis_os.o(i.osMessagePut), (96 bytes).
    Removing cmsis_os.o(i.osMessageWaiting), (26 bytes).
    Removing cmsis_os.o(i.osMutexCreate), (26 bytes).
    Removing cmsis_os.o(i.osMutexDelete), (24 bytes).
    Removing cmsis_os.o(i.osMutexRelease), (80 bytes).
    Removing cmsis_os.o(i.osMutexWait), (104 bytes).
    Removing cmsis_os.o(i.osPoolAlloc), (122 bytes).
    Removing cmsis_os.o(i.osPoolCAlloc), (22 bytes).
    Removing cmsis_os.o(i.osPoolCreate), (112 bytes).
    Removing cmsis_os.o(i.osPoolFree), (74 bytes).
    Removing cmsis_os.o(i.osRecursiveMutexCreate), (6 bytes).
    Removing cmsis_os.o(i.osRecursiveMutexRelease), (6 bytes).
    Removing cmsis_os.o(i.osRecursiveMutexWait), (6 bytes).
    Removing cmsis_os.o(i.osSemaphoreCreate), (74 bytes).
    Removing cmsis_os.o(i.osSemaphoreDelete), (24 bytes).
    Removing cmsis_os.o(i.osSemaphoreGetCount), (12 bytes).
    Removing cmsis_os.o(i.osSemaphoreRelease), (80 bytes).
    Removing cmsis_os.o(i.osSemaphoreWait), (104 bytes).
    Removing cmsis_os.o(i.osSignalSet), (96 bytes).
    Removing cmsis_os.o(i.osSignalWait), (98 bytes).
    Removing cmsis_os.o(i.osSystickHandler), (16 bytes).
    Removing cmsis_os.o(i.osThreadGetId), (8 bytes).
    Removing cmsis_os.o(i.osThreadGetPriority), (38 bytes).
    Removing cmsis_os.o(i.osThreadGetState), (58 bytes).
    Removing cmsis_os.o(i.osThreadIsSuspended), (22 bytes).
    Removing cmsis_os.o(i.osThreadList), (6 bytes).
    Removing cmsis_os.o(i.osThreadResume), (52 bytes).
    Removing cmsis_os.o(i.osThreadResumeAll), (18 bytes).
    Removing cmsis_os.o(i.osThreadSetPriority), (26 bytes).
    Removing cmsis_os.o(i.osThreadSuspend), (14 bytes).
    Removing cmsis_os.o(i.osThreadSuspendAll), (10 bytes).
    Removing cmsis_os.o(i.osThreadTerminate), (14 bytes).
    Removing cmsis_os.o(i.osThreadYield), (24 bytes).
    Removing cmsis_os.o(i.osTimerCreate), (76 bytes).
    Removing cmsis_os.o(i.osTimerDelete), (44 bytes).
    Removing cmsis_os.o(i.osTimerStart), (104 bytes).
    Removing cmsis_os.o(i.osTimerStop), (92 bytes).
    Removing heap_4.o(i.vPortInitialiseBlocks), (2 bytes).
    Removing heap_4.o(i.xPortGetFreeHeapSize), (12 bytes).
    Removing heap_4.o(i.xPortGetMinimumEverFreeHeapSize), (12 bytes).
    Removing port.o(i.vPortEndScheduler), (48 bytes).
    Removing bsp_delay.o(.rev16_text), (4 bytes).
    Removing bsp_delay.o(.revsh_text), (4 bytes).
    Removing bsp_delay.o(.rrx_text), (6 bytes).
    Removing bsp_delay.o(i.delay_ms), (80 bytes).
    Removing bsp_imu_pwm.o(.rev16_text), (4 bytes).
    Removing bsp_imu_pwm.o(.revsh_text), (4 bytes).
    Removing bsp_imu_pwm.o(.rrx_text), (6 bytes).
    Removing bsp_led.o(.rev16_text), (4 bytes).
    Removing bsp_led.o(.revsh_text), (4 bytes).
    Removing bsp_led.o(.rrx_text), (6 bytes).
    Removing bsp_spi.o(.rev16_text), (4 bytes).
    Removing bsp_spi.o(.revsh_text), (4 bytes).
    Removing bsp_spi.o(.rrx_text), (6 bytes).
    Removing controller_task.o(.rev16_text), (4 bytes).
    Removing controller_task.o(.revsh_text), (4 bytes).
    Removing controller_task.o(.rrx_text), (6 bytes).
    Removing ins_task.o(.rev16_text), (4 bytes).
    Removing ins_task.o(.revsh_text), (4 bytes).
    Removing ins_task.o(.rrx_text), (6 bytes).
    Removing led_flow_task.o(.rev16_text), (4 bytes).
    Removing led_flow_task.o(.revsh_text), (4 bytes).
    Removing led_flow_task.o(.rrx_text), (6 bytes).
    Removing test_task.o(.rev16_text), (4 bytes).
    Removing test_task.o(.revsh_text), (4 bytes).
    Removing test_task.o(.rrx_text), (6 bytes).
    Removing user_lib.o(i.abs_limit), (48 bytes).
    Removing user_lib.o(i.fp32_constrain), (42 bytes).
    Removing user_lib.o(i.fp32_deadline), (36 bytes).
    Removing user_lib.o(i.int16_constrain), (22 bytes).
    Removing user_lib.o(i.int16_deadline), (12 bytes).
    Removing user_lib.o(i.loop_fp32_constrain), (96 bytes).
    Removing user_lib.o(i.ramp_calc), (90 bytes).
    Removing user_lib.o(i.ramp_init), (44 bytes).
    Removing user_lib.o(i.sign), (26 bytes).
    Removing user_lib.o(i.theta_format), (32 bytes).
    Removing pid.o(.rev16_text), (4 bytes).
    Removing pid.o(.revsh_text), (4 bytes).
    Removing pid.o(.rrx_text), (6 bytes).
    Removing pid.o(i.PID_clear), (76 bytes).
    Removing rmotors_controller.o(.rev16_text), (4 bytes).
    Removing rmotors_controller.o(.revsh_text), (4 bytes).
    Removing rmotors_controller.o(.rrx_text), (6 bytes).
    Removing charge_controller.o(.rev16_text), (4 bytes).
    Removing charge_controller.o(.revsh_text), (4 bytes).
    Removing charge_controller.o(.rrx_text), (6 bytes).
    Removing rotate_controller.o(.rev16_text), (4 bytes).
    Removing rotate_controller.o(.revsh_text), (4 bytes).
    Removing rotate_controller.o(.rrx_text), (6 bytes).
    Removing replace_controller.o(.rev16_text), (4 bytes).
    Removing replace_controller.o(.revsh_text), (4 bytes).
    Removing replace_controller.o(.rrx_text), (6 bytes).
    Removing bmi088driver.o(.rev16_text), (4 bytes).
    Removing bmi088driver.o(.revsh_text), (4 bytes).
    Removing bmi088driver.o(.rrx_text), (6 bytes).
    Removing bmi088driver.o(i.BMI088_read_accel_who_am_i), (36 bytes).
    Removing bmi088driver.o(i.BMI088_read_gyro_who_am_i), (20 bytes).
    Removing bmi088driver.o(i.get_BMI088_accel), (160 bytes).
    Removing bmi088driver.o(i.get_BMI088_gyro), (84 bytes).
    Removing bmi088driver.o(i.get_BMI088_sensor_time), (54 bytes).
    Removing bmi088driver.o(i.get_BMI088_temperate), (94 bytes).
    Removing bmi088middleware.o(.rev16_text), (4 bytes).
    Removing bmi088middleware.o(.revsh_text), (4 bytes).
    Removing bmi088middleware.o(.rrx_text), (6 bytes).
    Removing ist8310driver.o(i.ist8310_read_over), (132 bytes).
    Removing ist8310driver_middleware.o(.rev16_text), (4 bytes).
    Removing ist8310driver_middleware.o(.revsh_text), (4 bytes).
    Removing ist8310driver_middleware.o(.rrx_text), (6 bytes).
    Removing ist8310driver_middleware.o(i.ist8310_IIC_write_muli_reg), (36 bytes).
    Removing ist8310driver_middleware.o(i.ist8310_delay_us), (12 bytes).
    Removing remotemiddleware.o(.rev16_text), (4 bytes).
    Removing remotemiddleware.o(.revsh_text), (4 bytes).
    Removing remotemiddleware.o(.rrx_text), (6 bytes).
    Removing motorsmiddleware.o(.rev16_text), (4 bytes).
    Removing motorsmiddleware.o(.revsh_text), (4 bytes).
    Removing motorsmiddleware.o(.rrx_text), (6 bytes).
    Removing motorsmiddleware.o(i._Motor_ID_Cansend), (192 bytes).
    Removing servomiddleware.o(.rev16_text), (4 bytes).
    Removing servomiddleware.o(.revsh_text), (4 bytes).
    Removing servomiddleware.o(.rrx_text), (6 bytes).
    Removing servomiddleware.o(i.servo_CCR_set), (12 bytes).

785 unused section(s) (total 64188 bytes) removed from the image.

==============================================================================

Memory Map of the image

  Image Entry point : 0x00000000

  Load Region LR_IROM1 (Base: 0x08000000, Size: 0x0000d074, Max: 0x00100000, ABSOLUTE)

    Execution Region ER_IROM1 (Base: 0x08000000, Size: 0x0000cf24, Max: 0x00100000, ABSOLUTE)

    Base Addr    Size         Type   Attr      Idx    E Section Name        Object

    0x08000000   0x00000188   Data   RO            3    RESET               startup_stm32f407xx.o
    0x08000188   0x00000008   Code   RO         7120  * !!!main             c_w.l(__main.o)
    0x08000190   0x00000002   Code   RO         7254    .ARM.Collect$$libinit$$00000000  c_w.l(libinit.o)
    0x08000192   0x00000004   Code   RO         7263    .ARM.Collect$$libinit$$00000001  c_w.l(libinit2.o)
    0x08000196   0x00000000   Code   RO         7266    .ARM.Collect$$libinit$$00000004  c_w.l(libinit2.o)
    0x08000196   0x00000000   Code   RO         7269    .ARM.Collect$$libinit$$0000000A  c_w.l(libinit2.o)
    0x08000196   0x00000000   Code   RO         7271    .ARM.Collect$$libinit$$0000000C  c_w.l(libinit2.o)
    0x08000196   0x00000000   Code   RO         7273    .ARM.Collect$$libinit$$0000000E  c_w.l(libinit2.o)
    0x08000196   0x00000000   Code   RO         7276    .ARM.Collect$$libinit$$00000011  c_w.l(libinit2.o)
    0x08000196   0x00000000   Code   RO         7278    .ARM.Collect$$libinit$$00000013  c_w.l(libinit2.o)
    0x08000196   0x00000000   Code   RO         7280    .ARM.Collect$$libinit$$00000015  c_w.l(libinit2.o)
    0x08000196   0x00000000   Code   RO         7282    .ARM.Collect$$libinit$$00000017  c_w.l(libinit2.o)
    0x08000196   0x00000000   Code   RO         7284    .ARM.Collect$$libinit$$00000019  c_w.l(libinit2.o)
    0x08000196   0x00000000   Code   RO         7286    .ARM.Collect$$libinit$$0000001B  c_w.l(libinit2.o)
    0x08000196   0x00000000   Code   RO         7288    .ARM.Collect$$libinit$$0000001D  c_w.l(libinit2.o)
    0x08000196   0x00000000   Code   RO         7290    .ARM.Collect$$libinit$$0000001F  c_w.l(libinit2.o)
    0x08000196   0x00000000   Code   RO         7292    .ARM.Collect$$libinit$$00000021  c_w.l(libinit2.o)
    0x08000196   0x00000000   Code   RO         7294    .ARM.Collect$$libinit$$00000023  c_w.l(libinit2.o)
    0x08000196   0x00000000   Code   RO         7296    .ARM.Collect$$libinit$$00000025  c_w.l(libinit2.o)
    0x08000196   0x00000000   Code   RO         7300    .ARM.Collect$$libinit$$0000002C  c_w.l(libinit2.o)
    0x08000196   0x00000000   Code   RO         7302    .ARM.Collect$$libinit$$0000002E  c_w.l(libinit2.o)
    0x08000196   0x00000000   Code   RO         7304    .ARM.Collect$$libinit$$00000030  c_w.l(libinit2.o)
    0x08000196   0x00000000   Code   RO         7306    .ARM.Collect$$libinit$$00000032  c_w.l(libinit2.o)
    0x08000196   0x00000002   Code   RO         7307    .ARM.Collect$$libinit$$00000033  c_w.l(libinit2.o)
    0x08000198   0x00000002   Code   RO         7338    .ARM.Collect$$libshutdown$$00000000  c_w.l(libshutdown.o)
    0x0800019a   0x00000000   Code   RO         7365    .ARM.Collect$$libshutdown$$00000003  c_w.l(libshutdown2.o)
    0x0800019a   0x00000000   Code   RO         7368    .ARM.Collect$$libshutdown$$00000006  c_w.l(libshutdown2.o)
    0x0800019a   0x00000000   Code   RO         7371    .ARM.Collect$$libshutdown$$00000009  c_w.l(libshutdown2.o)
    0x0800019a   0x00000000   Code   RO         7373    .ARM.Collect$$libshutdown$$0000000B  c_w.l(libshutdown2.o)
    0x0800019a   0x00000000   Code   RO         7376    .ARM.Collect$$libshutdown$$0000000E  c_w.l(libshutdown2.o)
    0x0800019a   0x00000002   Code   RO         7377    .ARM.Collect$$libshutdown$$0000000F  c_w.l(libshutdown2.o)
    0x0800019c   0x00000000   Code   RO         7166    .ARM.Collect$$rtentry$$00000000  c_w.l(__rtentry.o)
    0x0800019c   0x00000000   Code   RO         7217    .ARM.Collect$$rtentry$$00000002  c_w.l(__rtentry2.o)
    0x0800019c   0x00000006   Code   RO         7229    .ARM.Collect$$rtentry$$00000004  c_w.l(__rtentry4.o)
    0x080001a2   0x00000000   Code   RO         7219    .ARM.Collect$$rtentry$$00000009  c_w.l(__rtentry2.o)
    0x080001a2   0x00000004   Code   RO         7220    .ARM.Collect$$rtentry$$0000000A  c_w.l(__rtentry2.o)
    0x080001a6   0x00000000   Code   RO         7222    .ARM.Collect$$rtentry$$0000000C  c_w.l(__rtentry2.o)
    0x080001a6   0x00000008   Code   RO         7223    .ARM.Collect$$rtentry$$0000000D  c_w.l(__rtentry2.o)
    0x080001ae   0x00000002   Code   RO         7255    .ARM.Collect$$rtexit$$00000000  c_w.l(rtexit.o)
    0x080001b0   0x00000000   Code   RO         7311    .ARM.Collect$$rtexit$$00000002  c_w.l(rtexit2.o)
    0x080001b0   0x00000004   Code   RO         7312    .ARM.Collect$$rtexit$$00000003  c_w.l(rtexit2.o)
    0x080001b4   0x00000006   Code   RO         7313    .ARM.Collect$$rtexit$$00000004  c_w.l(rtexit2.o)
    0x080001ba   0x00000002   PAD
    0x080001bc   0x000000be   Code   RO         5710    .emb_text           port.o
    0x0800027a   0x00000002   PAD
    0x0800027c   0x00000040   Code   RO            4    .text               startup_stm32f407xx.o
    0x080002bc   0x000000ee   Code   RO         7104    .text               c_w.l(lludivv7m.o)
    0x080003aa   0x0000003e   Code   RO         7106    .text               c_w.l(strlen.o)
    0x080003e8   0x0000008a   Code   RO         7108    .text               c_w.l(rt_memcpy_v6.o)
    0x08000472   0x00000064   Code   RO         7110    .text               c_w.l(rt_memcpy_w.o)
    0x080004d6   0x00000010   Code   RO         7114    .text               c_w.l(aeabi_memset.o)
    0x080004e6   0x0000004e   Code   RO         7116    .text               c_w.l(rt_memclr_w.o)
    0x08000534   0x00000006   Code   RO         7118    .text               c_w.l(heapauxi.o)
    0x0800053a   0x00000016   Code   RO         7171    .text               c_w.l(_rserrno.o)
    0x08000550   0x00000044   Code   RO         7173    .text               c_w.l(rt_memclr.o)
    0x08000594   0x00000008   Code   RO         7236    .text               c_w.l(rt_errno_addr_intlibspace.o)
    0x0800059c   0x00000008   Code   RO         7238    .text               c_w.l(libspace.o)
    0x080005a4   0x0000004a   Code   RO         7241    .text               c_w.l(sys_stackheap_outer.o)
    0x080005ee   0x0000000c   Code   RO         7243    .text               c_w.l(exit.o)
    0x080005fa   0x00000002   PAD
    0x080005fc   0x0000000c   Code   RO         7308    .text               c_w.l(sys_exit.o)
    0x08000608   0x00000002   Code   RO         7327    .text               c_w.l(use_no_semi.o)
    0x0800060a   0x00000000   Code   RO         7329    .text               c_w.l(indicate_semi.o)
    0x0800060a   0x00000002   PAD
    0x0800060c   0x00000028   Code   RO         6184    i.AHRS_init         ins_task.o
    0x08000634   0x0000006a   Code   RO         6185    i.AHRS_update       ins_task.o
    0x0800069e   0x00000002   PAD
    0x080006a0   0x00000014   Code   RO         6800    i.BMI088_ACCEL_NS_H  bmi088middleware.o
    0x080006b4   0x00000014   Code   RO         6801    i.BMI088_ACCEL_NS_L  bmi088middleware.o
    0x080006c8   0x00000002   Code   RO         6802    i.BMI088_GPIO_init  bmi088middleware.o
    0x080006ca   0x00000002   PAD
    0x080006cc   0x00000014   Code   RO         6803    i.BMI088_GYRO_NS_H  bmi088middleware.o
    0x080006e0   0x00000014   Code   RO         6804    i.BMI088_GYRO_NS_L  bmi088middleware.o
    0x080006f4   0x00000090   Code   RO         6664    i.BMI088_accel_read_over  bmi088driver.o
    0x08000784   0x00000002   Code   RO         6805    i.BMI088_com_init   bmi088middleware.o
    0x08000786   0x0000000c   Code   RO         6806    i.BMI088_delay_ms   bmi088middleware.o
    0x08000792   0x0000000c   Code   RO         6807    i.BMI088_delay_us   bmi088middleware.o
    0x0800079e   0x00000002   PAD
    0x080007a0   0x00000068   Code   RO         6665    i.BMI088_gyro_read_over  bmi088driver.o
    0x08000808   0x00000034   Code   RO         6666    i.BMI088_init       bmi088driver.o
    0x0800083c   0x0000017c   Code   RO         6667    i.BMI088_read       bmi088driver.o
    0x080009b8   0x00000026   Code   RO         6670    i.BMI088_read_muli_reg  bmi088driver.o
    0x080009de   0x00000018   Code   RO         6671    i.BMI088_read_single_reg  bmi088driver.o
    0x080009f6   0x00000002   PAD
    0x080009f8   0x00000020   Code   RO         6808    i.BMI088_read_write_byte  bmi088middleware.o
    0x08000a18   0x00000034   Code   RO         6672    i.BMI088_temperature_read_over  bmi088driver.o
    0x08000a4c   0x00000014   Code   RO         6673    i.BMI088_write_single_reg  bmi088driver.o
    0x08000a60   0x00000028   Code   RO           13    i.BSP_Init          main.o
    0x08000a88   0x00000004   Code   RO          637    i.BusFault_Handler  stm32f4xx_it.o
    0x08000a8c   0x00000010   Code   RO          638    i.CAN1_RX0_IRQHandler  stm32f4xx_it.o
    0x08000a9c   0x00000010   Code   RO          639    i.CAN1_RX1_IRQHandler  stm32f4xx_it.o
    0x08000aac   0x00000010   Code   RO          640    i.CAN1_TX_IRQHandler  stm32f4xx_it.o
    0x08000abc   0x00000016   Code   RO         6035    i.Controller_task   controller_task.o
    0x08000ad2   0x00000002   PAD
    0x08000ad4   0x00000010   Code   RO          641    i.DMA1_Stream1_IRQHandler  stm32f4xx_it.o
    0x08000ae4   0x00000898   Code   RO         6186    i.DMA2_Stream2_IRQHandler  ins_task.o
    0x0800137c   0x00000034   Code   RO         1511    i.DMA_CalcBaseAndBitshift  stm32f4xx_hal_dma.o
    0x080013b0   0x000000aa   Code   RO         1512    i.DMA_CheckFifoParam  stm32f4xx_hal_dma.o
    0x0800145a   0x0000002c   Code   RO         1513    i.DMA_SetConfig     stm32f4xx_hal_dma.o
    0x08001486   0x00000002   PAD
    0x08001488   0x00000020   Code   RO         6991    i.DR16_DataInit     remotemiddleware.o
    0x080014a8   0x000001b4   Code   RO         6992    i.DR16_process      remotemiddleware.o
    0x0800165c   0x00000002   Code   RO          642    i.DebugMon_Handler  stm32f4xx_it.o
    0x0800165e   0x0000000a   Code   RO          643    i.EXTI0_IRQHandler  stm32f4xx_it.o
    0x08001668   0x0000000a   Code   RO          644    i.EXTI3_IRQHandler  stm32f4xx_it.o
    0x08001672   0x0000000a   Code   RO          645    i.EXTI4_IRQHandler  stm32f4xx_it.o
    0x0800167c   0x0000000a   Code   RO          646    i.EXTI9_5_IRQHandler  stm32f4xx_it.o
    0x08001686   0x00000002   Code   RO           14    i.Error_Handler     main.o
    0x08001688   0x0000002a   Code   RO          774    i.HAL_CAN_ActivateNotification  stm32f4xx_hal_can.o
    0x080016b2   0x00000156   Code   RO          775    i.HAL_CAN_AddTxMessage  stm32f4xx_hal_can.o
    0x08001808   0x00000124   Code   RO          776    i.HAL_CAN_ConfigFilter  stm32f4xx_hal_can.o
    0x0800192c   0x00000002   Code   RO          779    i.HAL_CAN_ErrorCallback  stm32f4xx_hal_can.o
    0x0800192e   0x0000017c   Code   RO          782    i.HAL_CAN_GetRxMessage  stm32f4xx_hal_can.o
    0x08001aaa   0x0000024e   Code   RO          786    i.HAL_CAN_IRQHandler  stm32f4xx_hal_can.o
    0x08001cf8   0x00000174   Code   RO          787    i.HAL_CAN_Init      stm32f4xx_hal_can.o
    0x08001e6c   0x000000b8   Code   RO          374    i.HAL_CAN_MspInit   can.o
    0x08001f24   0x00000002   Code   RO          794    i.HAL_CAN_RxFifo0FullCallback  stm32f4xx_hal_can.o
    0x08001f26   0x00000002   PAD
    0x08001f28   0x000003f4   Code   RO         7029    i.HAL_CAN_RxFifo0MsgPendingCallback  motorsmiddleware.o
    0x0800231c   0x00000002   Code   RO          796    i.HAL_CAN_RxFifo1FullCallback  stm32f4xx_hal_can.o
    0x0800231e   0x00000002   Code   RO          797    i.HAL_CAN_RxFifo1MsgPendingCallback  stm32f4xx_hal_can.o
    0x08002320   0x00000002   Code   RO          798    i.HAL_CAN_SleepCallback  stm32f4xx_hal_can.o
    0x08002322   0x0000005e   Code   RO          799    i.HAL_CAN_Start     stm32f4xx_hal_can.o
    0x08002380   0x00000002   Code   RO          801    i.HAL_CAN_TxMailbox0AbortCallback  stm32f4xx_hal_can.o
    0x08002382   0x00000002   Code   RO          802    i.HAL_CAN_TxMailbox0CompleteCallback  stm32f4xx_hal_can.o
    0x08002384   0x00000002   Code   RO          803    i.HAL_CAN_TxMailbox1AbortCallback  stm32f4xx_hal_can.o
    0x08002386   0x00000002   Code   RO          804    i.HAL_CAN_TxMailbox1CompleteCallback  stm32f4xx_hal_can.o
    0x08002388   0x00000002   Code   RO          805    i.HAL_CAN_TxMailbox2AbortCallback  stm32f4xx_hal_can.o
    0x0800238a   0x00000002   Code   RO          806    i.HAL_CAN_TxMailbox2CompleteCallback  stm32f4xx_hal_can.o
    0x0800238c   0x00000002   Code   RO          808    i.HAL_CAN_WakeUpFromRxMsgCallback  stm32f4xx_hal_can.o
    0x0800238e   0x000000aa   Code   RO         1514    i.HAL_DMA_Abort     stm32f4xx_hal_dma.o
    0x08002438   0x00000240   Code   RO         1519    i.HAL_DMA_IRQHandler  stm32f4xx_hal_dma.o
    0x08002678   0x000000ec   Code   RO         1520    i.HAL_DMA_Init      stm32f4xx_hal_dma.o
    0x08002764   0x0000009e   Code   RO         1524    i.HAL_DMA_Start_IT  stm32f4xx_hal_dma.o
    0x08002802   0x00000002   PAD
    0x08002804   0x00000028   Code   RO         1938    i.HAL_Delay         stm32f4xx_hal.o
    0x0800282c   0x000000d4   Code   RO         6187    i.HAL_GPIO_EXTI_Callback  ins_task.o
    0x08002900   0x0000001c   Code   RO         1406    i.HAL_GPIO_EXTI_IRQHandler  stm32f4xx_hal_gpio.o
    0x0800291c   0x00000200   Code   RO         1407    i.HAL_GPIO_Init     stm32f4xx_hal_gpio.o
    0x08002b1c   0x0000000c   Code   RO         1411    i.HAL_GPIO_WritePin  stm32f4xx_hal_gpio.o
    0x08002b28   0x0000000c   Code   RO         1944    i.HAL_GetTick       stm32f4xx_hal.o
    0x08002b34   0x000001b8   Code   RO         2197    i.HAL_I2C_Init      stm32f4xx_hal_i2c.o
    0x08002cec   0x000002f4   Code   RO         2215    i.HAL_I2C_Mem_Read  stm32f4xx_hal_i2c.o
    0x08002fe0   0x00000164   Code   RO         2218    i.HAL_I2C_Mem_Write  stm32f4xx_hal_i2c.o
    0x08003144   0x000000c8   Code   RO          440    i.HAL_I2C_MspInit   i2c.o
    0x0800320c   0x00000018   Code   RO         1950    i.HAL_IncTick       stm32f4xx_hal.o
    0x08003224   0x0000003c   Code   RO         1951    i.HAL_Init          stm32f4xx_hal.o
    0x08003260   0x0000004c   Code   RO         1952    i.HAL_InitTick      stm32f4xx_hal.o
    0x080032ac   0x00000054   Code   RO          749    i.HAL_MspInit       stm32f4xx_hal_msp.o
    0x08003300   0x00000020   Code   RO         1796    i.HAL_NVIC_EnableIRQ  stm32f4xx_hal_cortex.o
    0x08003320   0x0000007c   Code   RO         1802    i.HAL_NVIC_SetPriority  stm32f4xx_hal_cortex.o
    0x0800339c   0x00000028   Code   RO         1803    i.HAL_NVIC_SetPriorityGrouping  stm32f4xx_hal_cortex.o
    0x080033c4   0x00000180   Code   RO         1008    i.HAL_RCC_ClockConfig  stm32f4xx_hal_rcc.o
    0x08003544   0x0000000c   Code   RO         1013    i.HAL_RCC_GetHCLKFreq  stm32f4xx_hal_rcc.o
    0x08003550   0x00000020   Code   RO         1015    i.HAL_RCC_GetPCLK1Freq  stm32f4xx_hal_rcc.o
    0x08003570   0x00000020   Code   RO         1016    i.HAL_RCC_GetPCLK2Freq  stm32f4xx_hal_rcc.o
    0x08003590   0x000000b0   Code   RO         1017    i.HAL_RCC_GetSysClockFreq  stm32f4xx_hal_rcc.o
    0x08003640   0x00000448   Code   RO         1020    i.HAL_RCC_OscConfig  stm32f4xx_hal_rcc.o
    0x08003a88   0x0000008c   Code   RO         2677    i.HAL_SPI_Init      stm32f4xx_hal_spi.o
    0x08003b14   0x00000158   Code   RO          482    i.HAL_SPI_MspInit   spi.o
    0x08003c6c   0x0000022a   Code   RO         2686    i.HAL_SPI_TransmitReceive  stm32f4xx_hal_spi.o
    0x08003e96   0x00000034   Code   RO         1807    i.HAL_SYSTICK_Config  stm32f4xx_hal_cortex.o
    0x08003eca   0x00000074   Code   RO         3679    i.HAL_TIMEx_ConfigBreakDeadTime  stm32f4xx_hal_tim_ex.o
    0x08003f3e   0x00000054   Code   RO         3694    i.HAL_TIMEx_MasterConfigSynchronization  stm32f4xx_hal_tim_ex.o
    0x08003f92   0x00000034   Code   RO         2990    i.HAL_TIM_Base_Init  stm32f4xx_hal_tim.o
    0x08003fc6   0x00000002   PAD
    0x08003fc8   0x00000064   Code   RO          524    i.HAL_TIM_Base_MspInit  tim.o
    0x0800402c   0x0000002a   Code   RO         2993    i.HAL_TIM_Base_Start  stm32f4xx_hal_tim.o
    0x08004056   0x00000108   Code   RO         2999    i.HAL_TIM_ConfigClockSource  stm32f4xx_hal_tim.o
    0x0800415e   0x00000002   PAD
    0x08004160   0x00000130   Code   RO          525    i.HAL_TIM_MspPostInit  tim.o
    0x08004290   0x00000108   Code   RO         3057    i.HAL_TIM_PWM_ConfigChannel  stm32f4xx_hal_tim.o
    0x08004398   0x00000034   Code   RO         3060    i.HAL_TIM_PWM_Init  stm32f4xx_hal_tim.o
    0x080043cc   0x00000034   Code   RO          527    i.HAL_TIM_PWM_MspInit  tim.o
    0x08004400   0x00000058   Code   RO         3065    i.HAL_TIM_PWM_Start  stm32f4xx_hal_tim.o
    0x08004458   0x00000066   Code   RO         3946    i.HAL_UART_DMAStop  stm32f4xx_hal_uart.o
    0x080044be   0x00000002   Code   RO         3948    i.HAL_UART_ErrorCallback  stm32f4xx_hal_uart.o
    0x080044c0   0x00000072   Code   RO         3952    i.HAL_UART_Init     stm32f4xx_hal_uart.o
    0x08004532   0x00000002   PAD
    0x08004534   0x000000d4   Code   RO          596    i.HAL_UART_MspInit  usart.o
    0x08004608   0x000000c4   Code   RO         3956    i.HAL_UART_Receive_DMA  stm32f4xx_hal_uart.o
    0x080046cc   0x0000002c   Code   RO         6993    i.HAL_UART_RxCpltCallback  remotemiddleware.o
    0x080046f8   0x00000002   Code   RO         3959    i.HAL_UART_RxHalfCpltCallback  stm32f4xx_hal_uart.o
    0x080046fa   0x00000004   Code   RO          647    i.HardFault_Handler  stm32f4xx_it.o
    0x080046fe   0x0000003e   Code   RO         2240    i.I2C_IsAcknowledgeFailed  stm32f4xx_hal_i2c.o
    0x0800473c   0x00000138   Code   RO         2250    i.I2C_RequestMemoryRead  stm32f4xx_hal_i2c.o
    0x08004874   0x000000cc   Code   RO         2251    i.I2C_RequestMemoryWrite  stm32f4xx_hal_i2c.o
    0x08004940   0x0000005c   Code   RO         2259    i.I2C_WaitOnBTFFlagUntilTimeout  stm32f4xx_hal_i2c.o
    0x0800499c   0x00000086   Code   RO         2260    i.I2C_WaitOnFlagUntilTimeout  stm32f4xx_hal_i2c.o
    0x08004a22   0x000000c4   Code   RO         2261    i.I2C_WaitOnMasterAddressFlagUntilTimeout  stm32f4xx_hal_i2c.o
    0x08004ae6   0x00000080   Code   RO         2262    i.I2C_WaitOnRXNEFlagUntilTimeout  stm32f4xx_hal_i2c.o
    0x08004b66   0x0000005c   Code   RO         2264    i.I2C_WaitOnTXEFlagUntilTimeout  stm32f4xx_hal_i2c.o
    0x08004bc2   0x00000002   PAD
    0x08004bc4   0x00000174   Code   RO         6188    i.INS_task          ins_task.o
    0x08004d38   0x00000044   Code   RO          375    i.MX_CAN1_Init      can.o
    0x08004d7c   0x00000078   Code   RO          415    i.MX_DMA_Init       dma.o
    0x08004df4   0x00000098   Code   RO          293    i.MX_FREERTOS_Init  freertos.o
    0x08004e8c   0x000001e0   Code   RO          269    i.MX_GPIO_Init      gpio.o
    0x0800506c   0x0000003c   Code   RO          441    i.MX_I2C3_Init      i2c.o
    0x080050a8   0x00000048   Code   RO          483    i.MX_SPI1_Init      spi.o
    0x080050f0   0x0000006c   Code   RO          528    i.MX_TIM10_Init     tim.o
    0x0800515c   0x000000c4   Code   RO          529    i.MX_TIM5_Init      tim.o
    0x08005220   0x000000b0   Code   RO          530    i.MX_TIM8_Init      tim.o
    0x080052d0   0x00000048   Code   RO          597    i.MX_USART3_UART_Init  usart.o
    0x08005318   0x000005ac   Code   RO         6355    i.MahonyAHRSupdate  mahonyahrs.o
    0x080058c4   0x000002fc   Code   RO         6356    i.MahonyAHRSupdateIMU  mahonyahrs.o
    0x08005bc0   0x00000004   Code   RO          648    i.MemManage_Handler  stm32f4xx_it.o
    0x08005bc4   0x00000010   Code   RO         6512    i.MotorController_combine  rmotors_controller.o
    0x08005bd4   0x00000002   Code   RO          649    i.NMI_Handler       stm32f4xx_it.o
    0x08005bd6   0x00000002   PAD
    0x08005bd8   0x000001f0   Code   RO         6470    i.PID_calc          pid.o
    0x08005dc8   0x00000060   Code   RO         6472    i.PID_init          pid.o
    0x08005e28   0x0000273c   Code   RO         5998    i.SPI1_DMA_enable   bsp_spi.o
    0x08008564   0x00000180   Code   RO         5999    i.SPI1_DMA_init     bsp_spi.o
    0x080086e4   0x0000006c   Code   RO         2715    i.SPI_EndRxTxTransaction  stm32f4xx_hal_spi.o
    0x08008750   0x000000a8   Code   RO         2720    i.SPI_WaitFlagStateUntilTimeout  stm32f4xx_hal_spi.o
    0x080087f8   0x00000014   Code   RO          650    i.SysTick_Handler   stm32f4xx_it.o
    0x0800880c   0x000000b4   Code   RO           15    i.SystemClock_Config  main.o
    0x080088c0   0x00000064   Code   RO         4259    i.SystemInit        system_stm32f4xx.o
    0x08008924   0x000000d8   Code   RO         3078    i.TIM_Base_SetConfig  stm32f4xx_hal_tim.o
    0x080089fc   0x00000022   Code   RO         3079    i.TIM_CCxChannelCmd  stm32f4xx_hal_tim.o
    0x08008a1e   0x00000016   Code   RO         3089    i.TIM_ETR_SetConfig  stm32f4xx_hal_tim.o
    0x08008a34   0x00000012   Code   RO         3090    i.TIM_ITRx_SetConfig  stm32f4xx_hal_tim.o
    0x08008a46   0x00000002   PAD
    0x08008a48   0x00000070   Code   RO         3091    i.TIM_OC1_SetConfig  stm32f4xx_hal_tim.o
    0x08008ab8   0x0000007c   Code   RO         3092    i.TIM_OC2_SetConfig  stm32f4xx_hal_tim.o
    0x08008b34   0x00000078   Code   RO         3093    i.TIM_OC3_SetConfig  stm32f4xx_hal_tim.o
    0x08008bac   0x00000054   Code   RO         3094    i.TIM_OC4_SetConfig  stm32f4xx_hal_tim.o
    0x08008c00   0x00000026   Code   RO         3096    i.TIM_TI1_ConfigInputStage  stm32f4xx_hal_tim.o
    0x08008c26   0x00000028   Code   RO         3098    i.TIM_TI2_ConfigInputStage  stm32f4xx_hal_tim.o
    0x08008c4e   0x00000050   Code   RO         3966    i.UART_DMAError     stm32f4xx_hal_uart.o
    0x08008c9e   0x00000046   Code   RO         3967    i.UART_DMAReceiveCplt  stm32f4xx_hal_uart.o
    0x08008ce4   0x0000000e   Code   RO         3969    i.UART_DMARxHalfCplt  stm32f4xx_hal_uart.o
    0x08008cf2   0x00000020   Code   RO         3975    i.UART_EndRxTransfer  stm32f4xx_hal_uart.o
    0x08008d12   0x00000014   Code   RO         3977    i.UART_EndTxTransfer  stm32f4xx_hal_uart.o
    0x08008d26   0x00000002   PAD
    0x08008d28   0x00000368   Code   RO         3979    i.UART_SetConfig    stm32f4xx_hal_uart.o
    0x08009090   0x00000004   Code   RO          651    i.UsageFault_Handler  stm32f4xx_it.o
    0x08009094   0x00000026   Code   RO         7188    i.__ARM_fpclassifyf  m_wm.l(fpclassifyf.o)
    0x080090ba   0x00000002   PAD
    0x080090bc   0x00000010   Code   RO         1809    i.__NVIC_GetPriorityGrouping  stm32f4xx_hal_cortex.o
    0x080090cc   0x00000028   Code   RO         1810    i.__NVIC_SetPriority  stm32f4xx_hal_cortex.o
    0x080090f4   0x0000012c   Code   RO         7130    i.__hardfp_asinf    m_wm.l(asinf.o)
    0x08009220   0x00000250   Code   RO         7142    i.__hardfp_atan2f   m_wm.l(atan2f.o)
    0x08009470   0x0000007a   Code   RO         7154    i.__hardfp_sqrt     m_wm.l(sqrt.o)
    0x080094ea   0x00000006   Code   RO         7191    i.__mathlib_flt_infnan  m_wm.l(funder.o)
    0x080094f0   0x00000006   Code   RO         7192    i.__mathlib_flt_infnan2  m_wm.l(funder.o)
    0x080094f6   0x00000002   PAD
    0x080094f8   0x00000010   Code   RO         7193    i.__mathlib_flt_invalid  m_wm.l(funder.o)
    0x08009508   0x00000010   Code   RO         7196    i.__mathlib_flt_underflow  m_wm.l(funder.o)
    0x08009518   0x00000068   Code   RO         5970    i.aRGB_led_show     bsp_led.o
    0x08009580   0x00000134   Code   RO         6674    i.bmi088_accel_init  bmi088driver.o
    0x080096b4   0x000002fc   Code   RO         6675    i.bmi088_accel_self_test  bmi088driver.o
    0x080099b0   0x000000f4   Code   RO         6676    i.bmi088_gyro_init  bmi088driver.o
    0x08009aa4   0x000000d0   Code   RO         6677    i.bmi088_gyro_self_test  bmi088driver.o
    0x08009b74   0x0000007c   Code   RO         6559    i.charge_motors_control  charge_controller.o
    0x08009bf0   0x0000008c   Code   RO         6560    i.charger_motors_PID_Filter_init  charge_controller.o
    0x08009c7c   0x00000030   Code   RO         5790    i.delay_init        bsp_delay.o
    0x08009cac   0x00000050   Code   RO         5792    i.delay_us          bsp_delay.o
    0x08009cfc   0x0000004c   Code   RO         6387    i.first_order_filter_cali  user_lib.o
    0x08009d48   0x00000038   Code   RO         6388    i.first_order_filter_init  user_lib.o
    0x08009d80   0x000000dc   Code   RO         6189    i.get_angle         ins_task.o
    0x08009e5c   0x000001a8   Code   RO         6190    i.imu_cmd_spi_dma   ins_task.o
    0x0800a004   0x0000000c   Code   RO         5943    i.imu_pwm_set       bsp_imu_pwm.o
    0x0800a010   0x000000a4   Code   RO         6191    i.imu_temp_control  ins_task.o
    0x0800a0b4   0x0000003c   Code   RO         6357    i.invSqrt           mahonyahrs.o
    0x0800a0f0   0x00000002   Code   RO         6913    i.ist8310_GPIO_init  ist8310driver_middleware.o
    0x0800a0f2   0x00000002   PAD
    0x0800a0f4   0x00000024   Code   RO         6914    i.ist8310_IIC_read_muli_reg  ist8310driver_middleware.o
    0x0800a118   0x00000028   Code   RO         6915    i.ist8310_IIC_read_single_reg  ist8310driver_middleware.o
    0x0800a140   0x00000028   Code   RO         6917    i.ist8310_IIC_write_single_reg  ist8310driver_middleware.o
    0x0800a168   0x00000014   Code   RO         6918    i.ist8310_RST_H     ist8310driver_middleware.o
    0x0800a17c   0x00000014   Code   RO         6919    i.ist8310_RST_L     ist8310driver_middleware.o
    0x0800a190   0x00000002   Code   RO         6920    i.ist8310_com_init  ist8310driver_middleware.o
    0x0800a192   0x0000000c   Code   RO         6921    i.ist8310_delay_ms  ist8310driver_middleware.o
    0x0800a19e   0x00000002   PAD
    0x0800a1a0   0x00000094   Code   RO         6878    i.ist8310_init      ist8310driver.o
    0x0800a234   0x0000008c   Code   RO         6879    i.ist8310_read_mag  ist8310driver.o
    0x0800a2c0   0x000001b0   Code   RO         6290    i.led_RGB_flow_task  led_flow_task.o
    0x0800a470   0x00000030   Code   RO           16    i.main              main.o
    0x0800a4a0   0x0000000e   Code   RO         5282    i.makeFreeRtosPriority  cmsis_os.o
    0x0800a4ae   0x00000002   PAD
    0x0800a4b0   0x0000004c   Code   RO         7031    i.motor_can_filter_init  motorsmiddleware.o
    0x0800a4fc   0x00000030   Code   RO         6513    i.motors_Controller  rmotors_controller.o
    0x0800a52c   0x00000010   Code   RO         6514    i.motors_PID_Filter_init  rmotors_controller.o
    0x0800a53c   0x00000018   Code   RO         5284    i.osDelay           cmsis_os.o
    0x0800a554   0x0000000a   Code   RO         5287    i.osKernelStart     cmsis_os.o
    0x0800a55e   0x0000005e   Code   RO         5321    i.osThreadCreate    cmsis_os.o
    0x0800a5bc   0x00000030   Code   RO         4779    i.pcTaskGetName     tasks.o
    0x0800a5ec   0x000000a4   Code   RO         4780    i.prvAddCurrentTaskToDelayedList  tasks.o
    0x0800a690   0x000000b4   Code   RO         4781    i.prvAddNewTaskToReadyList  tasks.o
    0x0800a744   0x00000074   Code   RO         5129    i.prvCheckForValidListAndQueue  timers.o
    0x0800a7b8   0x00000048   Code   RO         4782    i.prvCheckTasksWaitingTermination  tasks.o
    0x0800a800   0x0000002a   Code   RO         4436    i.prvCopyDataFromQueue  queue.o
    0x0800a82a   0x0000007c   Code   RO         4437    i.prvCopyDataToQueue  queue.o
    0x0800a8a6   0x00000050   Code   RO         4783    i.prvDeleteTCB      tasks.o
    0x0800a8f6   0x00000002   PAD
    0x0800a8f8   0x00000028   Code   RO         5130    i.prvGetNextExpireTime  timers.o
    0x0800a920   0x0000007c   Code   RO         5661    i.prvHeapInit       heap_4.o
    0x0800a99c   0x00000028   Code   RO         4784    i.prvIdleTask       tasks.o
    0x0800a9c4   0x00000026   Code   RO         4440    i.prvInitialiseNewQueue  queue.o
    0x0800a9ea   0x000000b8   Code   RO         4785    i.prvInitialiseNewTask  tasks.o
    0x0800aaa2   0x00000002   PAD
    0x0800aaa4   0x00000068   Code   RO         4786    i.prvInitialiseTaskLists  tasks.o
    0x0800ab0c   0x00000068   Code   RO         5662    i.prvInsertBlockIntoFreeList  heap_4.o
    0x0800ab74   0x00000058   Code   RO         5132    i.prvInsertTimerInActiveList  timers.o
    0x0800abcc   0x0000001a   Code   RO         4441    i.prvIsQueueEmpty   queue.o
    0x0800abe6   0x0000001e   Code   RO         4442    i.prvIsQueueFull    queue.o
    0x0800ac04   0x00000064   Code   RO         5133    i.prvProcessExpiredTimer  timers.o
    0x0800ac68   0x00000128   Code   RO         5134    i.prvProcessReceivedCommands  timers.o
    0x0800ad90   0x00000074   Code   RO         5135    i.prvProcessTimerOrBlockTask  timers.o
    0x0800ae04   0x00000034   Code   RO         4787    i.prvResetNextTaskUnblockTime  tasks.o
    0x0800ae38   0x0000002c   Code   RO         5136    i.prvSampleTimeNow  timers.o
    0x0800ae64   0x0000009e   Code   RO         4788    i.prvSearchForNameWithinSingleList  tasks.o
    0x0800af02   0x00000002   PAD
    0x0800af04   0x000000a0   Code   RO         5137    i.prvSwitchTimerLists  timers.o
    0x0800afa4   0x00000040   Code   RO         5711    i.prvTaskExitError  port.o
    0x0800afe4   0x0000001a   Code   RO         5138    i.prvTimerTask      timers.o
    0x0800affe   0x0000007e   Code   RO         4443    i.prvUnlockQueue    queue.o
    0x0800b07c   0x0000013c   Code   RO         5663    i.pvPortMalloc      heap_4.o
    0x0800b1b8   0x0000002c   Code   RO         5712    i.pxPortInitialiseStack  port.o
    0x0800b1e4   0x00000058   Code   RO         6629    i.replace_motors_PID_Filter_init  replace_controller.o
    0x0800b23c   0x00000058   Code   RO         6630    i.replace_motors_control  replace_controller.o
    0x0800b294   0x00000058   Code   RO         6594    i.rotate_motors_PID_Filter_init  rotate_controller.o
    0x0800b2ec   0x000000d0   Code   RO         6595    i.rotate_motors_control  rotate_controller.o
    0x0800b3bc   0x0000000e   Code   RO         7073    i.servo_PWM_init    servomiddleware.o
    0x0800b3ca   0x0000003e   Code   RO         7206    i.sqrtf             m_wm.l(sqrtf.o)
    0x0800b408   0x00000048   Code   RO         6331    i.test_task         test_task.o
    0x0800b450   0x00000074   Code   RO         4792    i.ulTaskNotifyTake  tasks.o
    0x0800b4c4   0x00000028   Code   RO         4396    i.uxListRemove      list.o
    0x0800b4ec   0x00000018   Code   RO          295    i.vApplicationGetIdleTaskMemory  freertos.o
    0x0800b504   0x00000018   Code   RO          296    i.vApplicationGetTimerTaskMemory  freertos.o
    0x0800b51c   0x0000001a   Code   RO         4397    i.vListInitialise   list.o
    0x0800b536   0x00000006   Code   RO         4398    i.vListInitialiseItem  list.o
    0x0800b53c   0x00000034   Code   RO         4399    i.vListInsert       list.o
    0x0800b570   0x00000018   Code   RO         4400    i.vListInsertEnd    list.o
    0x0800b588   0x00000054   Code   RO         5714    i.vPortEnterCritical  port.o
    0x0800b5dc   0x0000003c   Code   RO         5715    i.vPortExitCritical  port.o
    0x0800b618   0x00000094   Code   RO         5664    i.vPortFree         heap_4.o
    0x0800b6ac   0x00000028   Code   RO         5716    i.vPortSetupTimerInterrupt  port.o
    0x0800b6d4   0x00000078   Code   RO         5717    i.vPortValidateInterruptPriority  port.o
    0x0800b74c   0x0000002c   Code   RO         4447    i.vQueueAddToRegistry  queue.o
    0x0800b778   0x0000004a   Code   RO         4450    i.vQueueWaitForMessageRestricted  queue.o
    0x0800b7c2   0x00000002   PAD
    0x0800b7c4   0x0000005c   Code   RO         4798    i.vTaskDelay        tasks.o
    0x0800b820   0x00000018   Code   RO         4802    i.vTaskInternalSetTimeOutState  tasks.o
    0x0800b838   0x0000000c   Code   RO         4803    i.vTaskMissedYield  tasks.o
    0x0800b844   0x000000f0   Code   RO         4804    i.vTaskNotifyGiveFromISR  tasks.o
    0x0800b934   0x00000038   Code   RO         4805    i.vTaskPlaceOnEventList  tasks.o
    0x0800b96c   0x00000040   Code   RO         4806    i.vTaskPlaceOnEventListRestricted  tasks.o
    0x0800b9ac   0x000000b8   Code   RO         4813    i.vTaskStartScheduler  tasks.o
    0x0800ba64   0x00000010   Code   RO         4815    i.vTaskSuspendAll   tasks.o
    0x0800ba74   0x0000008c   Code   RO         4816    i.vTaskSwitchContext  tasks.o
    0x0800bb00   0x00000168   Code   RO         5718    i.xPortStartScheduler  port.o
    0x0800bc68   0x00000034   Code   RO         5719    i.xPortSysTickHandler  port.o
    0x0800bc9c   0x000000de   Code   RO         4454    i.xQueueGenericCreateStatic  queue.o
    0x0800bd7a   0x00000002   PAD
    0x0800bd7c   0x00000098   Code   RO         4455    i.xQueueGenericReset  queue.o
    0x0800be14   0x000001a8   Code   RO         4456    i.xQueueGenericSend  queue.o
    0x0800bfbc   0x000000f8   Code   RO         4457    i.xQueueGenericSendFromISR  queue.o
    0x0800c0b4   0x00000168   Code   RO         4465    i.xQueueReceive     queue.o
    0x0800c21c   0x000000a8   Code   RO         4818    i.xTaskCheckForTimeOut  tasks.o
    0x0800c2c4   0x00000064   Code   RO         4819    i.xTaskCreate       tasks.o
    0x0800c328   0x000000b8   Code   RO         4820    i.xTaskCreateStatic  tasks.o
    0x0800c3e0   0x000000a4   Code   RO         4824    i.xTaskGetHandle    tasks.o
    0x0800c484   0x00000020   Code   RO         4825    i.xTaskGetSchedulerState  tasks.o
    0x0800c4a4   0x0000000c   Code   RO         4826    i.xTaskGetTickCount  tasks.o
    0x0800c4b0   0x00000148   Code   RO         4828    i.xTaskIncrementTick  tasks.o
    0x0800c5f8   0x000000c8   Code   RO         4831    i.xTaskPriorityDisinherit  tasks.o
    0x0800c6c0   0x00000098   Code   RO         4833    i.xTaskRemoveFromEventList  tasks.o
    0x0800c758   0x00000104   Code   RO         4834    i.xTaskResumeAll    tasks.o
    0x0800c85c   0x00000078   Code   RO         5143    i.xTimerCreateTimerTask  timers.o
    0x0800c8d4   0x00000084   Code   RO         5144    i.xTimerGenericCommand  timers.o
    0x0800c958   0x00000062   Code   RO         7122    x$fpl$d2f           fz_wm.l(d2f.o)
    0x0800c9ba   0x00000018   Code   RO         7175    x$fpl$dcmpinf       fz_wm.l(dcmpi.o)
    0x0800c9d2   0x00000002   PAD
    0x0800c9d4   0x00000078   Code   RO         7124    x$fpl$dleqf         fz_wm.l(dleqf.o)
    0x0800ca4c   0x0000009c   Code   RO         7177    x$fpl$dnaninf       fz_wm.l(dnaninf.o)
    0x0800cae8   0x0000000c   Code   RO         7179    x$fpl$dretinf       fz_wm.l(dretinf.o)
    0x0800caf4   0x0000006c   Code   RO         7126    x$fpl$drleqf        fz_wm.l(drleqf.o)
    0x0800cb60   0x00000198   Code   RO         7181    x$fpl$dsqrt         fz_wm.l(dsqrt_umaal.o)
    0x0800ccf8   0x00000056   Code   RO         7128    x$fpl$f2d           fz_wm.l(f2d.o)
    0x0800cd4e   0x0000008c   Code   RO         7183    x$fpl$fnaninf       fz_wm.l(fnaninf.o)
    0x0800cdda   0x0000000a   Code   RO         7323    x$fpl$fpinit        fz_wm.l(fpinit.o)
    0x0800cde4   0x0000000a   Code   RO         7185    x$fpl$fretinf       fz_wm.l(fretinf.o)
    0x0800cdee   0x00000000   Code   RO         7187    x$fpl$usenofp       fz_wm.l(usenofp.o)
    0x0800cdee   0x00000002   PAD
    0x0800cdf0   0x0000008c   Data   RO          298    .constdata          freertos.o
    0x0800ce7c   0x00000008   Data   RO         1526    .constdata          stm32f4xx_hal_dma.o
    0x0800ce84   0x00000018   Data   RO         4260    .constdata          system_stm32f4xx.o
    0x0800ce9c   0x0000000c   Data   RO         6193    .constdata          ins_task.o
    0x0800cea8   0x00000018   Data   RO         6562    .constdata          charge_controller.o
    0x0800cec0   0x0000000c   Data   RO         6597    .constdata          rotate_controller.o
    0x0800cecc   0x0000000c   Data   RO         6632    .constdata          replace_controller.o
    0x0800ced8   0x00000012   Data   RO         6682    .constdata          bmi088driver.o
    0x0800ceea   0x0000000c   Data   RO         6881    .constdata          ist8310driver.o
    0x0800cef6   0x00000002   PAD
    0x0800cef8   0x00000029   Data   RO          299    .conststring        freertos.o
    0x0800cf21   0x00000003   PAD
    0x0800cf24   0x00000000   Data   RO         7378    Region$$Table       anon$$obj.o


    Execution Region RW_IRAM1 (Base: 0x20000000, Size: 0x0000b318, Max: 0x0001c000, ABSOLUTE)

    Base Addr    Size         Type   Attr      Idx    E Section Name        Object

    0x20000000   0x00000014   Data   RW          300    .data               freertos.o
    0x20000014   0x00000009   Data   RW         1958    .data               stm32f4xx_hal.o
    0x2000001d   0x00000003   PAD
    0x20000020   0x00000004   Data   RW         4261    .data               system_stm32f4xx.o
    0x20000024   0x0000003c   Data   RW         4837    .data               tasks.o
    0x20000060   0x00000014   Data   RW         5152    .data               timers.o
    0x20000074   0x00000018   Data   RW         5669    .data               heap_4.o
    0x2000008c   0x0000000c   Data   RW         5720    .data               port.o
    0x20000098   0x00000008   Data   RW         5793    .data               bsp_delay.o
    0x200000a0   0x00000008   Data   RW         5971    .data               bsp_led.o
    0x200000a8   0x00000030   Data   RW         6194    .data               ins_task.o
    0x200000d8   0x0000001c   Data   RW         6291    .data               led_flow_task.o
    0x200000f4   0x00000014   Data   RW         6358    .data               mahonyahrs.o
    0x20000108   0x00000008   Data   RW         6516    .data               rmotors_controller.o
    0x20000110   0x0000002c   Data   RW         6683    .data               bmi088driver.o
    0x2000013c   0x00000014   Data   RW         7033    .data               motorsmiddleware.o
    0x20000150   0x000006a8   Zero   RW          297    .bss                freertos.o
    0x200007f8   0x00000028   Zero   RW          376    .bss                can.o
    0x20000820   0x00000054   Zero   RW          442    .bss                i2c.o
    0x20000874   0x00000118   Zero   RW          484    .bss                spi.o
    0x2000098c   0x000000c0   Zero   RW          531    .bss                tim.o
    0x20000a4c   0x000000a0   Zero   RW          598    .bss                usart.o
    0x20000aec   0x00000040   Zero   RW         4468    .bss                queue.o
    0x20000b2c   0x000000f0   Zero   RW         4836    .bss                tasks.o
    0x20000c1c   0x00000110   Zero   RW         5151    .bss                timers.o
    0x20000d2c   0x00006000   Zero   RW         5668    .bss                heap_4.o
    0x20006d2c   0x000000a4   Zero   RW         6192    .bss                ins_task.o
    0x20006dd0   0x00000068   Zero   RW         6515    .bss                rmotors_controller.o
    0x20006e38   0x000001d8   Zero   RW         6561    .bss                charge_controller.o
    0x20007010   0x000000ec   Zero   RW         6596    .bss                rotate_controller.o
    0x200070fc   0x000000ec   Zero   RW         6631    .bss                replace_controller.o
    0x200071e8   0x00000048   Zero   RW         6994    .bss                remotemiddleware.o
    0x20007230   0x00000088   Zero   RW         7032    .bss                motorsmiddleware.o
    0x200072b8   0x00000060   Zero   RW         7239    .bss                c_w.l(libspace.o)
    0x20007318   0x00002000   Zero   RW            2    HEAP                startup_stm32f407xx.o
    0x20009318   0x00002000   Zero   RW            1    STACK               startup_stm32f407xx.o


    Execution Region RW_IRAM2 (Base: 0x2001c000, Size: 0x00000000, Max: 0x00004000, ABSOLUTE)

    **** No section assigned to this execution region ****

