Component: ARM Compiler 5.05 update 1 (build 106) Tool: armlink [4d0efa]

==============================================================================

Section Cross References

    startup_stm32f407xx.o(STACK) refers (Special) to heapauxi.o(.text) for __use_two_region_memory
    startup_stm32f407xx.o(HEAP) refers (Special) to heapauxi.o(.text) for __use_two_region_memory
    startup_stm32f407xx.o(RESET) refers (Special) to heapauxi.o(.text) for __use_two_region_memory
    startup_stm32f407xx.o(RESET) refers to startup_stm32f407xx.o(STACK) for __initial_sp
    startup_stm32f407xx.o(RESET) refers to startup_stm32f407xx.o(.text) for Reset_Handler
    startup_stm32f407xx.o(RESET) refers to stm32f4xx_it.o(i.NMI_Handler) for NMI_Handler
    startup_stm32f407xx.o(RESET) refers to stm32f4xx_it.o(i.HardFault_Handler) for HardFault_Handler
    startup_stm32f407xx.o(RESET) refers to stm32f4xx_it.o(i.MemManage_Handler) for MemManage_Handler
    startup_stm32f407xx.o(RESET) refers to stm32f4xx_it.o(i.BusFault_Handler) for BusFault_Handler
    startup_stm32f407xx.o(RESET) refers to stm32f4xx_it.o(i.UsageFault_Handler) for UsageFault_Handler
    startup_stm32f407xx.o(RESET) refers to port.o(.emb_text) for SVC_Handler
    startup_stm32f407xx.o(RESET) refers to stm32f4xx_it.o(i.DebugMon_Handler) for DebugMon_Handler
    startup_stm32f407xx.o(RESET) refers to stm32f4xx_it.o(i.SysTick_Handler) for SysTick_Handler
    startup_stm32f407xx.o(RESET) refers to stm32f4xx_it.o(i.EXTI0_IRQHandler) for EXTI0_IRQHandler
    startup_stm32f407xx.o(RESET) refers to stm32f4xx_it.o(i.EXTI3_IRQHandler) for EXTI3_IRQHandler
    startup_stm32f407xx.o(RESET) refers to stm32f4xx_it.o(i.EXTI4_IRQHandler) for EXTI4_IRQHandler
    startup_stm32f407xx.o(RESET) refers to stm32f4xx_it.o(i.DMA1_Stream1_IRQHandler) for DMA1_Stream1_IRQHandler
    startup_stm32f407xx.o(RESET) refers to stm32f4xx_it.o(i.CAN1_TX_IRQHandler) for CAN1_TX_IRQHandler
    startup_stm32f407xx.o(RESET) refers to stm32f4xx_it.o(i.CAN1_RX0_IRQHandler) for CAN1_RX0_IRQHandler
    startup_stm32f407xx.o(RESET) refers to stm32f4xx_it.o(i.CAN1_RX1_IRQHandler) for CAN1_RX1_IRQHandler
    startup_stm32f407xx.o(RESET) refers to stm32f4xx_it.o(i.EXTI9_5_IRQHandler) for EXTI9_5_IRQHandler
    startup_stm32f407xx.o(RESET) refers to ins_task.o(i.DMA2_Stream2_IRQHandler) for DMA2_Stream2_IRQHandler
    startup_stm32f407xx.o(.text) refers (Special) to heapauxi.o(.text) for __use_two_region_memory
    startup_stm32f407xx.o(.text) refers to system_stm32f4xx.o(i.SystemInit) for SystemInit
    startup_stm32f407xx.o(.text) refers to __main.o(!!!main) for __main
    startup_stm32f407xx.o(.text) refers to startup_stm32f407xx.o(HEAP) for Heap_Mem
    startup_stm32f407xx.o(.text) refers to startup_stm32f407xx.o(STACK) for Stack_Mem
    main.o(i.SystemClock_Config) refers to rt_memclr_w.o(.text) for __aeabi_memclr4
    main.o(i.SystemClock_Config) refers to stm32f4xx_hal_rcc.o(i.HAL_RCC_OscConfig) for HAL_RCC_OscConfig
    main.o(i.SystemClock_Config) refers to main.o(i.Error_Handler) for Error_Handler
    main.o(i.SystemClock_Config) refers to stm32f4xx_hal_rcc.o(i.HAL_RCC_ClockConfig) for HAL_RCC_ClockConfig
    main.o(i.main) refers to stm32f4xx_hal.o(i.HAL_Init) for HAL_Init
    main.o(i.main) refers to main.o(i.SystemClock_Config) for SystemClock_Config
    main.o(i.main) refers to gpio.o(i.MX_GPIO_Init) for MX_GPIO_Init
    main.o(i.main) refers to dma.o(i.MX_DMA_Init) for MX_DMA_Init
    main.o(i.main) refers to spi.o(i.MX_SPI1_Init) for MX_SPI1_Init
    main.o(i.main) refers to tim.o(i.MX_TIM5_Init) for MX_TIM5_Init
    main.o(i.main) refers to i2c.o(i.MX_I2C3_Init) for MX_I2C3_Init
    main.o(i.main) refers to tim.o(i.MX_TIM10_Init) for MX_TIM10_Init
    main.o(i.main) refers to usart.o(i.MX_USART3_UART_Init) for MX_USART3_UART_Init
    main.o(i.main) refers to can.o(i.MX_CAN1_Init) for MX_CAN1_Init
    main.o(i.main) refers to tim.o(i.MX_TIM8_Init) for MX_TIM8_Init
    main.o(i.main) refers to motorsmiddleware.o(i.motor_can_filter_init) for motor_can_filter_init
    main.o(i.main) refers to servomiddleware.o(i.servo_PWM_init) for servo_PWM_init
    main.o(i.main) refers to bsp_delay.o(i.delay_init) for delay_init
    main.o(i.main) refers to freertos.o(i.MX_FREERTOS_Init) for MX_FREERTOS_Init
    main.o(i.main) refers to cmsis_os.o(i.osKernelStart) for osKernelStart
    main.o(i.main) refers to can.o(.bss) for hcan1
    main.o(i.main) refers to tim.o(.bss) for htim8
    gpio.o(i.MX_GPIO_Init) refers to rt_memclr_w.o(.text) for __aeabi_memclr4
    gpio.o(i.MX_GPIO_Init) refers to stm32f4xx_hal_gpio.o(i.HAL_GPIO_WritePin) for HAL_GPIO_WritePin
    gpio.o(i.MX_GPIO_Init) refers to stm32f4xx_hal_gpio.o(i.HAL_GPIO_Init) for HAL_GPIO_Init
    gpio.o(i.MX_GPIO_Init) refers to stm32f4xx_hal_cortex.o(i.HAL_NVIC_SetPriority) for HAL_NVIC_SetPriority
    gpio.o(i.MX_GPIO_Init) refers to stm32f4xx_hal_cortex.o(i.HAL_NVIC_EnableIRQ) for HAL_NVIC_EnableIRQ
[...]
    defsig_fpe_inner.o(.text) refers to defsig_general.o(.text) for __default_signal_display
    libinit2.o(.ARM.Collect$$libinit$$00000001) refers to fpinit.o(x$fpl$fpinit) for _fp_init
    libinit2.o(.ARM.Collect$$libinit$$00000010) refers to libinit2.o(.ARM.Collect$$libinit$$0000000F) for .ARM.Collect$$libinit$$0000000F
    libinit2.o(.ARM.Collect$$libinit$$00000012) refers to libinit2.o(.ARM.Collect$$libinit$$0000000F) for .ARM.Collect$$libinit$$0000000F
    libinit2.o(.ARM.Collect$$libinit$$00000014) refers to libinit2.o(.ARM.Collect$$libinit$$0000000F) for .ARM.Collect$$libinit$$0000000F
    libinit2.o(.ARM.Collect$$libinit$$00000016) refers to libinit2.o(.ARM.Collect$$libinit$$0000000F) for .ARM.Collect$$libinit$$0000000F
    libinit2.o(.ARM.Collect$$libinit$$00000018) refers to libinit2.o(.ARM.Collect$$libinit$$0000000F) for .ARM.Collect$$libinit$$0000000F
    libinit2.o(.ARM.Collect$$libinit$$00000026) refers to argv_veneer.o(.emb_text) for __ARM_argv_veneer
    libinit2.o(.ARM.Collect$$libinit$$00000027) refers to argv_veneer.o(.emb_text) for __ARM_argv_veneer
    sys_exit.o(.text) refers (Special) to use_no_semi.o(.text) for __I$use$semihosting
    sys_exit.o(.text) refers (Special) to indicate_semi.o(.text) for __semihosting_library_function
    rtexit2.o(.ARM.Collect$$rtexit$$00000003) refers to libshutdown.o(.ARM.Collect$$libshutdown$$00000000) for __rt_lib_shutdown
    rtexit2.o(.ARM.Collect$$rtexit$$00000004) refers to sys_exit.o(.text) for _sys_exit
    rtexit2.o(.ARM.exidx) refers to rtexit2.o(.ARM.Collect$$rtexit$$00000001) for .ARM.Collect$$rtexit$$00000001
    rtexit2.o(.ARM.exidx) refers to rtexit2.o(.ARM.Collect$$rtexit$$00000003) for .ARM.Collect$$rtexit$$00000003
    rtexit2.o(.ARM.exidx) refers to rtexit2.o(.ARM.Collect$$rtexit$$00000004) for .ARM.Collect$$rtexit$$00000004
    __raise.o(.text) refers to defsig.o(CL$$defsig) for __default_signal_handler
    defsig_general.o(.text) refers to sys_wrch.o(.text) for _ttywrch
    argv_veneer.o(.emb_text) refers to no_argv.o(.text) for __ARM_get_argv
    sys_wrch.o(.text) refers (Special) to use_no_semi.o(.text) for __I$use$semihosting
    sys_wrch.o(.text) refers (Special) to indicate_semi.o(.text) for __semihosting_library_function
    defsig.o(CL$$defsig) refers to defsig_fpe_inner.o(.text) for __rt_SIGFPE_inner
    defsig.o(CL$$defsig) refers to defsig_rtmem_inner.o(.text) for __rt_SIGRTMEM_inner
    _get_argv_nomalloc.o(.text) refers (Special) to hrguard.o(.text) for __heap_region$guard
    _get_argv_nomalloc.o(.text) refers to defsig_rtmem_outer.o(.text) for __rt_SIGRTMEM
    _get_argv_nomalloc.o(.text) refers to sys_command.o(.text) for _sys_command_string
    libshutdown.o(.ARM.Collect$$libshutdown$$00000000) refers (Special) to libshutdown2.o(.ARM.Collect$$libshutdown$$00000006) for __rt_lib_shutdown_fp_trap_1
    libshutdown.o(.ARM.Collect$$libshutdown$$00000000) refers (Special) to libshutdown2.o(.ARM.Collect$$libshutdown$$0000000E) for __rt_lib_shutdown_heap_1
    libshutdown.o(.ARM.Collect$$libshutdown$$00000000) refers (Special) to libshutdown2.o(.ARM.Collect$$libshutdown$$0000000F) for __rt_lib_shutdown_return
    libshutdown.o(.ARM.Collect$$libshutdown$$00000000) refers (Special) to libshutdown2.o(.ARM.Collect$$libshutdown$$00000009) for __rt_lib_shutdown_signal_1
    libshutdown.o(.ARM.Collect$$libshutdown$$00000000) refers (Special) to libshutdown2.o(.ARM.Collect$$libshutdown$$00000003) for __rt_lib_shutdown_stdio_1
    libshutdown.o(.ARM.Collect$$libshutdown$$00000000) refers (Special) to libshutdown2.o(.ARM.Collect$$libshutdown$$0000000B) for __rt_lib_shutdown_user_alloc_1
    sys_command.o(.text) refers (Special) to use_no_semi.o(.text) for __I$use$semihosting
    sys_command.o(.text) refers (Special) to indicate_semi.o(.text) for __semihosting_library_function
    defsig_abrt_inner.o(.text) refers to defsig_general.o(.text) for __default_signal_display
    defsig_rtred_inner.o(.text) refers to defsig_general.o(.text) for __default_signal_display
    defsig_rtmem_inner.o(.text) refers to defsig_general.o(.text) for __default_signal_display
    defsig_rtmem_outer.o(.text) refers to defsig_rtmem_inner.o(.text) for __rt_SIGRTMEM_inner
    defsig_rtmem_outer.o(.text) refers to defsig_exit.o(.text) for __sig_exit
    defsig_rtmem_formal.o(.text) refers to rt_raise.o(.text) for __rt_raise
    defsig_stak_inner.o(.text) refers to defsig_general.o(.text) for __default_signal_display
    defsig_pvfn_inner.o(.text) refers to defsig_general.o(.text) for __default_signal_display
    defsig_cppl_inner.o(.text) refers to defsig_general.o(.text) for __default_signal_display
    defsig_segv_inner.o(.text) refers to defsig_general.o(.text) for __default_signal_display
    defsig_other.o(.text) refers to defsig_general.o(.text) for __default_signal_display


==============================================================================

Removing Unused input sections from the image.

    Removing main.o(.rev16_text), (4 bytes).
    Removing main.o(.revsh_text), (4 bytes).
    Removing main.o(.rrx_text), (6 bytes).
    Removing gpio.o(.rev16_text), (4 bytes).
    Removing gpio.o(.revsh_text), (4 bytes).
    Removing gpio.o(.rrx_text), (6 bytes).
    Removing freertos.o(.rev16_text), (4 bytes).
    Removing freertos.o(.revsh_text), (4 bytes).
    Removing freertos.o(.rrx_text), (6 bytes).
    Removing freertos.o(i.test_task), (10 bytes).
    Removing can.o(.rev16_text), (4 bytes).
    Removing can.o(.revsh_text), (4 bytes).
    Removing can.o(.rrx_text), (6 bytes).
    Removing can.o(i.HAL_CAN_MspDeInit), (64 bytes).
    Removing dma.o(.rev16_text), (4 bytes).
    Removing dma.o(.revsh_text), (4 bytes).
    Removing dma.o(.rrx_text), (6 bytes).
    Removing i2c.o(.rev16_text), (4 bytes).
    Removing i2c.o(.revsh_text), (4 bytes).
    Removing i2c.o(.rrx_text), (6 bytes).
    Removing i2c.o(i.HAL_I2C_MspDeInit), (60 bytes).
    Removing spi.o(.rev16_text), (4 bytes).
    Removing spi.o(.revsh_text), (4 bytes).
    Removing spi.o(.rrx_text), (6 bytes).
    Removing spi.o(i.HAL_SPI_MspDeInit), (72 bytes).
    Removing tim.o(.rev16_text), (4 bytes).
    Removing tim.o(.revsh_text), (4 bytes).
    Removing tim.o(.rrx_text), (6 bytes).
    Removing tim.o(i.HAL_TIM_Base_MspDeInit), (60 bytes).
    Removing tim.o(i.HAL_TIM_PWM_MspDeInit), (32 bytes).
    Removing usart.o(.rev16_text), (4 bytes).
    Removing usart.o(.revsh_text), (4 bytes).
    Removing usart.o(.rrx_text), (6 bytes).
    Removing usart.o(i.HAL_UART_MspDeInit), (56 bytes).
    Removing stm32f4xx_it.o(.rev16_text), (4 bytes).
    Removing stm32f4xx_it.o(.revsh_text), (4 bytes).
    Removing stm32f4xx_it.o(.rrx_text), (6 bytes).
    Removing stm32f4xx_hal_msp.o(.rev16_text), (4 bytes).
    Removing stm32f4xx_hal_msp.o(.revsh_text), (4 bytes).
    Removing stm32f4xx_hal_msp.o(.rrx_text), (6 bytes).
    Removing stm32f4xx_hal_can.o(.rev16_text), (4 bytes).
    Removing stm32f4xx_hal_can.o(.revsh_text), (4 bytes).
    Removing stm32f4xx_hal_can.o(.rrx_text), (6 bytes).
    Removing stm32f4xx_hal_can.o(i.HAL_CAN_AbortTxRequest), (86 bytes).
    Removing stm32f4xx_hal_can.o(i.HAL_CAN_DeInit), (46 bytes).
    Removing stm32f4xx_hal_can.o(i.HAL_CAN_DeactivateNotification), (42 bytes).
    Removing stm32f4xx_hal_can.o(i.HAL_CAN_GetError), (6 bytes).
    Removing stm32f4xx_hal_can.o(i.HAL_CAN_GetRxFifoFillLevel), (40 bytes).
    Removing stm32f4xx_hal_can.o(i.HAL_CAN_GetState), (42 bytes).
    Removing stm32f4xx_hal_can.o(i.HAL_CAN_GetTxMailboxesFreeLevel), (54 bytes).
    Removing stm32f4xx_hal_can.o(i.HAL_CAN_GetTxTimestamp), (42 bytes).
    Removing stm32f4xx_hal_can.o(i.HAL_CAN_IsSleepActive), (30 bytes).
    Removing stm32f4xx_hal_can.o(i.HAL_CAN_IsTxMessagePending), (36 bytes).
    Removing stm32f4xx_hal_can.o(i.HAL_CAN_MspDeInit), (2 bytes).
    Removing stm32f4xx_hal_can.o(i.HAL_CAN_MspInit), (2 bytes).
    Removing stm32f4xx_hal_can.o(i.HAL_CAN_RequestSleep), (42 bytes).
    Removing stm32f4xx_hal_can.o(i.HAL_CAN_ResetError), (34 bytes).
    Removing stm32f4xx_hal_can.o(i.HAL_CAN_RxFifo0MsgPendingCallback), (2 bytes).
    Removing stm32f4xx_hal_can.o(i.HAL_CAN_Stop), (106 bytes).
    Removing stm32f4xx_hal_can.o(i.HAL_CAN_WakeUp), (92 bytes).
    Removing stm32f4xx_hal_rcc.o(.rev16_text), (4 bytes).
    Removing stm32f4xx_hal_rcc.o(.revsh_text), (4 bytes).
    Removing stm32f4xx_hal_rcc.o(.rrx_text), (6 bytes).
    Removing stm32f4xx_hal_rcc.o(i.HAL_RCC_CSSCallback), (2 bytes).
    Removing stm32f4xx_hal_rcc.o(i.HAL_RCC_DeInit), (4 bytes).
    Removing stm32f4xx_hal_rcc.o(i.HAL_RCC_DisableCSS), (12 bytes).
    Removing stm32f4xx_hal_rcc.o(i.HAL_RCC_EnableCSS), (12 bytes).
    Removing stm32f4xx_hal_rcc.o(i.HAL_RCC_GetClockConfig), (68 bytes).
    Removing stm32f4xx_hal_rcc.o(i.HAL_RCC_GetOscConfig), (244 bytes).
    Removing stm32f4xx_hal_rcc.o(i.HAL_RCC_MCOConfig), (192 bytes).
    Removing stm32f4xx_hal_rcc.o(i.HAL_RCC_NMI_IRQHandler), (32 bytes).
    Removing stm32f4xx_hal_rcc_ex.o(.rev16_text), (4 bytes).
    Removing stm32f4xx_hal_rcc_ex.o(.revsh_text), (4 bytes).
    Removing stm32f4xx_hal_rcc_ex.o(.rrx_text), (6 bytes).
    Removing stm32f4xx_hal_rcc_ex.o(i.HAL_RCCEx_DisablePLLI2S), (56 bytes).
    Removing stm32f4xx_hal_rcc_ex.o(i.HAL_RCCEx_EnablePLLI2S), (112 bytes).
    Removing stm32f4xx_hal_rcc_ex.o(i.HAL_RCCEx_GetPeriphCLKConfig), (56 bytes).
    Removing stm32f4xx_hal_rcc_ex.o(i.HAL_RCCEx_GetPeriphCLKFreq), (144 bytes).
    Removing stm32f4xx_hal_rcc_ex.o(i.HAL_RCCEx_PeriphCLKConfig), (416 bytes).
    Removing stm32f4xx_hal_rcc_ex.o(i.HAL_RCC_DeInit), (376 bytes).
    Removing stm32f4xx_hal_flash.o(.rev16_text), (4 bytes).
    Removing stm32f4xx_hal_flash.o(.revsh_text), (4 bytes).
    Removing stm32f4xx_hal_flash.o(.rrx_text), (6 bytes).
    Removing stm32f4xx_hal_flash.o(i.FLASH_Program_Byte), (36 bytes).
    Removing stm32f4xx_hal_flash.o(i.FLASH_Program_DoubleWord), (44 bytes).
    Removing stm32f4xx_hal_flash.o(i.FLASH_Program_HalfWord), (40 bytes).
    Removing stm32f4xx_hal_flash.o(i.FLASH_Program_Word), (40 bytes).
    Removing stm32f4xx_hal_flash.o(i.FLASH_SetErrorCode), (152 bytes).
    Removing stm32f4xx_hal_flash.o(i.FLASH_WaitForLastOperation), (100 bytes).
    Removing stm32f4xx_hal_flash.o(i.HAL_FLASH_EndOfOperationCallback), (2 bytes).
    Removing stm32f4xx_hal_flash.o(i.HAL_FLASH_GetError), (12 bytes).
    Removing stm32f4xx_hal_flash.o(i.HAL_FLASH_IRQHandler), (272 bytes).
    Removing stm32f4xx_hal_flash.o(i.HAL_FLASH_Lock), (20 bytes).
    Removing stm32f4xx_hal_flash.o(i.HAL_FLASH_OB_Launch), (28 bytes).
    Removing stm32f4xx_hal_flash.o(i.HAL_FLASH_OB_Lock), (20 bytes).
    Removing stm32f4xx_hal_flash.o(i.HAL_FLASH_OB_Unlock), (44 bytes).
    Removing stm32f4xx_hal_flash.o(i.HAL_FLASH_OperationErrorCallback), (2 bytes).
    Removing stm32f4xx_hal_flash.o(i.HAL_FLASH_Program), (152 bytes).
    Removing stm32f4xx_hal_flash.o(i.HAL_FLASH_Program_IT), (136 bytes).
    Removing stm32f4xx_hal_flash.o(i.HAL_FLASH_Unlock), (52 bytes).
    Removing stm32f4xx_hal_flash.o(.bss), (32 bytes).
    Removing stm32f4xx_hal_flash_ex.o(.rev16_text), (4 bytes).
    Removing stm32f4xx_hal_flash_ex.o(.revsh_text), (4 bytes).
    Removing stm32f4xx_hal_flash_ex.o(.rrx_text), (6 bytes).
    Removing stm32f4xx_hal_flash_ex.o(i.FLASH_Erase_Sector), (92 bytes).
    Removing stm32f4xx_hal_flash_ex.o(i.FLASH_FlushCaches), (120 bytes).
    Removing stm32f4xx_hal_flash_ex.o(i.FLASH_MassErase), (48 bytes).
    Removing stm32f4xx_hal_flash_ex.o(i.FLASH_OB_BOR_LevelConfig), (32 bytes).
    Removing stm32f4xx_hal_flash_ex.o(i.FLASH_OB_DisableWRP), (40 bytes).
    Removing stm32f4xx_hal_flash_ex.o(i.FLASH_OB_EnableWRP), (40 bytes).
    Removing stm32f4xx_hal_flash_ex.o(i.FLASH_OB_GetBOR), (16 bytes).
    Removing stm32f4xx_hal_flash_ex.o(i.FLASH_OB_GetRDP), (36 bytes).
    Removing stm32f4xx_hal_flash_ex.o(i.FLASH_OB_GetUser), (16 bytes).
    Removing stm32f4xx_hal_flash_ex.o(i.FLASH_OB_GetWRP), (12 bytes).
    Removing stm32f4xx_hal_flash_ex.o(i.FLASH_OB_RDP_LevelConfig), (32 bytes).
    Removing stm32f4xx_hal_flash_ex.o(i.FLASH_OB_UserConfig), (60 bytes).
    Removing stm32f4xx_hal_flash_ex.o(i.HAL_FLASHEx_Erase), (172 bytes).
    Removing stm32f4xx_hal_flash_ex.o(i.HAL_FLASHEx_Erase_IT), (120 bytes).
    Removing stm32f4xx_hal_flash_ex.o(i.HAL_FLASHEx_OBGetConfig), (34 bytes).
    Removing stm32f4xx_hal_flash_ex.o(i.HAL_FLASHEx_OBProgram), (148 bytes).
    Removing stm32f4xx_hal_flash_ramfunc.o(.rev16_text), (4 bytes).
    Removing stm32f4xx_hal_flash_ramfunc.o(.revsh_text), (4 bytes).
    Removing stm32f4xx_hal_flash_ramfunc.o(.rrx_text), (6 bytes).
    Removing stm32f4xx_hal_gpio.o(.rev16_text), (4 bytes).
    Removing stm32f4xx_hal_gpio.o(.revsh_text), (4 bytes).
    Removing stm32f4xx_hal_gpio.o(.rrx_text), (6 bytes).
    Removing stm32f4xx_hal_gpio.o(i.HAL_GPIO_DeInit), (356 bytes).
    Removing stm32f4xx_hal_gpio.o(i.HAL_GPIO_EXTI_Callback), (2 bytes).
    Removing stm32f4xx_hal_gpio.o(i.HAL_GPIO_LockPin), (46 bytes).
    Removing stm32f4xx_hal_gpio.o(i.HAL_GPIO_ReadPin), (16 bytes).
    Removing stm32f4xx_hal_gpio.o(i.HAL_GPIO_TogglePin), (18 bytes).
    Removing stm32f4xx_hal_dma_ex.o(.rev16_text), (4 bytes).
    Removing stm32f4xx_hal_dma_ex.o(.revsh_text), (4 bytes).
    Removing stm32f4xx_hal_dma_ex.o(.rrx_text), (6 bytes).
    Removing stm32f4xx_hal_dma_ex.o(i.DMA_MultiBufferSetConfig), (32 bytes).
    Removing stm32f4xx_hal_dma_ex.o(i.HAL_DMAEx_ChangeMemory), (18 bytes).
    Removing stm32f4xx_hal_dma_ex.o(i.HAL_DMAEx_MultiBufferStart), (124 bytes).
    Removing stm32f4xx_hal_dma_ex.o(i.HAL_DMAEx_MultiBufferStart_IT), (4056 bytes).
    Removing stm32f4xx_hal_dma.o(.rev16_text), (4 bytes).
    Removing stm32f4xx_hal_dma.o(.revsh_text), (4 bytes).
    Removing stm32f4xx_hal_dma.o(.rrx_text), (6 bytes).
    Removing stm32f4xx_hal_dma.o(i.HAL_DMA_Abort_IT), (40 bytes).
    Removing stm32f4xx_hal_dma.o(i.HAL_DMA_DeInit), (112 bytes).
    Removing stm32f4xx_hal_dma.o(i.HAL_DMA_GetError), (6 bytes).
    Removing stm32f4xx_hal_dma.o(i.HAL_DMA_GetState), (8 bytes).
    Removing stm32f4xx_hal_dma.o(i.HAL_DMA_PollForTransfer), (346 bytes).
    Removing stm32f4xx_hal_dma.o(i.HAL_DMA_RegisterCallback), (94 bytes).
    Removing stm32f4xx_hal_dma.o(i.HAL_DMA_Start), (102 bytes).
    Removing stm32f4xx_hal_dma.o(i.HAL_DMA_UnRegisterCallback), (124 bytes).
    Removing stm32f4xx_hal_pwr.o(.rev16_text), (4 bytes).
    Removing stm32f4xx_hal_pwr.o(.revsh_text), (4 bytes).
    Removing stm32f4xx_hal_pwr.o(.rrx_text), (6 bytes).
    Removing stm32f4xx_hal_pwr.o(i.HAL_PWR_ConfigPVD), (180 bytes).
    Removing stm32f4xx_hal_pwr.o(i.HAL_PWR_DeInit), (28 bytes).
    Removing stm32f4xx_hal_pwr.o(i.HAL_PWR_DisableBkUpAccess), (12 bytes).
    Removing stm32f4xx_hal_pwr.o(i.HAL_PWR_DisablePVD), (12 bytes).
    Removing stm32f4xx_hal_pwr.o(i.HAL_PWR_DisableSEVOnPend), (20 bytes).
    Removing stm32f4xx_hal_pwr.o(i.HAL_PWR_DisableSleepOnExit), (20 bytes).
    Removing stm32f4xx_hal_pwr.o(i.HAL_PWR_DisableWakeUpPin), (16 bytes).
    Removing stm32f4xx_hal_pwr.o(i.HAL_PWR_EnableBkUpAccess), (12 bytes).
    Removing stm32f4xx_hal_pwr.o(i.HAL_PWR_EnablePVD), (12 bytes).
    Removing stm32f4xx_hal_pwr.o(i.HAL_PWR_EnableSEVOnPend), (20 bytes).
    Removing stm32f4xx_hal_pwr.o(i.HAL_PWR_EnableSleepOnExit), (20 bytes).
    Removing stm32f4xx_hal_pwr.o(i.HAL_PWR_EnableWakeUpPin), (16 bytes).
    Removing stm32f4xx_hal_pwr.o(i.HAL_PWR_EnterSLEEPMode), (32 bytes).
    Removing stm32f4xx_hal_pwr.o(i.HAL_PWR_EnterSTANDBYMode), (40 bytes).
    Removing stm32f4xx_hal_pwr.o(i.HAL_PWR_EnterSTOPMode), (64 bytes).
    Removing stm32f4xx_hal_pwr.o(i.HAL_PWR_PVDCallback), (2 bytes).
    Removing stm32f4xx_hal_pwr.o(i.HAL_PWR_PVD_IRQHandler), (32 bytes).
    Removing stm32f4xx_hal_pwr_ex.o(.rev16_text), (4 bytes).
    Removing stm32f4xx_hal_pwr_ex.o(.revsh_text), (4 bytes).
    Removing stm32f4xx_hal_pwr_ex.o(.rrx_text), (6 bytes).
    Removing stm32f4xx_hal_pwr_ex.o(i.HAL_PWREx_ControlVoltageScaling), (120 bytes).
    Removing stm32f4xx_hal_pwr_ex.o(i.HAL_PWREx_DisableBkUpReg), (60 bytes).
    Removing stm32f4xx_hal_pwr_ex.o(i.HAL_PWREx_DisableFlashPowerDown), (12 bytes).
    Removing stm32f4xx_hal_pwr_ex.o(i.HAL_PWREx_EnableBkUpReg), (60 bytes).
    Removing stm32f4xx_hal_pwr_ex.o(i.HAL_PWREx_EnableFlashPowerDown), (12 bytes).
    Removing stm32f4xx_hal_pwr_ex.o(i.HAL_PWREx_GetVoltageRange), (16 bytes).
    Removing stm32f4xx_hal_cortex.o(.rev16_text), (4 bytes).
    Removing stm32f4xx_hal_cortex.o(.revsh_text), (4 bytes).
    Removing stm32f4xx_hal_cortex.o(.rrx_text), (6 bytes).
    Removing stm32f4xx_hal_cortex.o(i.HAL_MPU_ConfigRegion), (92 bytes).
    Removing stm32f4xx_hal_cortex.o(i.HAL_MPU_Disable), (44 bytes).
    Removing stm32f4xx_hal_cortex.o(i.HAL_MPU_Enable), (64 bytes).
    Removing stm32f4xx_hal_cortex.o(i.HAL_NVIC_ClearPendingIRQ), (36 bytes).
    Removing stm32f4xx_hal_cortex.o(i.HAL_NVIC_DisableIRQ), (68 bytes).
    Removing stm32f4xx_hal_cortex.o(i.HAL_NVIC_GetActive), (48 bytes).
    Removing stm32f4xx_hal_cortex.o(i.HAL_NVIC_GetPendingIRQ), (48 bytes).
    Removing stm32f4xx_hal_cortex.o(i.HAL_NVIC_GetPriority), (148 bytes).
    Removing stm32f4xx_hal_cortex.o(i.HAL_NVIC_GetPriorityGrouping), (8 bytes).
    Removing stm32f4xx_hal_cortex.o(i.HAL_NVIC_SetPendingIRQ), (36 bytes).
    Removing stm32f4xx_hal_cortex.o(i.HAL_NVIC_SystemReset), (68 bytes).
    Removing stm32f4xx_hal_cortex.o(i.HAL_SYSTICK_CLKSourceConfig), (40 bytes).
    Removing stm32f4xx_hal_cortex.o(i.HAL_SYSTICK_Callback), (2 bytes).
    Removing stm32f4xx_hal_cortex.o(i.HAL_SYSTICK_IRQHandler), (8 bytes).
    Removing stm32f4xx_hal.o(.rev16_text), (4 bytes).
    Removing stm32f4xx_hal.o(.revsh_text), (4 bytes).
    Removing stm32f4xx_hal.o(.rrx_text), (6 bytes).
    Removing stm32f4xx_hal.o(i.HAL_DBGMCU_DisableDBGSleepMode), (20 bytes).
    Removing stm32f4xx_hal.o(i.HAL_DBGMCU_DisableDBGStandbyMode), (20 bytes).
    Removing stm32f4xx_hal.o(i.HAL_DBGMCU_DisableDBGStopMode), (20 bytes).
    Removing stm32f4xx_hal.o(i.HAL_DBGMCU_EnableDBGSleepMode), (20 bytes).
    Removing stm32f4xx_hal.o(i.HAL_DBGMCU_EnableDBGStandbyMode), (20 bytes).
    Removing stm32f4xx_hal.o(i.HAL_DBGMCU_EnableDBGStopMode), (20 bytes).
    Removing stm32f4xx_hal.o(i.HAL_DeInit), (68 bytes).
    Removing stm32f4xx_hal.o(i.HAL_DisableCompensationCell), (12 bytes).
    Removing stm32f4xx_hal.o(i.HAL_EnableCompensationCell), (12 bytes).
    Removing stm32f4xx_hal.o(i.HAL_GetDEVID), (16 bytes).
    Removing stm32f4xx_hal.o(i.HAL_GetHalVersion), (8 bytes).
    Removing stm32f4xx_hal.o(i.HAL_GetREVID), (12 bytes).
    Removing stm32f4xx_hal.o(i.HAL_GetTickFreq), (12 bytes).
    Removing stm32f4xx_hal.o(i.HAL_GetTickPrio), (12 bytes).
    Removing stm32f4xx_hal.o(i.HAL_GetUIDw0), (12 bytes).
    Removing stm32f4xx_hal.o(i.HAL_GetUIDw1), (12 bytes).
    Removing stm32f4xx_hal.o(i.HAL_GetUIDw2), (12 bytes).
    Removing stm32f4xx_hal.o(i.HAL_MspDeInit), (2 bytes).
    Removing stm32f4xx_hal.o(i.HAL_MspInit), (2 bytes).
    Removing stm32f4xx_hal.o(i.HAL_ResumeTick), (18 bytes).
    Removing stm32f4xx_hal.o(i.HAL_SetTickFreq), (40 bytes).
    Removing stm32f4xx_hal.o(i.HAL_SuspendTick), (18 bytes).
    Removing stm32f4xx_hal_exti.o(.rev16_text), (4 bytes).
    Removing stm32f4xx_hal_exti.o(.revsh_text), (4 bytes).
    Removing stm32f4xx_hal_exti.o(.rrx_text), (6 bytes).
    Removing stm32f4xx_hal_exti.o(i.HAL_EXTI_ClearConfigLine), (72 bytes).
    Removing stm32f4xx_hal_exti.o(i.HAL_EXTI_ClearPending), (12 bytes).
    Removing stm32f4xx_hal_exti.o(i.HAL_EXTI_GenerateSWI), (12 bytes).
    Removing stm32f4xx_hal_exti.o(i.HAL_EXTI_GetConfigLine), (128 bytes).
    Removing stm32f4xx_hal_exti.o(i.HAL_EXTI_GetHandle), (14 bytes).
    Removing stm32f4xx_hal_exti.o(i.HAL_EXTI_GetPending), (32 bytes).
    Removing stm32f4xx_hal_exti.o(i.HAL_EXTI_IRQHandler), (32 bytes).
    Removing stm32f4xx_hal_exti.o(i.HAL_EXTI_RegisterCallback), (20 bytes).
    Removing stm32f4xx_hal_exti.o(i.HAL_EXTI_SetConfigLine), (144 bytes).
    Removing stm32f4xx_hal_i2c.o(.rev16_text), (4 bytes).
    Removing stm32f4xx_hal_i2c.o(.revsh_text), (4 bytes).
    Removing stm32f4xx_hal_i2c.o(.rrx_text), (6 bytes).
    Removing stm32f4xx_hal_i2c.o(i.HAL_I2C_AbortCpltCallback), (2 bytes).
    Removing stm32f4xx_hal_i2c.o(i.HAL_I2C_AddrCallback), (2 bytes).
    Removing stm32f4xx_hal_i2c.o(i.HAL_I2C_DeInit), (60 bytes).
    Removing stm32f4xx_hal_i2c.o(i.HAL_I2C_DisableListen_IT), (70 bytes).
    Removing stm32f4xx_hal_i2c.o(i.HAL_I2C_ER_IRQHandler), (206 bytes).
    Removing stm32f4xx_hal_i2c.o(i.HAL_I2C_EV_IRQHandler), (452 bytes).
    Removing stm32f4xx_hal_i2c.o(i.HAL_I2C_EnableListen_IT), (70 bytes).
    Removing stm32f4xx_hal_i2c.o(i.HAL_I2C_ErrorCallback), (2 bytes).
    Removing stm32f4xx_hal_i2c.o(i.HAL_I2C_GetError), (6 bytes).
    Removing stm32f4xx_hal_i2c.o(i.HAL_I2C_GetMode), (8 bytes).
    Removing stm32f4xx_hal_i2c.o(i.HAL_I2C_GetState), (8 bytes).
    Removing stm32f4xx_hal_i2c.o(i.HAL_I2C_IsDeviceReady), (420 bytes).
    Removing stm32f4xx_hal_i2c.o(i.HAL_I2C_ListenCpltCallback), (2 bytes).
    Removing stm32f4xx_hal_i2c.o(i.HAL_I2C_MasterRxCpltCallback), (2 bytes).
    Removing stm32f4xx_hal_i2c.o(i.HAL_I2C_MasterTxCpltCallback), (2 bytes).
    Removing stm32f4xx_hal_i2c.o(i.HAL_I2C_Master_Abort_IT), (110 bytes).
    Removing stm32f4xx_hal_i2c.o(i.HAL_I2C_Master_Receive), (760 bytes).
    Removing stm32f4xx_hal_i2c.o(i.HAL_I2C_Master_Receive_DMA), (432 bytes).
    Removing stm32f4xx_hal_i2c.o(i.HAL_I2C_Master_Receive_IT), (256 bytes).
    Removing stm32f4xx_hal_i2c.o(i.HAL_I2C_Master_Seq_Receive_DMA), (608 bytes).
    Removing stm32f4xx_hal_i2c.o(i.HAL_I2C_Master_Seq_Receive_IT), (348 bytes).
    Removing stm32f4xx_hal_i2c.o(i.HAL_I2C_Master_Seq_Transmit_DMA), (504 bytes).
    Removing stm32f4xx_hal_i2c.o(i.HAL_I2C_Master_Seq_Transmit_IT), (284 bytes).
    Removing stm32f4xx_hal_i2c.o(i.HAL_I2C_Master_Transmit), (368 bytes).
    Removing stm32f4xx_hal_i2c.o(i.HAL_I2C_Master_Transmit_DMA), (432 bytes).
    Removing stm32f4xx_hal_i2c.o(i.HAL_I2C_Master_Transmit_IT), (244 bytes).
    Removing stm32f4xx_hal_i2c.o(i.HAL_I2C_MemRxCpltCallback), (2 bytes).
    Removing stm32f4xx_hal_i2c.o(i.HAL_I2C_MemTxCpltCallback), (2 bytes).
    Removing stm32f4xx_hal_i2c.o(i.HAL_I2C_Mem_Read_DMA), (524 bytes).
    Removing stm32f4xx_hal_i2c.o(i.HAL_I2C_Mem_Read_IT), (272 bytes).
    Removing stm32f4xx_hal_i2c.o(i.HAL_I2C_Mem_Write_DMA), (448 bytes).
    Removing stm32f4xx_hal_i2c.o(i.HAL_I2C_Mem_Write_IT), (256 bytes).
    Removing stm32f4xx_hal_i2c.o(i.HAL_I2C_MspDeInit), (2 bytes).
    Removing stm32f4xx_hal_i2c.o(i.HAL_I2C_MspInit), (2 bytes).
    Removing stm32f4xx_hal_i2c.o(i.HAL_I2C_SlaveRxCpltCallback), (2 bytes).
    Removing stm32f4xx_hal_i2c.o(i.HAL_I2C_SlaveTxCpltCallback), (2 bytes).
    Removing stm32f4xx_hal_i2c.o(i.HAL_I2C_Slave_Receive), (384 bytes).
    Removing stm32f4xx_hal_i2c.o(i.HAL_I2C_Slave_Receive_DMA), (268 bytes).
    Removing stm32f4xx_hal_i2c.o(i.HAL_I2C_Slave_Receive_IT), (152 bytes).
    Removing stm32f4xx_hal_i2c.o(i.HAL_I2C_Slave_Seq_Receive_DMA), (420 bytes).
    Removing stm32f4xx_hal_i2c.o(i.HAL_I2C_Slave_Seq_Receive_IT), (158 bytes).
    Removing stm32f4xx_hal_i2c.o(i.HAL_I2C_Slave_Seq_Transmit_DMA), (420 bytes).
    Removing stm32f4xx_hal_i2c.o(i.HAL_I2C_Slave_Seq_Transmit_IT), (158 bytes).
    Removing stm32f4xx_hal_i2c.o(i.HAL_I2C_Slave_Transmit), (404 bytes).
    Removing stm32f4xx_hal_i2c.o(i.HAL_I2C_Slave_Transmit_DMA), (268 bytes).
    Removing stm32f4xx_hal_i2c.o(i.HAL_I2C_Slave_Transmit_IT), (152 bytes).
    Removing stm32f4xx_hal_i2c.o(i.I2C_ConvertOtherXferOptions), (28 bytes).
    Removing stm32f4xx_hal_i2c.o(i.I2C_DMAAbort), (150 bytes).
    Removing stm32f4xx_hal_i2c.o(i.I2C_DMAError), (70 bytes).
    Removing stm32f4xx_hal_i2c.o(i.I2C_DMAXferCplt), (294 bytes).
    Removing stm32f4xx_hal_i2c.o(i.I2C_ITError), (388 bytes).
    Removing stm32f4xx_hal_i2c.o(i.I2C_MasterReceive_BTF), (294 bytes).
    Removing stm32f4xx_hal_i2c.o(i.I2C_MasterReceive_RXNE), (164 bytes).
    Removing stm32f4xx_hal_i2c.o(i.I2C_MasterRequestRead), (272 bytes).
    Removing stm32f4xx_hal_i2c.o(i.I2C_MasterRequestWrite), (172 bytes).
    Removing stm32f4xx_hal_i2c.o(i.I2C_MasterTransmit_BTF), (160 bytes).
    Removing stm32f4xx_hal_i2c.o(i.I2C_MasterTransmit_TXE), (332 bytes).
    Removing stm32f4xx_hal_i2c.o(i.I2C_Master_ADD10), (42 bytes).
    Removing stm32f4xx_hal_i2c.o(i.I2C_Master_ADDR), (616 bytes).
    Removing stm32f4xx_hal_i2c.o(i.I2C_Master_SB), (158 bytes).
    Removing stm32f4xx_hal_i2c.o(i.I2C_SlaveReceive_BTF), (26 bytes).
    Removing stm32f4xx_hal_i2c.o(i.I2C_SlaveReceive_RXNE), (70 bytes).
    Removing stm32f4xx_hal_i2c.o(i.I2C_SlaveTransmit_BTF), (26 bytes).
    Removing stm32f4xx_hal_i2c.o(i.I2C_SlaveTransmit_TXE), (70 bytes).
    Removing stm32f4xx_hal_i2c.o(i.I2C_Slave_ADDR), (102 bytes).
    Removing stm32f4xx_hal_i2c.o(i.I2C_Slave_AF), (160 bytes).
    Removing stm32f4xx_hal_i2c.o(i.I2C_Slave_STOPF), (396 bytes).
    Removing stm32f4xx_hal_i2c.o(i.I2C_WaitOnSTOPFlagUntilTimeout), (88 bytes).
    Removing stm32f4xx_hal_i2c_ex.o(.rev16_text), (4 bytes).
    Removing stm32f4xx_hal_i2c_ex.o(.revsh_text), (4 bytes).
    Removing stm32f4xx_hal_i2c_ex.o(.rrx_text), (6 bytes).
    Removing stm32f4xx_hal_spi.o(.rev16_text), (4 bytes).
    Removing stm32f4xx_hal_spi.o(.revsh_text), (4 bytes).
    Removing stm32f4xx_hal_spi.o(.rrx_text), (6 bytes).
    Removing stm32f4xx_hal_spi.o(i.HAL_SPI_Abort), (368 bytes).
    Removing stm32f4xx_hal_spi.o(i.HAL_SPI_AbortCpltCallback), (2 bytes).
    Removing stm32f4xx_hal_spi.o(i.HAL_SPI_Abort_IT), (384 bytes).
    Removing stm32f4xx_hal_spi.o(i.HAL_SPI_DMAPause), (50 bytes).
    Removing stm32f4xx_hal_spi.o(i.HAL_SPI_DMAResume), (50 bytes).
    Removing stm32f4xx_hal_spi.o(i.HAL_SPI_DMAStop), (72 bytes).
    Removing stm32f4xx_hal_spi.o(i.HAL_SPI_DeInit), (54 bytes).
    Removing stm32f4xx_hal_spi.o(i.HAL_SPI_ErrorCallback), (2 bytes).
    Removing stm32f4xx_hal_spi.o(i.HAL_SPI_GetError), (6 bytes).
    Removing stm32f4xx_hal_spi.o(i.HAL_SPI_GetState), (8 bytes).
    Removing stm32f4xx_hal_spi.o(i.HAL_SPI_IRQHandler), (348 bytes).
    Removing stm32f4xx_hal_spi.o(i.HAL_SPI_MspDeInit), (2 bytes).
    Removing stm32f4xx_hal_spi.o(i.HAL_SPI_MspInit), (2 bytes).
    Removing stm32f4xx_hal_spi.o(i.HAL_SPI_Receive), (356 bytes).
    Removing stm32f4xx_hal_spi.o(i.HAL_SPI_Receive_DMA), (272 bytes).
    Removing stm32f4xx_hal_spi.o(i.HAL_SPI_Receive_IT), (204 bytes).
    Removing stm32f4xx_hal_spi.o(i.HAL_SPI_RxCpltCallback), (2 bytes).
    Removing stm32f4xx_hal_spi.o(i.HAL_SPI_RxHalfCpltCallback), (2 bytes).
    Removing stm32f4xx_hal_spi.o(i.HAL_SPI_Transmit), (418 bytes).
    Removing stm32f4xx_hal_spi.o(i.HAL_SPI_TransmitReceive_DMA), (364 bytes).
    Removing stm32f4xx_hal_spi.o(i.HAL_SPI_TransmitReceive_IT), (196 bytes).
    Removing stm32f4xx_hal_spi.o(i.HAL_SPI_Transmit_DMA), (240 bytes).
    Removing stm32f4xx_hal_spi.o(i.HAL_SPI_Transmit_IT), (168 bytes).
    Removing stm32f4xx_hal_spi.o(i.HAL_SPI_TxCpltCallback), (2 bytes).
    Removing stm32f4xx_hal_spi.o(i.HAL_SPI_TxHalfCpltCallback), (2 bytes).
    Removing stm32f4xx_hal_spi.o(i.HAL_SPI_TxRxCpltCallback), (2 bytes).
    Removing stm32f4xx_hal_spi.o(i.HAL_SPI_TxRxHalfCpltCallback), (2 bytes).
    Removing stm32f4xx_hal_spi.o(i.SPI_2linesRxISR_16BIT), (52 bytes).
    Removing stm32f4xx_hal_spi.o(i.SPI_2linesRxISR_8BIT), (52 bytes).
    Removing stm32f4xx_hal_spi.o(i.SPI_2linesTxISR_16BIT), (52 bytes).
    Removing stm32f4xx_hal_spi.o(i.SPI_2linesTxISR_8BIT), (52 bytes).
    Removing stm32f4xx_hal_spi.o(i.SPI_AbortRx_ISR), (104 bytes).
    Removing stm32f4xx_hal_spi.o(i.SPI_AbortTx_ISR), (32 bytes).
    Removing stm32f4xx_hal_spi.o(i.SPI_CloseRxTx_ISR), (188 bytes).
    Removing stm32f4xx_hal_spi.o(i.SPI_CloseRx_ISR), (94 bytes).
    Removing stm32f4xx_hal_spi.o(i.SPI_CloseTx_ISR), (160 bytes).
    Removing stm32f4xx_hal_spi.o(i.SPI_DMAAbortOnError), (20 bytes).
    Removing stm32f4xx_hal_spi.o(i.SPI_DMAError), (40 bytes).
    Removing stm32f4xx_hal_spi.o(i.SPI_DMAHalfReceiveCplt), (14 bytes).
    Removing stm32f4xx_hal_spi.o(i.SPI_DMAHalfTransmitCplt), (14 bytes).
    Removing stm32f4xx_hal_spi.o(i.SPI_DMAHalfTransmitReceiveCplt), (14 bytes).
    Removing stm32f4xx_hal_spi.o(i.SPI_DMAReceiveCplt), (98 bytes).
    Removing stm32f4xx_hal_spi.o(i.SPI_DMARxAbortCallback), (144 bytes).
    Removing stm32f4xx_hal_spi.o(i.SPI_DMATransmitCplt), (128 bytes).
    Removing stm32f4xx_hal_spi.o(i.SPI_DMATransmitReceiveCplt), (104 bytes).
    Removing stm32f4xx_hal_spi.o(i.SPI_DMATxAbortCallback), (172 bytes).
    Removing stm32f4xx_hal_spi.o(i.SPI_EndRxTransaction), (148 bytes).
    Removing stm32f4xx_hal_spi.o(i.SPI_RxISR_16BIT), (36 bytes).
    Removing stm32f4xx_hal_spi.o(i.SPI_RxISR_8BIT), (36 bytes).
    Removing stm32f4xx_hal_spi.o(i.SPI_TxISR_16BIT), (36 bytes).
    Removing stm32f4xx_hal_spi.o(i.SPI_TxISR_8BIT), (36 bytes).
    Removing stm32f4xx_hal_tim.o(.rev16_text), (4 bytes).
    Removing stm32f4xx_hal_tim.o(.revsh_text), (4 bytes).
    Removing stm32f4xx_hal_tim.o(.rrx_text), (6 bytes).
    Removing stm32f4xx_hal_tim.o(i.HAL_TIM_Base_DeInit), (70 bytes).
    Removing stm32f4xx_hal_tim.o(i.HAL_TIM_Base_GetState), (8 bytes).
    Removing stm32f4xx_hal_tim.o(i.HAL_TIM_Base_MspDeInit), (2 bytes).
    Removing stm32f4xx_hal_tim.o(i.HAL_TIM_Base_MspInit), (2 bytes).
    Removing stm32f4xx_hal_tim.o(i.HAL_TIM_Base_Start_DMA), (136 bytes).
    Removing stm32f4xx_hal_tim.o(i.HAL_TIM_Base_Start_IT), (42 bytes).
    Removing stm32f4xx_hal_tim.o(i.HAL_TIM_Base_Stop), (56 bytes).
    Removing stm32f4xx_hal_tim.o(i.HAL_TIM_Base_Stop_DMA), (70 bytes).
    Removing stm32f4xx_hal_tim.o(i.HAL_TIM_Base_Stop_IT), (56 bytes).
    Removing stm32f4xx_hal_tim.o(i.HAL_TIM_ConfigOCrefClear), (270 bytes).
    Removing stm32f4xx_hal_tim.o(i.HAL_TIM_ConfigTI1Input), (22 bytes).
    Removing stm32f4xx_hal_tim.o(i.HAL_TIM_DMABurst_ReadStart), (488 bytes).
    Removing stm32f4xx_hal_tim.o(i.HAL_TIM_DMABurst_ReadStop), (146 bytes).
    Removing stm32f4xx_hal_tim.o(i.HAL_TIM_DMABurst_WriteStart), (488 bytes).
    Removing stm32f4xx_hal_tim.o(i.HAL_TIM_DMABurst_WriteStop), (146 bytes).
    Removing stm32f4xx_hal_tim.o(i.HAL_TIM_Encoder_DeInit), (70 bytes).
    Removing stm32f4xx_hal_tim.o(i.HAL_TIM_Encoder_GetState), (8 bytes).
    Removing stm32f4xx_hal_tim.o(i.HAL_TIM_Encoder_Init), (174 bytes).
    Removing stm32f4xx_hal_tim.o(i.HAL_TIM_Encoder_MspDeInit), (2 bytes).
    Removing stm32f4xx_hal_tim.o(i.HAL_TIM_Encoder_MspInit), (2 bytes).
    Removing stm32f4xx_hal_tim.o(i.HAL_TIM_Encoder_Start), (78 bytes).
    Removing stm32f4xx_hal_tim.o(i.HAL_TIM_Encoder_Start_DMA), (380 bytes).
    Removing stm32f4xx_hal_tim.o(i.HAL_TIM_Encoder_Start_IT), (126 bytes).
    Removing stm32f4xx_hal_tim.o(i.HAL_TIM_Encoder_Stop), (104 bytes).
    Removing stm32f4xx_hal_tim.o(i.HAL_TIM_Encoder_Stop_DMA), (176 bytes).
    Removing stm32f4xx_hal_tim.o(i.HAL_TIM_Encoder_Stop_IT), (152 bytes).
    Removing stm32f4xx_hal_tim.o(i.HAL_TIM_ErrorCallback), (2 bytes).
    Removing stm32f4xx_hal_tim.o(i.HAL_TIM_GenerateEvent), (54 bytes).
    Removing stm32f4xx_hal_tim.o(i.HAL_TIM_IC_CaptureCallback), (2 bytes).
    Removing stm32f4xx_hal_tim.o(i.HAL_TIM_IC_CaptureHalfCpltCallback), (2 bytes).
    Removing stm32f4xx_hal_tim.o(i.HAL_TIM_IC_ConfigChannel), (224 bytes).
    Removing stm32f4xx_hal_tim.o(i.HAL_TIM_IC_DeInit), (70 bytes).
    Removing stm32f4xx_hal_tim.o(i.HAL_TIM_IC_GetState), (8 bytes).
    Removing stm32f4xx_hal_tim.o(i.HAL_TIM_IC_Init), (52 bytes).
    Removing stm32f4xx_hal_tim.o(i.HAL_TIM_IC_MspDeInit), (2 bytes).
    Removing stm32f4xx_hal_tim.o(i.HAL_TIM_IC_MspInit), (2 bytes).
    Removing stm32f4xx_hal_tim.o(i.HAL_TIM_IC_Start), (44 bytes).
    Removing stm32f4xx_hal_tim.o(i.HAL_TIM_IC_Start_DMA), (332 bytes).
    Removing stm32f4xx_hal_tim.o(i.HAL_TIM_IC_Start_IT), (120 bytes).
    Removing stm32f4xx_hal_tim.o(i.HAL_TIM_IC_Stop), (58 bytes).
    Removing stm32f4xx_hal_tim.o(i.HAL_TIM_IC_Stop_DMA), (164 bytes).
    Removing stm32f4xx_hal_tim.o(i.HAL_TIM_IC_Stop_IT), (134 bytes).
    Removing stm32f4xx_hal_tim.o(i.HAL_TIM_IRQHandler), (406 bytes).
    Removing stm32f4xx_hal_tim.o(i.HAL_TIM_OC_ConfigChannel), (116 bytes).
    Removing stm32f4xx_hal_tim.o(i.HAL_TIM_OC_DeInit), (70 bytes).
    Removing stm32f4xx_hal_tim.o(i.HAL_TIM_OC_DelayElapsedCallback), (2 bytes).
    Removing stm32f4xx_hal_tim.o(i.HAL_TIM_OC_GetState), (8 bytes).
    Removing stm32f4xx_hal_tim.o(i.HAL_TIM_OC_Init), (52 bytes).
    Removing stm32f4xx_hal_tim.o(i.HAL_TIM_OC_MspDeInit), (2 bytes).
    Removing stm32f4xx_hal_tim.o(i.HAL_TIM_OC_MspInit), (2 bytes).
    Removing stm32f4xx_hal_tim.o(i.HAL_TIM_OC_Start), (88 bytes).
    Removing stm32f4xx_hal_tim.o(i.HAL_TIM_OC_Start_DMA), (376 bytes).
    Removing stm32f4xx_hal_tim.o(i.HAL_TIM_OC_Start_IT), (164 bytes).
    Removing stm32f4xx_hal_tim.o(i.HAL_TIM_OC_Stop), (128 bytes).
    Removing stm32f4xx_hal_tim.o(i.HAL_TIM_OC_Stop_DMA), (236 bytes).
    Removing stm32f4xx_hal_tim.o(i.HAL_TIM_OC_Stop_IT), (204 bytes).
    Removing stm32f4xx_hal_tim.o(i.HAL_TIM_OnePulse_ConfigChannel), (286 bytes).
    Removing stm32f4xx_hal_tim.o(i.HAL_TIM_OnePulse_DeInit), (70 bytes).
    Removing stm32f4xx_hal_tim.o(i.HAL_TIM_OnePulse_GetState), (8 bytes).
    Removing stm32f4xx_hal_tim.o(i.HAL_TIM_OnePulse_Init), (76 bytes).
    Removing stm32f4xx_hal_tim.o(i.HAL_TIM_OnePulse_MspDeInit), (2 bytes).
    Removing stm32f4xx_hal_tim.o(i.HAL_TIM_OnePulse_MspInit), (2 bytes).
    Removing stm32f4xx_hal_tim.o(i.HAL_TIM_OnePulse_Start), (76 bytes).
    Removing stm32f4xx_hal_tim.o(i.HAL_TIM_OnePulse_Start_IT), (100 bytes).
    Removing stm32f4xx_hal_tim.o(i.HAL_TIM_OnePulse_Stop), (140 bytes).
    Removing stm32f4xx_hal_tim.o(i.HAL_TIM_OnePulse_Stop_IT), (164 bytes).
    Removing stm32f4xx_hal_tim.o(i.HAL_TIM_PWM_DeInit), (70 bytes).
    Removing stm32f4xx_hal_tim.o(i.HAL_TIM_PWM_GetState), (8 bytes).
    Removing stm32f4xx_hal_tim.o(i.HAL_TIM_PWM_MspDeInit), (2 bytes).
    Removing stm32f4xx_hal_tim.o(i.HAL_TIM_PWM_MspInit), (2 bytes).
    Removing stm32f4xx_hal_tim.o(i.HAL_TIM_PWM_PulseFinishedCallback), (2 bytes).
    Removing stm32f4xx_hal_tim.o(i.HAL_TIM_PWM_PulseFinishedHalfCpltCallback), (2 bytes).
    Removing stm32f4xx_hal_tim.o(i.HAL_TIM_PWM_Start_DMA), (376 bytes).
    Removing stm32f4xx_hal_tim.o(i.HAL_TIM_PWM_Start_IT), (164 bytes).
    Removing stm32f4xx_hal_tim.o(i.HAL_TIM_PWM_Stop), (136 bytes).
    Removing stm32f4xx_hal_tim.o(i.HAL_TIM_PWM_Stop_DMA), (236 bytes).
    Removing stm32f4xx_hal_tim.o(i.HAL_TIM_PWM_Stop_IT), (204 bytes).
    Removing stm32f4xx_hal_tim.o(i.HAL_TIM_PeriodElapsedCallback), (2 bytes).
    Removing stm32f4xx_hal_tim.o(i.HAL_TIM_PeriodElapsedHalfCpltCallback), (2 bytes).
    Removing stm32f4xx_hal_tim.o(i.HAL_TIM_ReadCapturedValue), (50 bytes).
    Removing stm32f4xx_hal_tim.o(i.HAL_TIM_SlaveConfigSynchro), (108 bytes).
    Removing stm32f4xx_hal_tim.o(i.HAL_TIM_SlaveConfigSynchro_IT), (108 bytes).
    Removing stm32f4xx_hal_tim.o(i.HAL_TIM_TriggerCallback), (2 bytes).
    Removing stm32f4xx_hal_tim.o(i.HAL_TIM_TriggerHalfCpltCallback), (2 bytes).
    Removing stm32f4xx_hal_tim.o(i.TIM_DMACaptureCplt), (70 bytes).
    Removing stm32f4xx_hal_tim.o(i.TIM_DMACaptureHalfCplt), (70 bytes).
    Removing stm32f4xx_hal_tim.o(i.TIM_DMADelayPulseCplt), (70 bytes).
    Removing stm32f4xx_hal_tim.o(i.TIM_DMADelayPulseHalfCplt), (70 bytes).
    Removing stm32f4xx_hal_tim.o(i.TIM_DMAError), (20 bytes).
    Removing stm32f4xx_hal_tim.o(i.TIM_DMAPeriodElapsedCplt), (20 bytes).
    Removing stm32f4xx_hal_tim.o(i.TIM_DMAPeriodElapsedHalfCplt), (20 bytes).
    Removing stm32f4xx_hal_tim.o(i.TIM_DMATriggerCplt), (20 bytes).
    Removing stm32f4xx_hal_tim.o(i.TIM_DMATriggerHalfCplt), (20 bytes).
    Removing stm32f4xx_hal_tim.o(i.TIM_SlaveTimer_SetConfig), (170 bytes).
    Removing stm32f4xx_hal_tim.o(i.TIM_TI1_SetConfig), (144 bytes).
    Removing stm32f4xx_hal_tim.o(i.TIM_TI2_SetConfig), (58 bytes).
    Removing stm32f4xx_hal_tim.o(i.TIM_TI3_SetConfig), (56 bytes).
    Removing stm32f4xx_hal_tim.o(i.TIM_TI4_SetConfig), (60 bytes).
    Removing stm32f4xx_hal_tim_ex.o(.rev16_text), (4 bytes).
    Removing stm32f4xx_hal_tim_ex.o(.revsh_text), (4 bytes).
    Removing stm32f4xx_hal_tim_ex.o(.rrx_text), (6 bytes).
    Removing stm32f4xx_hal_tim_ex.o(i.HAL_TIMEx_BreakCallback), (2 bytes).
    Removing stm32f4xx_hal_tim_ex.o(i.HAL_TIMEx_CommutCallback), (2 bytes).
    Removing stm32f4xx_hal_tim_ex.o(i.HAL_TIMEx_CommutHalfCpltCallback), (2 bytes).
    Removing stm32f4xx_hal_tim_ex.o(i.HAL_TIMEx_ConfigCommutEvent), (134 bytes).
    Removing stm32f4xx_hal_tim_ex.o(i.HAL_TIMEx_ConfigCommutEvent_DMA), (164 bytes).
    Removing stm32f4xx_hal_tim_ex.o(i.HAL_TIMEx_ConfigCommutEvent_IT), (134 bytes).
    Removing stm32f4xx_hal_tim_ex.o(i.HAL_TIMEx_HallSensor_DeInit), (70 bytes).
    Removing stm32f4xx_hal_tim_ex.o(i.HAL_TIMEx_HallSensor_GetState), (8 bytes).
    Removing stm32f4xx_hal_tim_ex.o(i.HAL_TIMEx_HallSensor_Init), (208 bytes).
    Removing stm32f4xx_hal_tim_ex.o(i.HAL_TIMEx_HallSensor_MspDeInit), (2 bytes).
    Removing stm32f4xx_hal_tim_ex.o(i.HAL_TIMEx_HallSensor_MspInit), (2 bytes).
    Removing stm32f4xx_hal_tim_ex.o(i.HAL_TIMEx_HallSensor_Start), (42 bytes).
    Removing stm32f4xx_hal_tim_ex.o(i.HAL_TIMEx_HallSensor_Start_DMA), (144 bytes).
    Removing stm32f4xx_hal_tim_ex.o(i.HAL_TIMEx_HallSensor_Start_IT), (54 bytes).
    Removing stm32f4xx_hal_tim_ex.o(i.HAL_TIMEx_HallSensor_Stop), (56 bytes).
    Removing stm32f4xx_hal_tim_ex.o(i.HAL_TIMEx_HallSensor_Stop_DMA), (74 bytes).
    Removing stm32f4xx_hal_tim_ex.o(i.HAL_TIMEx_HallSensor_Stop_IT), (68 bytes).
    Removing stm32f4xx_hal_tim_ex.o(i.HAL_TIMEx_OCN_Start), (56 bytes).
    Removing stm32f4xx_hal_tim_ex.o(i.HAL_TIMEx_OCN_Start_DMA), (288 bytes).
    Removing stm32f4xx_hal_tim_ex.o(i.HAL_TIMEx_OCN_Start_IT), (126 bytes).
    Removing stm32f4xx_hal_tim_ex.o(i.HAL_TIMEx_OCN_Stop), (96 bytes).
    Removing stm32f4xx_hal_tim_ex.o(i.HAL_TIMEx_OCN_Stop_DMA), (178 bytes).
    Removing stm32f4xx_hal_tim_ex.o(i.HAL_TIMEx_OCN_Stop_IT), (178 bytes).
    Removing stm32f4xx_hal_tim_ex.o(i.HAL_TIMEx_OnePulseN_Start), (32 bytes).
    Removing stm32f4xx_hal_tim_ex.o(i.HAL_TIMEx_OnePulseN_Start_IT), (56 bytes).
    Removing stm32f4xx_hal_tim_ex.o(i.HAL_TIMEx_OnePulseN_Stop), (96 bytes).
    Removing stm32f4xx_hal_tim_ex.o(i.HAL_TIMEx_OnePulseN_Stop_IT), (120 bytes).
    Removing stm32f4xx_hal_tim_ex.o(i.HAL_TIMEx_PWMN_Start), (56 bytes).
    Removing stm32f4xx_hal_tim_ex.o(i.HAL_TIMEx_PWMN_Start_DMA), (288 bytes).
    Removing stm32f4xx_hal_tim_ex.o(i.HAL_TIMEx_PWMN_Start_IT), (126 bytes).
    Removing stm32f4xx_hal_tim_ex.o(i.HAL_TIMEx_PWMN_Stop), (96 bytes).
    Removing stm32f4xx_hal_tim_ex.o(i.HAL_TIMEx_PWMN_Stop_DMA), (178 bytes).
    Removing stm32f4xx_hal_tim_ex.o(i.HAL_TIMEx_PWMN_Stop_IT), (178 bytes).
    Removing stm32f4xx_hal_tim_ex.o(i.HAL_TIMEx_RemapConfig), (42 bytes).
    Removing stm32f4xx_hal_tim_ex.o(i.TIMEx_DMACommutationCplt), (20 bytes).
    Removing stm32f4xx_hal_tim_ex.o(i.TIMEx_DMACommutationHalfCplt), (20 bytes).
    Removing stm32f4xx_hal_tim_ex.o(i.TIM_CCxNChannelCmd), (34 bytes).
    Removing stm32f4xx_hal_uart.o(.rev16_text), (4 bytes).
    Removing stm32f4xx_hal_uart.o(.revsh_text), (4 bytes).
    Removing stm32f4xx_hal_uart.o(.rrx_text), (6 bytes).
    Removing stm32f4xx_hal_uart.o(i.HAL_HalfDuplex_EnableReceiver), (68 bytes).
    Removing stm32f4xx_hal_uart.o(i.HAL_HalfDuplex_EnableTransmitter), (68 bytes).
    Removing stm32f4xx_hal_uart.o(i.HAL_HalfDuplex_Init), (118 bytes).
    Removing stm32f4xx_hal_uart.o(i.HAL_LIN_Init), (142 bytes).
    Removing stm32f4xx_hal_uart.o(i.HAL_LIN_SendBreak), (62 bytes).
    Removing stm32f4xx_hal_uart.o(i.HAL_MultiProcessor_EnterMuteMode), (62 bytes).
    Removing stm32f4xx_hal_uart.o(i.HAL_MultiProcessor_ExitMuteMode), (62 bytes).
    Removing stm32f4xx_hal_uart.o(i.HAL_MultiProcessor_Init), (154 bytes).
    Removing stm32f4xx_hal_uart.o(i.HAL_UART_Abort), (170 bytes).
    Removing stm32f4xx_hal_uart.o(i.HAL_UART_AbortCpltCallback), (2 bytes).
    Removing stm32f4xx_hal_uart.o(i.HAL_UART_AbortReceive), (102 bytes).
    Removing stm32f4xx_hal_uart.o(i.HAL_UART_AbortReceiveCpltCallback), (2 bytes).
    Removing stm32f4xx_hal_uart.o(i.HAL_UART_AbortReceive_IT), (120 bytes).
    Removing stm32f4xx_hal_uart.o(i.HAL_UART_AbortTransmit), (90 bytes).
    Removing stm32f4xx_hal_uart.o(i.HAL_UART_AbortTransmitCpltCallback), (2 bytes).
    Removing stm32f4xx_hal_uart.o(i.HAL_UART_AbortTransmit_IT), (108 bytes).
    Removing stm32f4xx_hal_uart.o(i.HAL_UART_Abort_IT), (224 bytes).
    Removing stm32f4xx_hal_uart.o(i.HAL_UART_DMAPause), (124 bytes).
    Removing stm32f4xx_hal_uart.o(i.HAL_UART_DMAResume), (126 bytes).
    Removing stm32f4xx_hal_uart.o(i.HAL_UART_DeInit), (58 bytes).
    Removing stm32f4xx_hal_uart.o(i.HAL_UART_GetError), (6 bytes).
    Removing stm32f4xx_hal_uart.o(i.HAL_UART_GetState), (20 bytes).
    Removing stm32f4xx_hal_uart.o(i.HAL_UART_IRQHandler), (332 bytes).
    Removing stm32f4xx_hal_uart.o(i.HAL_UART_MspDeInit), (2 bytes).
    Removing stm32f4xx_hal_uart.o(i.HAL_UART_MspInit), (2 bytes).
    Removing stm32f4xx_hal_uart.o(i.HAL_UART_Receive), (222 bytes).
    Removing stm32f4xx_hal_uart.o(i.HAL_UART_Receive_IT), (112 bytes).
    Removing stm32f4xx_hal_uart.o(i.HAL_UART_RxCpltCallback), (2 bytes).
    Removing stm32f4xx_hal_uart.o(i.HAL_UART_Transmit), (214 bytes).
    Removing stm32f4xx_hal_uart.o(i.HAL_UART_Transmit_DMA), (156 bytes).
    Removing stm32f4xx_hal_uart.o(i.HAL_UART_Transmit_IT), (88 bytes).
    Removing stm32f4xx_hal_uart.o(i.HAL_UART_TxCpltCallback), (2 bytes).
    Removing stm32f4xx_hal_uart.o(i.HAL_UART_TxHalfCpltCallback), (2 bytes).
    Removing stm32f4xx_hal_uart.o(i.UART_DMAAbortOnError), (20 bytes).
    Removing stm32f4xx_hal_uart.o(i.UART_DMARxAbortCallback), (52 bytes).
    Removing stm32f4xx_hal_uart.o(i.UART_DMARxOnlyAbortCallback), (24 bytes).
    Removing stm32f4xx_hal_uart.o(i.UART_DMATransmitCplt), (54 bytes).
    Removing stm32f4xx_hal_uart.o(i.UART_DMATxAbortCallback), (52 bytes).
    Removing stm32f4xx_hal_uart.o(i.UART_DMATxHalfCplt), (14 bytes).
    Removing stm32f4xx_hal_uart.o(i.UART_DMATxOnlyAbortCallback), (24 bytes).
    Removing stm32f4xx_hal_uart.o(i.UART_EndTransmit_IT), (32 bytes).
    Removing stm32f4xx_hal_uart.o(i.UART_Receive_IT), (166 bytes).
    Removing stm32f4xx_hal_uart.o(i.UART_Transmit_IT), (104 bytes).
    Removing stm32f4xx_hal_uart.o(i.UART_WaitOnFlagUntilTimeout), (108 bytes).
    Removing system_stm32f4xx.o(.rev16_text), (4 bytes).
    Removing system_stm32f4xx.o(.revsh_text), (4 bytes).
    Removing system_stm32f4xx.o(.rrx_text), (6 bytes).
    Removing system_stm32f4xx.o(i.SystemCoreClockUpdate), (192 bytes).
    Removing event_groups.o(i.prvTestWaitCondition), (30 bytes).
    Removing event_groups.o(i.vEventGroupClearBitsCallback), (16 bytes).
    Removing event_groups.o(i.vEventGroupDelete), (86 bytes).
    Removing event_groups.o(i.vEventGroupSetBitsCallback), (16 bytes).
    Removing event_groups.o(i.xEventGroupClearBits), (92 bytes).
    Removing event_groups.o(i.xEventGroupCreate), (30 bytes).
    Removing event_groups.o(i.xEventGroupCreateStatic), (90 bytes).
    Removing event_groups.o(i.xEventGroupGetBitsFromISR), (44 bytes).
    Removing event_groups.o(i.xEventGroupSetBits), (206 bytes).
    Removing event_groups.o(i.xEventGroupSync), (272 bytes).
    Removing event_groups.o(i.xEventGroupWaitBits), (344 bytes).
    Removing queue.o(i.pcQueueGetName), (44 bytes).
    Removing queue.o(i.prvGetDisinheritPriorityAfterTimeout), (20 bytes).
    Removing queue.o(i.prvInitialiseMutex), (28 bytes).
    Removing queue.o(i.uxQueueMessagesWaiting), (42 bytes).
    Removing queue.o(i.uxQueueMessagesWaitingFromISR), (30 bytes).
    Removing queue.o(i.uxQueueSpacesAvailable), (48 bytes).
    Removing queue.o(i.vQueueDelete), (50 bytes).
    Removing queue.o(i.vQueueUnregisterQueue), (48 bytes).
    Removing queue.o(i.xQueueCreateMutex), (34 bytes).
    Removing queue.o(i.xQueueCreateMutexStatic), (42 bytes).
    Removing queue.o(i.xQueueGenericCreate), (94 bytes).
    Removing queue.o(i.xQueueGetMutexHolder), (26 bytes).
    Removing queue.o(i.xQueueGetMutexHolderFromISR), (38 bytes).
    Removing queue.o(i.xQueueGiveFromISR), (224 bytes).
    Removing queue.o(i.xQueueIsQueueEmptyFromISR), (38 bytes).
    Removing queue.o(i.xQueueIsQueueFullFromISR), (42 bytes).
    Removing queue.o(i.xQueuePeek), (368 bytes).
    Removing queue.o(i.xQueuePeekFromISR), (176 bytes).
    Removing queue.o(i.xQueueReceiveFromISR), (202 bytes).
    Removing queue.o(i.xQueueSemaphoreTake), (440 bytes).
    Removing stream_buffer.o(i.prvBytesInBuffer), (24 bytes).
    Removing stream_buffer.o(i.prvInitialiseNewStreamBuffer), (96 bytes).
    Removing stream_buffer.o(i.prvReadBytesFromBuffer), (202 bytes).
    Removing stream_buffer.o(i.prvReadMessageFromBuffer), (72 bytes).
    Removing stream_buffer.o(i.prvWriteBytesToBuffer), (186 bytes).
    Removing stream_buffer.o(i.prvWriteMessageToBuffer), (92 bytes).
    Removing stream_buffer.o(i.vStreamBufferDelete), (56 bytes).
    Removing stream_buffer.o(i.xStreamBufferBytesAvailable), (42 bytes).
    Removing stream_buffer.o(i.xStreamBufferGenericCreate), (114 bytes).
    Removing stream_buffer.o(i.xStreamBufferGenericCreateStatic), (222 bytes).
    Removing stream_buffer.o(i.xStreamBufferIsEmpty), (46 bytes).
    Removing stream_buffer.o(i.xStreamBufferIsFull), (64 bytes).
    Removing stream_buffer.o(i.xStreamBufferReceive), (254 bytes).
    Removing stream_buffer.o(i.xStreamBufferReceiveCompletedFromISR), (102 bytes).
    Removing stream_buffer.o(i.xStreamBufferReceiveFromISR), (184 bytes).
    Removing stream_buffer.o(i.xStreamBufferReset), (74 bytes).
    Removing stream_buffer.o(i.xStreamBufferSend), (274 bytes).
    Removing stream_buffer.o(i.xStreamBufferSendCompletedFromISR), (102 bytes).
    Removing stream_buffer.o(i.xStreamBufferSendFromISR), (184 bytes).
    Removing stream_buffer.o(i.xStreamBufferSetTriggerLevel), (50 bytes).
    Removing stream_buffer.o(i.xStreamBufferSpacesAvailable), (54 bytes).
    Removing tasks.o(i.eTaskGetState), (132 bytes).
    Removing tasks.o(i.prvTaskCheckFreeStackSpace), (22 bytes).
    Removing tasks.o(i.prvTaskIsTaskSuspended), (88 bytes).
    Removing tasks.o(i.pvTaskIncrementMutexHeldCount), (32 bytes).
    Removing tasks.o(i.uxTaskGetNumberOfTasks), (12 bytes).
    Removing tasks.o(i.uxTaskGetStackHighWaterMark), (40 bytes).
    Removing tasks.o(i.uxTaskPriorityGet), (36 bytes).
    Removing tasks.o(i.uxTaskPriorityGetFromISR), (68 bytes).
    Removing tasks.o(i.uxTaskResetEventItemValue), (28 bytes).
    Removing tasks.o(i.vTaskDelayUntil), (212 bytes).
    Removing tasks.o(i.vTaskDelete), (244 bytes).
    Removing tasks.o(i.vTaskEndScheduler), (36 bytes).
    Removing tasks.o(i.vTaskPlaceOnUnorderedEventList), (108 bytes).
    Removing tasks.o(i.vTaskPriorityDisinheritAfterTimeout), (244 bytes).
    Removing tasks.o(i.vTaskPrioritySet), (276 bytes).
    Removing tasks.o(i.vTaskRemoveFromUnorderedEventList), (164 bytes).
    Removing tasks.o(i.vTaskResume), (144 bytes).
    Removing tasks.o(i.vTaskSetTimeOutState), (60 bytes).
    Removing tasks.o(i.vTaskSuspend), (244 bytes).
    Removing tasks.o(i.xTaskAbortDelay), (160 bytes).
    Removing tasks.o(i.xTaskGenericNotify), (260 bytes).
    Removing tasks.o(i.xTaskGenericNotifyFromISR), (324 bytes).
    Removing tasks.o(i.xTaskGetCurrentTaskHandle), (12 bytes).
    Removing tasks.o(i.xTaskGetTickCountFromISR), (20 bytes).
    Removing tasks.o(i.xTaskNotifyStateClear), (52 bytes).
    Removing tasks.o(i.xTaskNotifyWait), (160 bytes).
    Removing tasks.o(i.xTaskPriorityInherit), (200 bytes).
    Removing tasks.o(i.xTaskResumeFromISR), (180 bytes).
    Removing timers.o(i.pcTimerGetName), (32 bytes).
    Removing timers.o(i.prvInitialiseNewTimer), (78 bytes).
    Removing timers.o(i.pvTimerGetTimerID), (44 bytes).
    Removing timers.o(i.vTimerSetTimerID), (44 bytes).
    Removing timers.o(i.xTimerCreate), (54 bytes).
    Removing timers.o(i.xTimerCreateStatic), (112 bytes).
    Removing timers.o(i.xTimerGetExpiryTime), (34 bytes).
    Removing timers.o(i.xTimerGetPeriod), (32 bytes).
    Removing timers.o(i.xTimerGetTimerDaemonTaskHandle), (48 bytes).
    Removing timers.o(i.xTimerIsTimerActive), (56 bytes).
    Removing timers.o(i.xTimerPendFunctionCall), (80 bytes).
    Removing timers.o(i.xTimerPendFunctionCallFromISR), (52 bytes).
    Removing cmsis_os.o(.rev16_text), (4 bytes).
    Removing cmsis_os.o(.revsh_text), (4 bytes).
    Removing cmsis_os.o(.rrx_text), (6 bytes).
    Removing cmsis_os.o(i.inHandlerMode), (16 bytes).
    Removing cmsis_os.o(i.makeCmsisPriority), (18 bytes).
    Removing cmsis_os.o(i.osAbortDelay), (14 bytes).
    Removing cmsis_os.o(i.osDelayUntil), (28 bytes).
    Removing cmsis_os.o(i.osKernelRunning), (18 bytes).
    Removing cmsis_os.o(i.osKernelSysTick), (20 bytes).
    Removing cmsis_os.o(i.osMailAlloc), (24 bytes).
    Removing cmsis_os.o(i.osMailCAlloc), (44 bytes).
    Removing cmsis_os.o(i.osMailCreate), (122 bytes).
    Removing cmsis_os.o(i.osMailFree), (22 bytes).
    Removing cmsis_os.o(i.osMailGet), (152 bytes).
    Removing cmsis_os.o(i.osMailPut), (96 bytes).
    Removing cmsis_os.o(i.osMessageAvailableSpace), (12 bytes).
    Removing cmsis_os.o(i.osMessageCreate), (40 bytes).
    Removing cmsis_os.o(i.osMessageDelete), (24 bytes).
    Removing cmsis_os.o(i.osMessageGet), (156 bytes).
    Removing cmsis_os.o(i.osMessagePeek), (86 bytes).
    Removing cmsis_os.o(i.osMessagePut), (96 bytes).
    Removing cmsis_os.o(i.osMessageWaiting), (26 bytes).
    Removing cmsis_os.o(i.osMutexCreate), (26 bytes).
    Removing cmsis_os.o(i.osMutexDelete), (24 bytes).
    Removing cmsis_os.o(i.osMutexRelease), (80 bytes).
    Removing cmsis_os.o(i.osMutexWait), (104 bytes).
    Removing cmsis_os.o(i.osPoolAlloc), (122 bytes).
    Removing cmsis_os.o(i.osPoolCAlloc), (22 bytes).
    Removing cmsis_os.o(i.osPoolCreate), (112 bytes).
    Removing cmsis_os.o(i.osPoolFree), (74 bytes).
    Removing cmsis_os.o(i.osRecursiveMutexCreate), (6 bytes).
    Removing cmsis_os.o(i.osRecursiveMutexRelease), (6 bytes).
    Removing cmsis_os.o(i.osRecursiveMutexWait), (6 bytes).
    Removing cmsis_os.o(i.osSemaphoreCreate), (74 bytes).
    Removing cmsis_os.o(i.osSemaphoreDelete), (24 bytes).
    Removing cmsis_os.o(i.osSemaphoreGetCount), (12 bytes).
    Removing cmsis_os.o(i.osSemaphoreRelease), (80 bytes).
    Removing cmsis_os.o(i.osSemaphoreWait), (104 bytes).
    Removing cmsis_os.o(i.osSignalSet), (96 bytes).
    Removing cmsis_os.o(i.osSignalWait), (98 bytes).
    Removing cmsis_os.o(i.osSystickHandler), (16 bytes).
    Removing cmsis_os.o(i.osThreadGetId), (8 bytes).
    Removing cmsis_os.o(i.osThreadGetPriority), (38 bytes).
    Removing cmsis_os.o(i.osThreadGetState), (58 bytes).
    Removing cmsis_os.o(i.osThreadIsSuspended), (22 bytes).
    Removing cmsis_os.o(i.osThreadList), (6 bytes).
    Removing cmsis_os.o(i.osThreadResume), (52 bytes).
    Removing cmsis_os.o(i.osThreadResumeAll), (18 bytes).
    Removing cmsis_os.o(i.osThreadSetPriority), (26 bytes).
    Removing cmsis_os.o(i.osThreadSuspend), (14 bytes).
    Removing cmsis_os.o(i.osThreadSuspendAll), (10 bytes).
    Removing cmsis_os.o(i.osThreadTerminate), (14 bytes).
    Removing cmsis_os.o(i.osThreadYield), (24 bytes).
    Removing cmsis_os.o(i.osTimerCreate), (76 bytes).
    Removing cmsis_os.o(i.osTimerDelete), (44 bytes).
    Removing cmsis_os.o(i.osTimerStart), (104 bytes).
    Removing cmsis_os.o(i.osTimerStop), (92 bytes).
    Removing heap_4.o(i.vPortInitialiseBlocks), (2 bytes).
    Removing heap_4.o(i.xPortGetFreeHeapSize), (12 bytes).
    Removing heap_4.o(i.xPortGetMinimumEverFreeHeapSize), (12 bytes).
    Removing port.o(i.vPortEndScheduler), (48 bytes).
    Removing bsp_delay.o(.rev16_text), (4 bytes).
    Removing bsp_delay.o(.revsh_text), (4 bytes).
    Removing bsp_delay.o(.rrx_text), (6 bytes).
    Removing bsp_delay.o(i.delay_ms), (80 bytes).
    Removing bsp_imu_pwm.o(.rev16_text), (4 bytes).
    Removing bsp_imu_pwm.o(.revsh_text), (4 bytes).
    Removing bsp_imu_pwm.o(.rrx_text), (6 bytes).
    Removing bsp_led.o(.rev16_text), (4 bytes).
    Removing bsp_led.o(.revsh_text), (4 bytes).
    Removing bsp_led.o(.rrx_text), (6 bytes).
    Removing bsp_spi.o(.rev16_text), (4 bytes).
    Removing bsp_spi.o(.revsh_text), (4 bytes).
    Removing bsp_spi.o(.rrx_text), (6 bytes).
    Removing ins_task.o(.rev16_text), (4 bytes).
    Removing ins_task.o(.revsh_text), (4 bytes).
    Removing ins_task.o(.rrx_text), (6 bytes).
    Removing led_flow_task.o(.rev16_text), (4 bytes).
    Removing led_flow_task.o(.revsh_text), (4 bytes).
    Removing led_flow_task.o(.rrx_text), (6 bytes).
    Removing test_task.o(.rev16_text), (4 bytes).
    Removing test_task.o(.revsh_text), (4 bytes).
    Removing test_task.o(.rrx_text), (6 bytes).
    Removing controller_task.o(.rev16_text), (4 bytes).
    Removing controller_task.o(.revsh_text), (4 bytes).
    Removing controller_task.o(.rrx_text), (6 bytes).
    Removing user_lib.o(i.abs_limit), (48 bytes).
    Removing user_lib.o(i.fp32_constrain), (42 bytes).
    Removing user_lib.o(i.fp32_deadline), (36 bytes).
    Removing user_lib.o(i.int16_constrain), (22 bytes).
    Removing user_lib.o(i.int16_deadline), (12 bytes).
    Removing user_lib.o(i.loop_fp32_constrain), (96 bytes).
    Removing user_lib.o(i.ramp_calc), (90 bytes).
    Removing user_lib.o(i.ramp_init), (44 bytes).
    Removing user_lib.o(i.sign), (26 bytes).
    Removing user_lib.o(i.theta_format), (32 bytes).
    Removing pid.o(.rev16_text), (4 bytes).
    Removing pid.o(.revsh_text), (4 bytes).
    Removing pid.o(.rrx_text), (6 bytes).
    Removing pid.o(i.PID_clear), (76 bytes).
    Removing rmotors_controller.o(.rev16_text), (4 bytes).
    Removing rmotors_controller.o(.revsh_text), (4 bytes).
    Removing rmotors_controller.o(.rrx_text), (6 bytes).
    Removing bmi088driver.o(.rev16_text), (4 bytes).
    Removing bmi088driver.o(.revsh_text), (4 bytes).
    Removing bmi088driver.o(.rrx_text), (6 bytes).
    Removing bmi088driver.o(i.BMI088_read_accel_who_am_i), (36 bytes).
    Removing bmi088driver.o(i.BMI088_read_gyro_who_am_i), (20 bytes).
    Removing bmi088driver.o(i.get_BMI088_accel), (160 bytes).
    Removing bmi088driver.o(i.get_BMI088_gyro), (84 bytes).
    Removing bmi088driver.o(i.get_BMI088_sensor_time), (54 bytes).
    Removing bmi088driver.o(i.get_BMI088_temperate), (94 bytes).
    Removing bmi088middleware.o(.rev16_text), (4 bytes).
    Removing bmi088middleware.o(.revsh_text), (4 bytes).
    Removing bmi088middleware.o(.rrx_text), (6 bytes).
    Removing ist8310driver.o(i.ist8310_read_over), (132 bytes).
    Removing ist8310driver_middleware.o(.rev16_text), (4 bytes).
    Removing ist8310driver_middleware.o(.revsh_text), (4 bytes).
    Removing ist8310driver_middleware.o(.rrx_text), (6 bytes).
    Removing ist8310driver_middleware.o(i.ist8310_IIC_write_muli_reg), (36 bytes).
    Removing ist8310driver_middleware.o(i.ist8310_delay_us), (12 bytes).
    Removing remotemiddleware.o(.rev16_text), (4 bytes).
    Removing remotemiddleware.o(.revsh_text), (4 bytes).
    Removing remotemiddleware.o(.rrx_text), (6 bytes).
    Removing motorsmiddleware.o(.rev16_text), (4 bytes).
    Removing motorsmiddleware.o(.revsh_text), (4 bytes).
    Removing motorsmiddleware.o(.rrx_text), (6 bytes).
    Removing motorsmiddleware.o(i._Motor_ID_Cansend), (192 bytes).
    Removing motorsmiddleware.o(.data), (12 bytes).
    Removing servomiddleware.o(.rev16_text), (4 bytes).
    Removing servomiddleware.o(.revsh_text), (4 bytes).
    Removing servomiddleware.o(.rrx_text), (6 bytes).
    Removing servomiddleware.o(i.servo_CCR_set), (12 bytes).

777 unused section(s) (total 64158 bytes) removed from the image.

==============================================================================

Memory Map of the image

  Image Entry point : 0x00000000

  Load Region LR_IROM1 (Base: 0x08000000, Size: 0x0000cc10, Max: 0x00100000, ABSOLUTE)

    Execution Region ER_IROM1 (Base: 0x08000000, Size: 0x0000cad4, Max: 0x00100000, ABSOLUTE)

    Base Addr    Size         Type   Attr      Idx    E Section Name        Object

    0x08000000   0x00000188   Data   RO            3    RESET               startup_stm32f407xx.o
    0x08000188   0x00000008   Code   RO         6943  * !!!main             c_w.l(__main.o)
    0x08000190   0x00000002   Code   RO         7083    .ARM.Collect$$libinit$$00000000  c_w.l(libinit.o)
    0x08000192   0x00000004   Code   RO         7092    .ARM.Collect$$libinit$$00000001  c_w.l(libinit2.o)
    0x08000196   0x00000000   Code   RO         7095    .ARM.Collect$$libinit$$00000004  c_w.l(libinit2.o)
    0x08000196   0x00000000   Code   RO         7098    .ARM.Collect$$libinit$$0000000A  c_w.l(libinit2.o)
    0x08000196   0x00000000   Code   RO         7100    .ARM.Collect$$libinit$$0000000C  c_w.l(libinit2.o)
    0x08000196   0x00000000   Code   RO         7102    .ARM.Collect$$libinit$$0000000E  c_w.l(libinit2.o)
    0x08000196   0x00000000   Code   RO         7105    .ARM.Collect$$libinit$$00000011  c_w.l(libinit2.o)
    0x08000196   0x00000000   Code   RO         7107    .ARM.Collect$$libinit$$00000013  c_w.l(libinit2.o)
    0x08000196   0x00000000   Code   RO         7109    .ARM.Collect$$libinit$$00000015  c_w.l(libinit2.o)
    0x08000196   0x00000000   Code   RO         7111    .ARM.Collect$$libinit$$00000017  c_w.l(libinit2.o)
    0x08000196   0x00000000   Code   RO         7113    .ARM.Collect$$libinit$$00000019  c_w.l(libinit2.o)
    0x08000196   0x00000000   Code   RO         7115    .ARM.Collect$$libinit$$0000001B  c_w.l(libinit2.o)
    0x08000196   0x00000000   Code   RO         7117    .ARM.Collect$$libinit$$0000001D  c_w.l(libinit2.o)
    0x08000196   0x00000000   Code   RO         7119    .ARM.Collect$$libinit$$0000001F  c_w.l(libinit2.o)
    0x08000196   0x00000000   Code   RO         7121    .ARM.Collect$$libinit$$00000021  c_w.l(libinit2.o)
    0x08000196   0x00000000   Code   RO         7123    .ARM.Collect$$libinit$$00000023  c_w.l(libinit2.o)
    0x08000196   0x00000000   Code   RO         7125    .ARM.Collect$$libinit$$00000025  c_w.l(libinit2.o)
    0x08000196   0x00000000   Code   RO         7129    .ARM.Collect$$libinit$$0000002C  c_w.l(libinit2.o)
    0x08000196   0x00000000   Code   RO         7131    .ARM.Collect$$libinit$$0000002E  c_w.l(libinit2.o)
    0x08000196   0x00000000   Code   RO         7133    .ARM.Collect$$libinit$$00000030  c_w.l(libinit2.o)
    0x08000196   0x00000000   Code   RO         7135    .ARM.Collect$$libinit$$00000032  c_w.l(libinit2.o)
    0x08000196   0x00000002   Code   RO         7136    .ARM.Collect$$libinit$$00000033  c_w.l(libinit2.o)
    0x08000198   0x00000002   Code   RO         7167    .ARM.Collect$$libshutdown$$00000000  c_w.l(libshutdown.o)
    0x0800019a   0x00000000   Code   RO         7194    .ARM.Collect$$libshutdown$$00000003  c_w.l(libshutdown2.o)
    0x0800019a   0x00000000   Code   RO         7197    .ARM.Collect$$libshutdown$$00000006  c_w.l(libshutdown2.o)
    0x0800019a   0x00000000   Code   RO         7200    .ARM.Collect$$libshutdown$$00000009  c_w.l(libshutdown2.o)
    0x0800019a   0x00000000   Code   RO         7202    .ARM.Collect$$libshutdown$$0000000B  c_w.l(libshutdown2.o)
    0x0800019a   0x00000000   Code   RO         7205    .ARM.Collect$$libshutdown$$0000000E  c_w.l(libshutdown2.o)
    0x0800019a   0x00000002   Code   RO         7206    .ARM.Collect$$libshutdown$$0000000F  c_w.l(libshutdown2.o)
    0x0800019c   0x00000000   Code   RO         6993    .ARM.Collect$$rtentry$$00000000  c_w.l(__rtentry.o)
    0x0800019c   0x00000000   Code   RO         7044    .ARM.Collect$$rtentry$$00000002  c_w.l(__rtentry2.o)
    0x0800019c   0x00000006   Code   RO         7056    .ARM.Collect$$rtentry$$00000004  c_w.l(__rtentry4.o)
    0x080001a2   0x00000000   Code   RO         7046    .ARM.Collect$$rtentry$$00000009  c_w.l(__rtentry2.o)
    0x080001a2   0x00000004   Code   RO         7047    .ARM.Collect$$rtentry$$0000000A  c_w.l(__rtentry2.o)
    0x080001a6   0x00000000   Code   RO         7049    .ARM.Collect$$rtentry$$0000000C  c_w.l(__rtentry2.o)
    0x080001a6   0x00000008   Code   RO         7050    .ARM.Collect$$rtentry$$0000000D  c_w.l(__rtentry2.o)
    0x080001ae   0x00000002   Code   RO         7084    .ARM.Collect$$rtexit$$00000000  c_w.l(rtexit.o)
    0x080001b0   0x00000000   Code   RO         7140    .ARM.Collect$$rtexit$$00000002  c_w.l(rtexit2.o)
    0x080001b0   0x00000004   Code   RO         7141    .ARM.Collect$$rtexit$$00000003  c_w.l(rtexit2.o)
    0x080001b4   0x00000006   Code   RO         7142    .ARM.Collect$$rtexit$$00000004  c_w.l(rtexit2.o)
    0x080001ba   0x00000002   PAD
    0x080001bc   0x000000be   Code   RO         5669    .emb_text           port.o
    0x0800027a   0x00000002   PAD
    0x0800027c   0x00000040   Code   RO            4    .text               startup_stm32f407xx.o
    0x080002bc   0x000000ee   Code   RO         6927    .text               c_w.l(lludivv7m.o)
    0x080003aa   0x0000003e   Code   RO         6929    .text               c_w.l(strlen.o)
    0x080003e8   0x0000008a   Code   RO         6931    .text               c_w.l(rt_memcpy_v6.o)
    0x08000472   0x00000064   Code   RO         6933    .text               c_w.l(rt_memcpy_w.o)
    0x080004d6   0x00000010   Code   RO         6937    .text               c_w.l(aeabi_memset.o)
    0x080004e6   0x0000004e   Code   RO         6939    .text               c_w.l(rt_memclr_w.o)
    0x08000534   0x00000006   Code   RO         6941    .text               c_w.l(heapauxi.o)
    0x0800053a   0x00000016   Code   RO         6998    .text               c_w.l(_rserrno.o)
    0x08000550   0x00000044   Code   RO         7000    .text               c_w.l(rt_memclr.o)
    0x08000594   0x00000008   Code   RO         7063    .text               c_w.l(rt_errno_addr_intlibspace.o)
    0x0800059c   0x00000008   Code   RO         7067    .text               c_w.l(libspace.o)
    0x080005a4   0x0000004a   Code   RO         7070    .text               c_w.l(sys_stackheap_outer.o)
    0x080005ee   0x0000000c   Code   RO         7072    .text               c_w.l(exit.o)
    0x080005fa   0x00000002   PAD
    0x080005fc   0x0000000c   Code   RO         7137    .text               c_w.l(sys_exit.o)
    0x08000608   0x00000002   Code   RO         7156    .text               c_w.l(use_no_semi.o)
    0x0800060a   0x00000000   Code   RO         7158    .text               c_w.l(indicate_semi.o)
    0x0800060a   0x00000002   PAD
    0x0800060c   0x00000028   Code   RO         5949    i.AHRS_init         ins_task.o
    0x08000634   0x0000006a   Code   RO         5950    i.AHRS_update       ins_task.o
    0x0800069e   0x00000002   PAD
    0x080006a0   0x00000014   Code   RO         6603    i.BMI088_ACCEL_NS_H  bmi088middleware.o
    0x080006b4   0x00000014   Code   RO         6604    i.BMI088_ACCEL_NS_L  bmi088middleware.o
    0x080006c8   0x00000002   Code   RO         6605    i.BMI088_GPIO_init  bmi088middleware.o
    0x080006ca   0x00000002   PAD
    0x080006cc   0x00000014   Code   RO         6606    i.BMI088_GYRO_NS_H  bmi088middleware.o
    0x080006e0   0x00000014   Code   RO         6607    i.BMI088_GYRO_NS_L  bmi088middleware.o
    0x080006f4   0x00000090   Code   RO         6467    i.BMI088_accel_read_over  bmi088driver.o
    0x08000784   0x00000002   Code   RO         6608    i.BMI088_com_init   bmi088middleware.o
    0x08000786   0x0000000c   Code   RO         6609    i.BMI088_delay_ms   bmi088middleware.o
    0x08000792   0x0000000c   Code   RO         6610    i.BMI088_delay_us   bmi088middleware.o
    0x0800079e   0x00000002   PAD
    0x080007a0   0x00000068   Code   RO         6468    i.BMI088_gyro_read_over  bmi088driver.o
    0x08000808   0x00000034   Code   RO         6469    i.BMI088_init       bmi088driver.o
    0x0800083c   0x0000017c   Code   RO         6470    i.BMI088_read       bmi088driver.o
    0x080009b8   0x00000026   Code   RO         6473    i.BMI088_read_muli_reg  bmi088driver.o
    0x080009de   0x00000018   Code   RO         6474    i.BMI088_read_single_reg  bmi088driver.o
    0x080009f6   0x00000002   PAD
    0x080009f8   0x00000020   Code   RO         6611    i.BMI088_read_write_byte  bmi088middleware.o
    0x08000a18   0x00000034   Code   RO         6475    i.BMI088_temperature_read_over  bmi088driver.o
    0x08000a4c   0x00000014   Code   RO         6476    i.BMI088_write_single_reg  bmi088driver.o
    0x08000a60   0x00000004   Code   RO          596    i.BusFault_Handler  stm32f4xx_it.o
    0x08000a64   0x00000010   Code   RO          597    i.CAN1_RX0_IRQHandler  stm32f4xx_it.o
    0x08000a74   0x00000010   Code   RO          598    i.CAN1_RX1_IRQHandler  stm32f4xx_it.o
    0x08000a84   0x00000010   Code   RO          599    i.CAN1_TX_IRQHandler  stm32f4xx_it.o
    0x08000a94   0x00000054   Code   RO         6227    i.Controller_task   controller_task.o
    0x08000ae8   0x00000010   Code   RO          600    i.DMA1_Stream1_IRQHandler  stm32f4xx_it.o
    0x08000af8   0x00000898   Code   RO         5951    i.DMA2_Stream2_IRQHandler  ins_task.o
    0x08001390   0x00000034   Code   RO         1470    i.DMA_CalcBaseAndBitshift  stm32f4xx_hal_dma.o
    0x080013c4   0x000000aa   Code   RO         1471    i.DMA_CheckFifoParam  stm32f4xx_hal_dma.o
    0x0800146e   0x0000002c   Code   RO         1472    i.DMA_SetConfig     stm32f4xx_hal_dma.o
    0x0800149a   0x00000002   PAD
    0x0800149c   0x00000020   Code   RO         6811    i.DR16_DataInit     remotemiddleware.o
    0x080014bc   0x000001b4   Code   RO         6812    i.DR16_process      remotemiddleware.o
    0x08001670   0x00000002   Code   RO          601    i.DebugMon_Handler  stm32f4xx_it.o
    0x08001672   0x0000000a   Code   RO          602    i.EXTI0_IRQHandler  stm32f4xx_it.o
    0x0800167c   0x0000000a   Code   RO          603    i.EXTI3_IRQHandler  stm32f4xx_it.o
    0x08001686   0x0000000a   Code   RO          604    i.EXTI4_IRQHandler  stm32f4xx_it.o
    0x08001690   0x0000000a   Code   RO          605    i.EXTI9_5_IRQHandler  stm32f4xx_it.o
    0x0800169a   0x00000002   Code   RO           13    i.Error_Handler     main.o
    0x0800169c   0x0000002a   Code   RO          733    i.HAL_CAN_ActivateNotification  stm32f4xx_hal_can.o
    0x080016c6   0x00000156   Code   RO          734    i.HAL_CAN_AddTxMessage  stm32f4xx_hal_can.o
    0x0800181c   0x00000124   Code   RO          735    i.HAL_CAN_ConfigFilter  stm32f4xx_hal_can.o
    0x08001940   0x00000002   Code   RO          738    i.HAL_CAN_ErrorCallback  stm32f4xx_hal_can.o
    0x08001942   0x0000017c   Code   RO          741    i.HAL_CAN_GetRxMessage  stm32f4xx_hal_can.o
    0x08001abe   0x0000024e   Code   RO          745    i.HAL_CAN_IRQHandler  stm32f4xx_hal_can.o
    0x08001d0c   0x00000174   Code   RO          746    i.HAL_CAN_Init      stm32f4xx_hal_can.o
    0x08001e80   0x000000b8   Code   RO          330    i.HAL_CAN_MspInit   can.o
    0x08001f38   0x00000002   Code   RO          753    i.HAL_CAN_RxFifo0FullCallback  stm32f4xx_hal_can.o
    0x08001f3a   0x00000002   PAD
    0x08001f3c   0x00000108   Code   RO         6852    i.HAL_CAN_RxFifo0MsgPendingCallback  motorsmiddleware.o
    0x08002044   0x00000002   Code   RO          755    i.HAL_CAN_RxFifo1FullCallback  stm32f4xx_hal_can.o
    0x08002046   0x00000002   Code   RO          756    i.HAL_CAN_RxFifo1MsgPendingCallback  stm32f4xx_hal_can.o
    0x08002048   0x00000002   Code   RO          757    i.HAL_CAN_SleepCallback  stm32f4xx_hal_can.o
    0x0800204a   0x0000005e   Code   RO          758    i.HAL_CAN_Start     stm32f4xx_hal_can.o
    0x080020a8   0x00000002   Code   RO          760    i.HAL_CAN_TxMailbox0AbortCallback  stm32f4xx_hal_can.o
    0x080020aa   0x00000002   Code   RO          761    i.HAL_CAN_TxMailbox0CompleteCallback  stm32f4xx_hal_can.o
    0x080020ac   0x00000002   Code   RO          762    i.HAL_CAN_TxMailbox1AbortCallback  stm32f4xx_hal_can.o
    0x080020ae   0x00000002   Code   RO          763    i.HAL_CAN_TxMailbox1CompleteCallback  stm32f4xx_hal_can.o
    0x080020b0   0x00000002   Code   RO          764    i.HAL_CAN_TxMailbox2AbortCallback  stm32f4xx_hal_can.o
    0x080020b2   0x00000002   Code   RO          765    i.HAL_CAN_TxMailbox2CompleteCallback  stm32f4xx_hal_can.o
    0x080020b4   0x00000002   Code   RO          767    i.HAL_CAN_WakeUpFromRxMsgCallback  stm32f4xx_hal_can.o
    0x080020b6   0x000000aa   Code   RO         1473    i.HAL_DMA_Abort     stm32f4xx_hal_dma.o
    0x08002160   0x00000240   Code   RO         1478    i.HAL_DMA_IRQHandler  stm32f4xx_hal_dma.o
    0x080023a0   0x000000ec   Code   RO         1479    i.HAL_DMA_Init      stm32f4xx_hal_dma.o
    0x0800248c   0x0000009e   Code   RO         1483    i.HAL_DMA_Start_IT  stm32f4xx_hal_dma.o
    0x0800252a   0x00000002   PAD
    0x0800252c   0x00000028   Code   RO         1897    i.HAL_Delay         stm32f4xx_hal.o
    0x08002554   0x000000d4   Code   RO         5952    i.HAL_GPIO_EXTI_Callback  ins_task.o
    0x08002628   0x0000001c   Code   RO         1365    i.HAL_GPIO_EXTI_IRQHandler  stm32f4xx_hal_gpio.o
    0x08002644   0x00000200   Code   RO         1366    i.HAL_GPIO_Init     stm32f4xx_hal_gpio.o
    0x08002844   0x0000000c   Code   RO         1370    i.HAL_GPIO_WritePin  stm32f4xx_hal_gpio.o
    0x08002850   0x0000000c   Code   RO         1903    i.HAL_GetTick       stm32f4xx_hal.o
    0x0800285c   0x000001b8   Code   RO         2156    i.HAL_I2C_Init      stm32f4xx_hal_i2c.o
    0x08002a14   0x000002f4   Code   RO         2174    i.HAL_I2C_Mem_Read  stm32f4xx_hal_i2c.o
    0x08002d08   0x00000164   Code   RO         2177    i.HAL_I2C_Mem_Write  stm32f4xx_hal_i2c.o
    0x08002e6c   0x000000c8   Code   RO          396    i.HAL_I2C_MspInit   i2c.o
    0x08002f34   0x00000018   Code   RO         1909    i.HAL_IncTick       stm32f4xx_hal.o
    0x08002f4c   0x0000003c   Code   RO         1910    i.HAL_Init          stm32f4xx_hal.o
    0x08002f88   0x0000004c   Code   RO         1911    i.HAL_InitTick      stm32f4xx_hal.o
    0x08002fd4   0x00000054   Code   RO          708    i.HAL_MspInit       stm32f4xx_hal_msp.o
    0x08003028   0x00000020   Code   RO         1755    i.HAL_NVIC_EnableIRQ  stm32f4xx_hal_cortex.o
    0x08003048   0x0000007c   Code   RO         1761    i.HAL_NVIC_SetPriority  stm32f4xx_hal_cortex.o
    0x080030c4   0x00000028   Code   RO         1762    i.HAL_NVIC_SetPriorityGrouping  stm32f4xx_hal_cortex.o
    0x080030ec   0x00000180   Code   RO          967    i.HAL_RCC_ClockConfig  stm32f4xx_hal_rcc.o
    0x0800326c   0x0000000c   Code   RO          972    i.HAL_RCC_GetHCLKFreq  stm32f4xx_hal_rcc.o
    0x08003278   0x00000020   Code   RO          974    i.HAL_RCC_GetPCLK1Freq  stm32f4xx_hal_rcc.o
    0x08003298   0x00000020   Code   RO          975    i.HAL_RCC_GetPCLK2Freq  stm32f4xx_hal_rcc.o
    0x080032b8   0x000000b0   Code   RO          976    i.HAL_RCC_GetSysClockFreq  stm32f4xx_hal_rcc.o
    0x08003368   0x00000448   Code   RO          979    i.HAL_RCC_OscConfig  stm32f4xx_hal_rcc.o
    0x080037b0   0x0000008c   Code   RO         2636    i.HAL_SPI_Init      stm32f4xx_hal_spi.o
    0x0800383c   0x00000158   Code   RO          438    i.HAL_SPI_MspInit   spi.o
    0x08003994   0x0000022a   Code   RO         2645    i.HAL_SPI_TransmitReceive  stm32f4xx_hal_spi.o
    0x08003bbe   0x00000034   Code   RO         1766    i.HAL_SYSTICK_Config  stm32f4xx_hal_cortex.o
    0x08003bf2   0x00000074   Code   RO         3638    i.HAL_TIMEx_ConfigBreakDeadTime  stm32f4xx_hal_tim_ex.o
    0x08003c66   0x00000054   Code   RO         3653    i.HAL_TIMEx_MasterConfigSynchronization  stm32f4xx_hal_tim_ex.o
    0x08003cba   0x00000034   Code   RO         2949    i.HAL_TIM_Base_Init  stm32f4xx_hal_tim.o
    0x08003cee   0x00000002   PAD
    0x08003cf0   0x00000064   Code   RO          480    i.HAL_TIM_Base_MspInit  tim.o
    0x08003d54   0x0000002a   Code   RO         2952    i.HAL_TIM_Base_Start  stm32f4xx_hal_tim.o
    0x08003d7e   0x00000108   Code   RO         2958    i.HAL_TIM_ConfigClockSource  stm32f4xx_hal_tim.o
    0x08003e86   0x00000002   PAD
    0x08003e88   0x00000130   Code   RO          481    i.HAL_TIM_MspPostInit  tim.o
    0x08003fb8   0x00000108   Code   RO         3016    i.HAL_TIM_PWM_ConfigChannel  stm32f4xx_hal_tim.o
    0x080040c0   0x00000034   Code   RO         3019    i.HAL_TIM_PWM_Init  stm32f4xx_hal_tim.o
    0x080040f4   0x00000034   Code   RO          483    i.HAL_TIM_PWM_MspInit  tim.o
    0x08004128   0x00000058   Code   RO         3024    i.HAL_TIM_PWM_Start  stm32f4xx_hal_tim.o
    0x08004180   0x00000066   Code   RO         3905    i.HAL_UART_DMAStop  stm32f4xx_hal_uart.o
    0x080041e6   0x00000002   Code   RO         3907    i.HAL_UART_ErrorCallback  stm32f4xx_hal_uart.o
    0x080041e8   0x00000072   Code   RO         3911    i.HAL_UART_Init     stm32f4xx_hal_uart.o
    0x0800425a   0x00000002   PAD
    0x0800425c   0x000000d4   Code   RO          552    i.HAL_UART_MspInit  usart.o
    0x08004330   0x000000c4   Code   RO         3915    i.HAL_UART_Receive_DMA  stm32f4xx_hal_uart.o
    0x080043f4   0x0000002c   Code   RO         6813    i.HAL_UART_RxCpltCallback  remotemiddleware.o
    0x08004420   0x00000002   Code   RO         3918    i.HAL_UART_RxHalfCpltCallback  stm32f4xx_hal_uart.o
    0x08004422   0x00000004   Code   RO          606    i.HardFault_Handler  stm32f4xx_it.o
    0x08004426   0x0000003e   Code   RO         2199    i.I2C_IsAcknowledgeFailed  stm32f4xx_hal_i2c.o
    0x08004464   0x00000138   Code   RO         2209    i.I2C_RequestMemoryRead  stm32f4xx_hal_i2c.o
    0x0800459c   0x000000cc   Code   RO         2210    i.I2C_RequestMemoryWrite  stm32f4xx_hal_i2c.o
    0x08004668   0x0000005c   Code   RO         2218    i.I2C_WaitOnBTFFlagUntilTimeout  stm32f4xx_hal_i2c.o
    0x080046c4   0x00000086   Code   RO         2219    i.I2C_WaitOnFlagUntilTimeout  stm32f4xx_hal_i2c.o
    0x0800474a   0x000000c4   Code   RO         2220    i.I2C_WaitOnMasterAddressFlagUntilTimeout  stm32f4xx_hal_i2c.o
    0x0800480e   0x00000080   Code   RO         2221    i.I2C_WaitOnRXNEFlagUntilTimeout  stm32f4xx_hal_i2c.o
    0x0800488e   0x0000005c   Code   RO         2223    i.I2C_WaitOnTXEFlagUntilTimeout  stm32f4xx_hal_i2c.o
    0x080048ea   0x00000002   PAD
    0x080048ec   0x00000174   Code   RO         5953    i.INS_task          ins_task.o
    0x08004a60   0x00000044   Code   RO          331    i.MX_CAN1_Init      can.o
    0x08004aa4   0x00000078   Code   RO          371    i.MX_DMA_Init       dma.o
    0x08004b1c   0x00000098   Code   RO          261    i.MX_FREERTOS_Init  freertos.o
    0x08004bb4   0x000001e0   Code   RO          237    i.MX_GPIO_Init      gpio.o
    0x08004d94   0x0000003c   Code   RO          397    i.MX_I2C3_Init      i2c.o
    0x08004dd0   0x00000048   Code   RO          439    i.MX_SPI1_Init      spi.o
    0x08004e18   0x0000006c   Code   RO          484    i.MX_TIM10_Init     tim.o
    0x08004e84   0x000000c4   Code   RO          485    i.MX_TIM5_Init      tim.o
    0x08004f48   0x000000b0   Code   RO          486    i.MX_TIM8_Init      tim.o
    0x08004ff8   0x00000048   Code   RO          553    i.MX_USART3_UART_Init  usart.o
    0x08005040   0x000005ac   Code   RO         6258    i.MahonyAHRSupdate  mahonyahrs.o
    0x080055ec   0x000002fc   Code   RO         6259    i.MahonyAHRSupdateIMU  mahonyahrs.o
    0x080058e8   0x00000004   Code   RO          607    i.MemManage_Handler  stm32f4xx_it.o
    0x080058ec   0x0000002c   Code   RO         6412    i.MotorController_combine  rmotors_controller.o
    0x08005918   0x00000002   Code   RO          608    i.NMI_Handler       stm32f4xx_it.o
    0x0800591a   0x00000002   PAD
    0x0800591c   0x000001f0   Code   RO         6373    i.PID_calc          pid.o
    0x08005b0c   0x00000060   Code   RO         6375    i.PID_init          pid.o
    0x08005b6c   0x0000273c   Code   RO         5915    i.SPI1_DMA_enable   bsp_spi.o
    0x080082a8   0x00000180   Code   RO         5916    i.SPI1_DMA_init     bsp_spi.o
    0x08008428   0x0000006c   Code   RO         2674    i.SPI_EndRxTxTransaction  stm32f4xx_hal_spi.o
    0x08008494   0x000000a8   Code   RO         2679    i.SPI_WaitFlagStateUntilTimeout  stm32f4xx_hal_spi.o
    0x0800853c   0x00000014   Code   RO          609    i.SysTick_Handler   stm32f4xx_it.o
    0x08008550   0x000000b4   Code   RO           14    i.SystemClock_Config  main.o
    0x08008604   0x00000064   Code   RO         4218    i.SystemInit        system_stm32f4xx.o
    0x08008668   0x000000d8   Code   RO         3037    i.TIM_Base_SetConfig  stm32f4xx_hal_tim.o
    0x08008740   0x00000022   Code   RO         3038    i.TIM_CCxChannelCmd  stm32f4xx_hal_tim.o
    0x08008762   0x00000016   Code   RO         3048    i.TIM_ETR_SetConfig  stm32f4xx_hal_tim.o
    0x08008778   0x00000012   Code   RO         3049    i.TIM_ITRx_SetConfig  stm32f4xx_hal_tim.o
    0x0800878a   0x00000002   PAD
    0x0800878c   0x00000070   Code   RO         3050    i.TIM_OC1_SetConfig  stm32f4xx_hal_tim.o
    0x080087fc   0x0000007c   Code   RO         3051    i.TIM_OC2_SetConfig  stm32f4xx_hal_tim.o
    0x08008878   0x00000078   Code   RO         3052    i.TIM_OC3_SetConfig  stm32f4xx_hal_tim.o
    0x080088f0   0x00000054   Code   RO         3053    i.TIM_OC4_SetConfig  stm32f4xx_hal_tim.o
    0x08008944   0x00000026   Code   RO         3055    i.TIM_TI1_ConfigInputStage  stm32f4xx_hal_tim.o
    0x0800896a   0x00000028   Code   RO         3057    i.TIM_TI2_ConfigInputStage  stm32f4xx_hal_tim.o
    0x08008992   0x00000050   Code   RO         3925    i.UART_DMAError     stm32f4xx_hal_uart.o
    0x080089e2   0x00000046   Code   RO         3926    i.UART_DMAReceiveCplt  stm32f4xx_hal_uart.o
    0x08008a28   0x0000000e   Code   RO         3928    i.UART_DMARxHalfCplt  stm32f4xx_hal_uart.o
    0x08008a36   0x00000020   Code   RO         3934    i.UART_EndRxTransfer  stm32f4xx_hal_uart.o
    0x08008a56   0x00000014   Code   RO         3936    i.UART_EndTxTransfer  stm32f4xx_hal_uart.o
    0x08008a6a   0x00000002   PAD
    0x08008a6c   0x00000368   Code   RO         3938    i.UART_SetConfig    stm32f4xx_hal_uart.o
    0x08008dd4   0x00000004   Code   RO          610    i.UsageFault_Handler  stm32f4xx_it.o
    0x08008dd8   0x00000026   Code   RO         7015    i.__ARM_fpclassifyf  m_wm.l(fpclassifyf.o)
    0x08008dfe   0x00000002   PAD
    0x08008e00   0x00000010   Code   RO         1768    i.__NVIC_GetPriorityGrouping  stm32f4xx_hal_cortex.o
    0x08008e10   0x00000028   Code   RO         1769    i.__NVIC_SetPriority  stm32f4xx_hal_cortex.o
    0x08008e38   0x0000012c   Code   RO         6957    i.__hardfp_asinf    m_wm.l(asinf.o)
    0x08008f64   0x00000250   Code   RO         6969    i.__hardfp_atan2f   m_wm.l(atan2f.o)
    0x080091b4   0x0000007a   Code   RO         6981    i.__hardfp_sqrt     m_wm.l(sqrt.o)
    0x0800922e   0x00000006   Code   RO         7018    i.__mathlib_flt_infnan  m_wm.l(funder.o)
    0x08009234   0x00000006   Code   RO         7019    i.__mathlib_flt_infnan2  m_wm.l(funder.o)
    0x0800923a   0x00000002   PAD
    0x0800923c   0x00000010   Code   RO         7020    i.__mathlib_flt_invalid  m_wm.l(funder.o)
    0x0800924c   0x00000010   Code   RO         7023    i.__mathlib_flt_underflow  m_wm.l(funder.o)
    0x0800925c   0x00000068   Code   RO         5886    i.aRGB_led_show     bsp_led.o
    0x080092c4   0x00000134   Code   RO         6477    i.bmi088_accel_init  bmi088driver.o
    0x080093f8   0x000002fc   Code   RO         6478    i.bmi088_accel_self_test  bmi088driver.o
    0x080096f4   0x000000f4   Code   RO         6479    i.bmi088_gyro_init  bmi088driver.o
    0x080097e8   0x000000d0   Code   RO         6480    i.bmi088_gyro_self_test  bmi088driver.o
    0x080098b8   0x0000007c   Code   RO         6413    i.charge_motors_control  rmotors_controller.o
    0x08009934   0x00000030   Code   RO         5749    i.delay_init        bsp_delay.o
    0x08009964   0x00000050   Code   RO         5751    i.delay_us          bsp_delay.o
    0x080099b4   0x0000004c   Code   RO         6290    i.first_order_filter_cali  user_lib.o
    0x08009a00   0x00000038   Code   RO         6291    i.first_order_filter_init  user_lib.o
    0x08009a38   0x000000dc   Code   RO         5954    i.get_angle         ins_task.o
    0x08009b14   0x000001a8   Code   RO         5955    i.imu_cmd_spi_dma   ins_task.o
    0x08009cbc   0x0000000c   Code   RO         5858    i.imu_pwm_set       bsp_imu_pwm.o
    0x08009cc8   0x000000a4   Code   RO         5956    i.imu_temp_control  ins_task.o
    0x08009d6c   0x0000003c   Code   RO         6260    i.invSqrt           mahonyahrs.o
    0x08009da8   0x00000002   Code   RO         6732    i.ist8310_GPIO_init  ist8310driver_middleware.o
    0x08009daa   0x00000002   PAD
    0x08009dac   0x00000024   Code   RO         6733    i.ist8310_IIC_read_muli_reg  ist8310driver_middleware.o
    0x08009dd0   0x00000028   Code   RO         6734    i.ist8310_IIC_read_single_reg  ist8310driver_middleware.o
    0x08009df8   0x00000028   Code   RO         6736    i.ist8310_IIC_write_single_reg  ist8310driver_middleware.o
    0x08009e20   0x00000014   Code   RO         6737    i.ist8310_RST_H     ist8310driver_middleware.o
    0x08009e34   0x00000014   Code   RO         6738    i.ist8310_RST_L     ist8310driver_middleware.o
    0x08009e48   0x00000002   Code   RO         6739    i.ist8310_com_init  ist8310driver_middleware.o
    0x08009e4a   0x0000000c   Code   RO         6740    i.ist8310_delay_ms  ist8310driver_middleware.o
    0x08009e56   0x00000002   PAD
    0x08009e58   0x00000094   Code   RO         6697    i.ist8310_init      ist8310driver.o
    0x08009eec   0x0000008c   Code   RO         6698    i.ist8310_read_mag  ist8310driver.o
    0x08009f78   0x000001b0   Code   RO         6137    i.led_RGB_flow_task  led_flow_task.o
    0x0800a128   0x00000050   Code   RO           15    i.main              main.o
    0x0800a178   0x0000000e   Code   RO         5241    i.makeFreeRtosPriority  cmsis_os.o
    0x0800a186   0x00000002   PAD
    0x0800a188   0x0000004c   Code   RO         6854    i.motor_can_filter_init  motorsmiddleware.o
    0x0800a1d4   0x0000008c   Code   RO         6414    i.motors_PID_Filter_init  rmotors_controller.o
    0x0800a260   0x00000018   Code   RO         5243    i.osDelay           cmsis_os.o
    0x0800a278   0x0000000a   Code   RO         5246    i.osKernelStart     cmsis_os.o
    0x0800a282   0x0000005e   Code   RO         5280    i.osThreadCreate    cmsis_os.o
    0x0800a2e0   0x00000030   Code   RO         4738    i.pcTaskGetName     tasks.o
    0x0800a310   0x000000a4   Code   RO         4739    i.prvAddCurrentTaskToDelayedList  tasks.o
    0x0800a3b4   0x000000b4   Code   RO         4740    i.prvAddNewTaskToReadyList  tasks.o
    0x0800a468   0x00000074   Code   RO         5088    i.prvCheckForValidListAndQueue  timers.o
    0x0800a4dc   0x00000048   Code   RO         4741    i.prvCheckTasksWaitingTermination  tasks.o
    0x0800a524   0x0000002a   Code   RO         4395    i.prvCopyDataFromQueue  queue.o
    0x0800a54e   0x0000007c   Code   RO         4396    i.prvCopyDataToQueue  queue.o
    0x0800a5ca   0x00000050   Code   RO         4742    i.prvDeleteTCB      tasks.o
    0x0800a61a   0x00000002   PAD
    0x0800a61c   0x00000028   Code   RO         5089    i.prvGetNextExpireTime  timers.o
    0x0800a644   0x0000007c   Code   RO         5620    i.prvHeapInit       heap_4.o
    0x0800a6c0   0x00000028   Code   RO         4743    i.prvIdleTask       tasks.o
    0x0800a6e8   0x00000026   Code   RO         4399    i.prvInitialiseNewQueue  queue.o
    0x0800a70e   0x000000b8   Code   RO         4744    i.prvInitialiseNewTask  tasks.o
    0x0800a7c6   0x00000002   PAD
    0x0800a7c8   0x00000068   Code   RO         4745    i.prvInitialiseTaskLists  tasks.o
    0x0800a830   0x00000068   Code   RO         5621    i.prvInsertBlockIntoFreeList  heap_4.o
    0x0800a898   0x00000058   Code   RO         5091    i.prvInsertTimerInActiveList  timers.o
    0x0800a8f0   0x0000001a   Code   RO         4400    i.prvIsQueueEmpty   queue.o
    0x0800a90a   0x0000001e   Code   RO         4401    i.prvIsQueueFull    queue.o
    0x0800a928   0x00000064   Code   RO         5092    i.prvProcessExpiredTimer  timers.o
    0x0800a98c   0x00000128   Code   RO         5093    i.prvProcessReceivedCommands  timers.o
    0x0800aab4   0x00000074   Code   RO         5094    i.prvProcessTimerOrBlockTask  timers.o
    0x0800ab28   0x00000034   Code   RO         4746    i.prvResetNextTaskUnblockTime  tasks.o
    0x0800ab5c   0x0000002c   Code   RO         5095    i.prvSampleTimeNow  timers.o
    0x0800ab88   0x0000009e   Code   RO         4747    i.prvSearchForNameWithinSingleList  tasks.o
    0x0800ac26   0x00000002   PAD
    0x0800ac28   0x000000a0   Code   RO         5096    i.prvSwitchTimerLists  timers.o
    0x0800acc8   0x00000040   Code   RO         5670    i.prvTaskExitError  port.o
    0x0800ad08   0x0000001a   Code   RO         5097    i.prvTimerTask      timers.o
    0x0800ad22   0x0000007e   Code   RO         4402    i.prvUnlockQueue    queue.o
    0x0800ada0   0x0000013c   Code   RO         5622    i.pvPortMalloc      heap_4.o
    0x0800aedc   0x0000002c   Code   RO         5671    i.pxPortInitialiseStack  port.o
    0x0800af08   0x0000000e   Code   RO         6896    i.servo_PWM_init    servomiddleware.o
    0x0800af16   0x0000003e   Code   RO         7033    i.sqrtf             m_wm.l(sqrtf.o)
    0x0800af54   0x00000048   Code   RO         6196    i.test_task         test_task.o
    0x0800af9c   0x00000074   Code   RO         4751    i.ulTaskNotifyTake  tasks.o
    0x0800b010   0x00000028   Code   RO         4355    i.uxListRemove      list.o
    0x0800b038   0x00000018   Code   RO          263    i.vApplicationGetIdleTaskMemory  freertos.o
    0x0800b050   0x00000018   Code   RO          264    i.vApplicationGetTimerTaskMemory  freertos.o
    0x0800b068   0x0000001a   Code   RO         4356    i.vListInitialise   list.o
    0x0800b082   0x00000006   Code   RO         4357    i.vListInitialiseItem  list.o
    0x0800b088   0x00000034   Code   RO         4358    i.vListInsert       list.o
    0x0800b0bc   0x00000018   Code   RO         4359    i.vListInsertEnd    list.o
    0x0800b0d4   0x00000054   Code   RO         5673    i.vPortEnterCritical  port.o
    0x0800b128   0x0000003c   Code   RO         5674    i.vPortExitCritical  port.o
    0x0800b164   0x00000094   Code   RO         5623    i.vPortFree         heap_4.o
    0x0800b1f8   0x00000028   Code   RO         5675    i.vPortSetupTimerInterrupt  port.o
    0x0800b220   0x00000078   Code   RO         5676    i.vPortValidateInterruptPriority  port.o
    0x0800b298   0x0000002c   Code   RO         4406    i.vQueueAddToRegistry  queue.o
    0x0800b2c4   0x0000004a   Code   RO         4409    i.vQueueWaitForMessageRestricted  queue.o
    0x0800b30e   0x00000002   PAD
    0x0800b310   0x0000005c   Code   RO         4757    i.vTaskDelay        tasks.o
    0x0800b36c   0x00000018   Code   RO         4761    i.vTaskInternalSetTimeOutState  tasks.o
    0x0800b384   0x0000000c   Code   RO         4762    i.vTaskMissedYield  tasks.o
    0x0800b390   0x000000f0   Code   RO         4763    i.vTaskNotifyGiveFromISR  tasks.o
    0x0800b480   0x00000038   Code   RO         4764    i.vTaskPlaceOnEventList  tasks.o
    0x0800b4b8   0x00000040   Code   RO         4765    i.vTaskPlaceOnEventListRestricted  tasks.o
    0x0800b4f8   0x000000b8   Code   RO         4772    i.vTaskStartScheduler  tasks.o
    0x0800b5b0   0x00000010   Code   RO         4774    i.vTaskSuspendAll   tasks.o
    0x0800b5c0   0x0000008c   Code   RO         4775    i.vTaskSwitchContext  tasks.o
    0x0800b64c   0x00000168   Code   RO         5677    i.xPortStartScheduler  port.o
    0x0800b7b4   0x00000034   Code   RO         5678    i.xPortSysTickHandler  port.o
    0x0800b7e8   0x000000de   Code   RO         4413    i.xQueueGenericCreateStatic  queue.o
    0x0800b8c6   0x00000002   PAD
    0x0800b8c8   0x00000098   Code   RO         4414    i.xQueueGenericReset  queue.o
    0x0800b960   0x000001a8   Code   RO         4415    i.xQueueGenericSend  queue.o
    0x0800bb08   0x000000f8   Code   RO         4416    i.xQueueGenericSendFromISR  queue.o
    0x0800bc00   0x00000168   Code   RO         4424    i.xQueueReceive     queue.o
    0x0800bd68   0x000000a8   Code   RO         4777    i.xTaskCheckForTimeOut  tasks.o
    0x0800be10   0x00000064   Code   RO         4778    i.xTaskCreate       tasks.o
    0x0800be74   0x000000b8   Code   RO         4779    i.xTaskCreateStatic  tasks.o
    0x0800bf2c   0x000000a4   Code   RO         4783    i.xTaskGetHandle    tasks.o
    0x0800bfd0   0x00000020   Code   RO         4784    i.xTaskGetSchedulerState  tasks.o
    0x0800bff0   0x0000000c   Code   RO         4785    i.xTaskGetTickCount  tasks.o
    0x0800bffc   0x00000148   Code   RO         4787    i.xTaskIncrementTick  tasks.o
    0x0800c144   0x000000c8   Code   RO         4790    i.xTaskPriorityDisinherit  tasks.o
    0x0800c20c   0x00000098   Code   RO         4792    i.xTaskRemoveFromEventList  tasks.o
    0x0800c2a4   0x00000104   Code   RO         4793    i.xTaskResumeAll    tasks.o
    0x0800c3a8   0x00000078   Code   RO         5102    i.xTimerCreateTimerTask  timers.o
    0x0800c420   0x00000084   Code   RO         5103    i.xTimerGenericCommand  timers.o
    0x0800c4a4   0x00000062   Code   RO         6945    x$fpl$d2f           fz_wm.l(d2f.o)
    0x0800c506   0x00000026   Code   RO         6947    x$fpl$dfltu         fz_wm.l(dflt_clz.o)
    0x0800c52c   0x00000154   Code   RO         6953    x$fpl$dmul          fz_wm.l(dmul.o)
    0x0800c680   0x0000009c   Code   RO         7004    x$fpl$dnaninf       fz_wm.l(dnaninf.o)
    0x0800c71c   0x0000000c   Code   RO         7006    x$fpl$dretinf       fz_wm.l(dretinf.o)
    0x0800c728   0x00000198   Code   RO         7008    x$fpl$dsqrt         fz_wm.l(dsqrt_umaal.o)
    0x0800c8c0   0x00000056   Code   RO         6955    x$fpl$f2d           fz_wm.l(f2d.o)
    0x0800c916   0x0000008c   Code   RO         7010    x$fpl$fnaninf       fz_wm.l(fnaninf.o)
    0x0800c9a2   0x0000000a   Code   RO         7152    x$fpl$fpinit        fz_wm.l(fpinit.o)
    0x0800c9ac   0x0000000a   Code   RO         7012    x$fpl$fretinf       fz_wm.l(fretinf.o)
    0x0800c9b6   0x00000000   Code   RO         7014    x$fpl$usenofp       fz_wm.l(usenofp.o)
    0x0800c9b6   0x00000002   PAD
    0x0800c9b8   0x0000008c   Data   RO          266    .constdata          freertos.o
    0x0800ca44   0x00000008   Data   RO         1485    .constdata          stm32f4xx_hal_dma.o
    0x0800ca4c   0x00000018   Data   RO         4219    .constdata          system_stm32f4xx.o
    0x0800ca64   0x0000000c   Data   RO         5958    .constdata          ins_task.o
    0x0800ca70   0x00000018   Data   RO         6416    .constdata          rmotors_controller.o
    0x0800ca88   0x00000012   Data   RO         6485    .constdata          bmi088driver.o
    0x0800ca9a   0x0000000c   Data   RO         6700    .constdata          ist8310driver.o
    0x0800caa6   0x00000002   PAD
    0x0800caa8   0x00000029   Data   RO          267    .conststring        freertos.o
    0x0800cad1   0x00000003   PAD
    0x0800cad4   0x00000000   Data   RO         7207    Region$$Table       anon$$obj.o


    Execution Region RW_IRAM1 (Base: 0x20000000, Size: 0x0000b0b0, Max: 0x0001c000, ABSOLUTE)

    Base Addr    Size         Type   Attr      Idx    E Section Name        Object

    0x20000000   0x00000014   Data   RW          268    .data               freertos.o
    0x20000014   0x00000009   Data   RW         1917    .data               stm32f4xx_hal.o
    0x2000001d   0x00000003   PAD
    0x20000020   0x00000004   Data   RW         4220    .data               system_stm32f4xx.o
    0x20000024   0x0000003c   Data   RW         4796    .data               tasks.o
    0x20000060   0x00000014   Data   RW         5111    .data               timers.o
    0x20000074   0x00000018   Data   RW         5628    .data               heap_4.o
    0x2000008c   0x0000000c   Data   RW         5679    .data               port.o
    0x20000098   0x00000008   Data   RW         5752    .data               bsp_delay.o
    0x200000a0   0x00000008   Data   RW         5887    .data               bsp_led.o
    0x200000a8   0x00000030   Data   RW         5959    .data               ins_task.o
    0x200000d8   0x0000001c   Data   RW         6138    .data               led_flow_task.o
    0x200000f4   0x00000014   Data   RW         6261    .data               mahonyahrs.o
    0x20000108   0x00000008   Data   RW         6417    .data               rmotors_controller.o
    0x20000110   0x0000002c   Data   RW         6486    .data               bmi088driver.o
    0x2000013c   0x000006a8   Zero   RW          265    .bss                freertos.o
    0x200007e4   0x00000028   Zero   RW          332    .bss                can.o
    0x2000080c   0x00000054   Zero   RW          398    .bss                i2c.o
    0x20000860   0x00000118   Zero   RW          440    .bss                spi.o
    0x20000978   0x000000c0   Zero   RW          487    .bss                tim.o
    0x20000a38   0x000000a0   Zero   RW          554    .bss                usart.o
    0x20000ad8   0x00000040   Zero   RW         4427    .bss                queue.o
    0x20000b18   0x000000f0   Zero   RW         4795    .bss                tasks.o
    0x20000c08   0x00000110   Zero   RW         5110    .bss                timers.o
    0x20000d18   0x00006000   Zero   RW         5627    .bss                heap_4.o
    0x20006d18   0x000000a4   Zero   RW         5957    .bss                ins_task.o
    0x20006dbc   0x00000200   Zero   RW         6415    .bss                rmotors_controller.o
    0x20006fbc   0x00000048   Zero   RW         6814    .bss                remotemiddleware.o
    0x20007004   0x00000048   Zero   RW         6855    .bss                motorsmiddleware.o
    0x2000704c   0x00000060   Zero   RW         7068    .bss                c_w.l(libspace.o)
    0x200070ac   0x00000004   PAD
    0x200070b0   0x00002000   Zero   RW            2    HEAP                startup_stm32f407xx.o
    0x200090b0   0x00002000   Zero   RW            1    STACK               startup_stm32f407xx.o


    Execution Region RW_IRAM2 (Base: 0x2001c000, Size: 0x00000000, Max: 0x00004000, ABSOLUTE)

    **** No section assigned to this execution region ****

